Component: ARM Compiler 5.06 update 6 (build 750) Tool: armlink [4d35ed]

==============================================================================

Section Cross References

    startup_stm32f410rx.o(STACK) refers (Special) to heapauxi.o(.text) for __use_two_region_memory
    startup_stm32f410rx.o(HEAP) refers (Special) to heapauxi.o(.text) for __use_two_region_memory
    startup_stm32f410rx.o(RESET) refers (Special) to heapauxi.o(.text) for __use_two_region_memory
    startup_stm32f410rx.o(RESET) refers to startup_stm32f410rx.o(STACK) for __initial_sp
    startup_stm32f410rx.o(RESET) refers to startup_stm32f410rx.o(.text) for Reset_Handler
    startup_stm32f410rx.o(RESET) refers to stm32f4xx_it.o(i.NMI_Handler) for NMI_Handler
    startup_stm32f410rx.o(RESET) refers to stm32f4xx_it.o(i.HardFault_Handler) for HardFault_Handler
    startup_stm32f410rx.o(RESET) refers to stm32f4xx_it.o(i.MemManage_Handler) for MemManage_Handler
    startup_stm32f410rx.o(RESET) refers to stm32f4xx_it.o(i.BusFault_Handler) for BusFault_Handler
    startup_stm32f410rx.o(RESET) refers to stm32f4xx_it.o(i.UsageFault_Handler) for UsageFault_Handler
    startup_stm32f410rx.o(RESET) refers to stm32f4xx_it.o(i.SVC_Handler) for SVC_Handler
    startup_stm32f410rx.o(RESET) refers to stm32f4xx_it.o(i.DebugMon_Handler) for DebugMon_Handler
    startup_stm32f410rx.o(RESET) refers to stm32f4xx_it.o(i.PendSV_Handler) for PendSV_Handler
    startup_stm32f410rx.o(RESET) refers to stm32f4xx_it.o(i.SysTick_Handler) for SysTick_Handler
    startup_stm32f410rx.o(RESET) refers to stm32f4xx_it.o(i.USART1_IRQHandler) for USART1_IRQHandler
    startup_stm32f410rx.o(.text) refers (Special) to heapauxi.o(.text) for __use_two_region_memory
    startup_stm32f410rx.o(.text) refers to system_stm32f4xx.o(i.SystemInit) for SystemInit
    startup_stm32f410rx.o(.text) refers to __main.o(!!!main) for __main
    startup_stm32f410rx.o(.text) refers to startup_stm32f410rx.o(HEAP) for Heap_Mem
    startup_stm32f410rx.o(.text) refers to startup_stm32f410rx.o(STACK) for Stack_Mem
    main_1.o(.ARM.exidx) refers to main_1.o(.rev16_text) for __asm___6_main_c_main___ZN23_INTERNAL_6_main_c_main7__REV16Ej
    main_1.o(.ARM.exidx) refers to main_1.o(.revsh_text) for __asm___6_main_c_main___ZN23_INTERNAL_6_main_c_main7__REVSHEi
    main_1.o(.ARM.exidx) refers to main_1.o(.rrx_text) for __asm___6_main_c_main___ZN23_INTERNAL_6_main_c_main5__RRXEj
    main_1.o(i._Z18SystemClock_Configv) refers to stm32f4xx_hal_rcc_ex.o(i.HAL_RCC_OscConfig) for HAL_RCC_OscConfig
    main_1.o(i._Z18SystemClock_Configv) refers to stm32f4xx_hal_rcc.o(i.HAL_RCC_ClockConfig) for HAL_RCC_ClockConfig
    main_1.o(i._Z18SystemClock_Configv) refers to stm32f4xx_hal_rcc.o(i.HAL_RCC_GetHCLKFreq) for HAL_RCC_GetHCLKFreq
    main_1.o(i._Z18SystemClock_Configv) refers to stm32f4xx_hal_cortex.o(i.HAL_SYSTICK_Config) for HAL_SYSTICK_Config
    main_1.o(i._Z18SystemClock_Configv) refers to stm32f4xx_hal_cortex.o(i.HAL_SYSTICK_CLKSourceConfig) for HAL_SYSTICK_CLKSourceConfig
    main_1.o(i._Z18SystemClock_Configv) refers to stm32f4xx_hal_cortex.o(i.HAL_NVIC_SetPriority) for HAL_NVIC_SetPriority
    main_1.o(i._ZN23_INTERNAL_6_main_c_main19MX_USART1_UART_InitEv) refers to stm32f4xx_hal_uart.o(i.HAL_UART_Init) for HAL_UART_Init
    main_1.o(i._ZN23_INTERNAL_6_main_c_main19MX_USART1_UART_InitEv) refers to main_1.o(.bss) for .bss
    main_1.o(i.main) refers to stm32f4xx_hal.o(i.HAL_Init) for HAL_Init
    main_1.o(i.main) refers to main_1.o(i._Z18SystemClock_Configv) for SystemClock_Config()
    main_1.o(i.main) refers to stm32f4xx_hal_gpio.o(i.HAL_GPIO_WritePin) for HAL_GPIO_WritePin
    main_1.o(i.main) refers to stm32f4xx_hal_gpio.o(i.HAL_GPIO_Init) for HAL_GPIO_Init
    main_1.o(i.main) refers to main_1.o(i._ZN23_INTERNAL_6_main_c_main19MX_USART1_UART_InitEv) for [local to main_c]::MX_USART1_UART_Init()
    main_1.o(i.main) refers to st_main.o(i._Z10InitStMainP18UART_HandleTypeDef) for InitStMain(UART_HandleTypeDef*)
    main_1.o(i.main) refers to st_main.o(i._Z12UpdateStMainv) for UpdateStMain()
    main_1.o(i.main) refers to main_1.o(.bss) for .bss
    main_1.o(.ARM.exidx) refers to main_1.o(i._Error_Handler) for i._Error_Handler
    main_1.o(.ARM.exidx) refers to main_1.o(i._Z18SystemClock_Configv) for i._Z18SystemClock_Configv
    main_1.o(.ARM.exidx) refers to unwind_pr0.o(.text) for __aeabi_unwind_cpp_pr0
    main_1.o(.ARM.exidx) refers to main_1.o(i.main) for i.main
    main_1.o(.ARM.exidx) refers to unwind_pr0.o(.text) for __aeabi_unwind_cpp_pr0
    main_1.o(.ARM.exidx) refers to main_1.o(i._ZN23_INTERNAL_6_main_c_main19MX_USART1_UART_InitEv) for i._ZN23_INTERNAL_6_main_c_main19MX_USART1_UART_InitEv
    main_1.o(.ARM.exidx) refers to unwind_pr0.o(.text) for __aeabi_unwind_cpp_pr0
    stm32f4xx_it.o(.ARM.exidx) refers to stm32f4xx_it.o(.rev16_text) for __asm___14_stm32f4xx_it_c_bb8ca80c___ZN36_INTERNAL_14_stm32f4xx_it_c_bb8ca80c7__REV16Ej
[...]
    _Unwind_RaiseException                   0x080002cb   Thumb Code    46  unwinder.o(.emb_text)
    __ARM_ETInfo                             0x080002f0   Data           0  unwinder.o(.emb_text)
    _Unwind_Resume                           0x080002f9   Thumb Code    28  unwinder.o(.emb_text)
    _Unwind_Activity                         0x08000315   Thumb Code     4  unwind_activity.o(.emb_text)
    Reset_Handler                            0x08000319   Thumb Code     8  startup_stm32f410rx.o(.text)
    _maybe_terminate_alloc                   0x08000319   Thumb Code     0  maybetermalloc1.o(.emb_text)
    ADC_IRQHandler                           0x08000333   Thumb Code     0  startup_stm32f410rx.o(.text)
    DMA1_Stream0_IRQHandler                  0x08000333   Thumb Code     0  startup_stm32f410rx.o(.text)
    DMA1_Stream1_IRQHandler                  0x08000333   Thumb Code     0  startup_stm32f410rx.o(.text)
    DMA1_Stream2_IRQHandler                  0x08000333   Thumb Code     0  startup_stm32f410rx.o(.text)
    DMA1_Stream3_IRQHandler                  0x08000333   Thumb Code     0  startup_stm32f410rx.o(.text)
    DMA1_Stream4_IRQHandler                  0x08000333   Thumb Code     0  startup_stm32f410rx.o(.text)
    DMA1_Stream5_IRQHandler                  0x08000333   Thumb Code     0  startup_stm32f410rx.o(.text)
    DMA1_Stream6_IRQHandler                  0x08000333   Thumb Code     0  startup_stm32f410rx.o(.text)
    DMA1_Stream7_IRQHandler                  0x08000333   Thumb Code     0  startup_stm32f410rx.o(.text)
    DMA2_Stream0_IRQHandler                  0x08000333   Thumb Code     0  startup_stm32f410rx.o(.text)
    DMA2_Stream1_IRQHandler                  0x08000333   Thumb Code     0  startup_stm32f410rx.o(.text)
    DMA2_Stream2_IRQHandler                  0x08000333   Thumb Code     0  startup_stm32f410rx.o(.text)
    DMA2_Stream3_IRQHandler                  0x08000333   Thumb Code     0  startup_stm32f410rx.o(.text)
    DMA2_Stream4_IRQHandler                  0x08000333   Thumb Code     0  startup_stm32f410rx.o(.text)
    DMA2_Stream5_IRQHandler                  0x08000333   Thumb Code     0  startup_stm32f410rx.o(.text)
    DMA2_Stream6_IRQHandler                  0x08000333   Thumb Code     0  startup_stm32f410rx.o(.text)
    DMA2_Stream7_IRQHandler                  0x08000333   Thumb Code     0  startup_stm32f410rx.o(.text)
    EXTI0_IRQHandler                         0x08000333   Thumb Code     0  startup_stm32f410rx.o(.text)
    EXTI15_10_IRQHandler                     0x08000333   Thumb Code     0  startup_stm32f410rx.o(.text)
    EXTI1_IRQHandler                         0x08000333   Thumb Code     0  startup_stm32f410rx.o(.text)
    EXTI2_IRQHandler                         0x08000333   Thumb Code     0  startup_stm32f410rx.o(.text)
    EXTI3_IRQHandler                         0x08000333   Thumb Code     0  startup_stm32f410rx.o(.text)
    EXTI4_IRQHandler                         0x08000333   Thumb Code     0  startup_stm32f410rx.o(.text)
    EXTI9_5_IRQHandler                       0x08000333   Thumb Code     0  startup_stm32f410rx.o(.text)
    FLASH_IRQHandler                         0x08000333   Thumb Code     0  startup_stm32f410rx.o(.text)
    FMPI2C1_ER_IRQHandler                    0x08000333   Thumb Code     0  startup_stm32f410rx.o(.text)
    FMPI2C1_EV_IRQHandler                    0x08000333   Thumb Code     0  startup_stm32f410rx.o(.text)
    FPU_IRQHandler                           0x08000333   Thumb Code     0  startup_stm32f410rx.o(.text)
    I2C1_ER_IRQHandler                       0x08000333   Thumb Code     0  startup_stm32f410rx.o(.text)
    I2C1_EV_IRQHandler                       0x08000333   Thumb Code     0  startup_stm32f410rx.o(.text)
    I2C2_ER_IRQHandler                       0x08000333   Thumb Code     0  startup_stm32f410rx.o(.text)
    I2C2_EV_IRQHandler                       0x08000333   Thumb Code     0  startup_stm32f410rx.o(.text)
    LPTIM1_IRQHandler                        0x08000333   Thumb Code     0  startup_stm32f410rx.o(.text)
    PVD_IRQHandler                           0x08000333   Thumb Code     0  startup_stm32f410rx.o(.text)
    RCC_IRQHandler                           0x08000333   Thumb Code     0  startup_stm32f410rx.o(.text)
    RNG_IRQHandler                           0x08000333   Thumb Code     0  startup_stm32f410rx.o(.text)
    RTC_Alarm_IRQHandler                     0x08000333   Thumb Code     0  startup_stm32f410rx.o(.text)
    RTC_WKUP_IRQHandler                      0x08000333   Thumb Code     0  startup_stm32f410rx.o(.text)
    SPI1_IRQHandler                          0x08000333   Thumb Code     0  startup_stm32f410rx.o(.text)
    SPI2_IRQHandler                          0x08000333   Thumb Code     0  startup_stm32f410rx.o(.text)
    SPI5_IRQHandler                          0x08000333   Thumb Code     0  startup_stm32f410rx.o(.text)
    TAMP_STAMP_IRQHandler                    0x08000333   Thumb Code     0  startup_stm32f410rx.o(.text)
    TIM1_BRK_TIM9_IRQHandler                 0x08000333   Thumb Code     0  startup_stm32f410rx.o(.text)
    TIM1_CC_IRQHandler                       0x08000333   Thumb Code     0  startup_stm32f410rx.o(.text)
    TIM1_TRG_COM_TIM11_IRQHandler            0x08000333   Thumb Code     0  startup_stm32f410rx.o(.text)
    TIM1_UP_IRQHandler                       0x08000333   Thumb Code     0  startup_stm32f410rx.o(.text)
    TIM5_IRQHandler                          0x08000333   Thumb Code     0  startup_stm32f410rx.o(.text)
    TIM6_DAC_IRQHandler                      0x08000333   Thumb Code     0  startup_stm32f410rx.o(.text)
    USART2_IRQHandler                        0x08000333   Thumb Code     0  startup_stm32f410rx.o(.text)
    USART6_IRQHandler                        0x08000333   Thumb Code     0  startup_stm32f410rx.o(.text)
    WWDG_IRQHandler                          0x08000333   Thumb Code     0  startup_stm32f410rx.o(.text)
    __user_initial_stackheap                 0x08000335   Thumb Code     0  startup_stm32f410rx.o(.text)
    __aeabi_uldivmod                         0x08000359   Thumb Code     0  lludivv7m.o(.text)
    _ll_udiv                                 0x08000359   Thumb Code   238  lludivv7m.o(.text)
    __aeabi_atexit                           0x08000447   Thumb Code    46  aeabi_atexit.o(.text)
    strlen                                   0x08000475   Thumb Code    62  strlen.o(.text)
    __aeabi_memcpy4                          0x080004b3   Thumb Code     0  rt_memcpy_w.o(.text)
    __aeabi_memcpy8                          0x080004b3   Thumb Code     0  rt_memcpy_w.o(.text)
    __rt_memcpy_w                            0x080004b3   Thumb Code   100  rt_memcpy_w.o(.text)
    _memcpy_lastbytes_aligned                0x080004fb   Thumb Code     0  rt_memcpy_w.o(.text)
    __use_two_region_memory                  0x08000517   Thumb Code     2  heapauxi.o(.text)
    __rt_heap_escrow                         0x08000519   Thumb Code     2  heapauxi.o(.text)
    __rt_heap_expand                         0x0800051b   Thumb Code     2  heapauxi.o(.text)
    __cpp_initialize__aeabi_                 0x0800051d   Thumb Code    26  init_aeabi.o(.text)
    __cxa_allocate_exception                 0x08000541   Thumb Code    82  arm_exceptions_alloc.o(.text)
    __cxa_end_catch                          0x080005a1   Thumb Code    74  arm_exceptions_endcatch.o(.text)
    __ARM::call_terminate_handler(_Unwind_Control_Block*) 0x080005eb   Thumb Code    42  arm_exceptions_callterm.o(.text)
    __cxa_call_terminate                     0x08000615   Thumb Code    14  arm_exceptions_callterm.o(.text)
    __cxa_begin_catch                        0x08000623   Thumb Code    72  arm_exceptions_begincatch.o(.text)
    __cxa_begin_cleanup                      0x0800066b   Thumb Code    54  arm_exceptions_cleanup.o(.text)
    __ARM_cxa_end_cleanup                    0x080006a1   Thumb Code    70  arm_exceptions_cleanup.o(.text)
    __cxa_throw                              0x0800072b   Thumb Code    54  arm_exceptions_throw.o(.text)
    __cxa_type_match                         0x08000761   Thumb Code   260  arm_exceptions_throw.o(.text)
    __aeabi_unwind_cpp_pr0                   0x08000879   Thumb Code     6  unwind_pr0.o(.text)
    __rt_new_handler_addr                    0x08000881   Thumb Code     8  rt_new_handler_addr_intlibspace.o(.text)
    __rt_ddtor_pointer_addr                  0x08000889   Thumb Code     8  rt_ddtor_pointer_addr_intlibspace.o(.text)
    malloc                                   0x08000891   Thumb Code    94  h1_alloc.o(.text)
    __cxa_finalize                           0x080008ef   Thumb Code    66  cxa_finalize.o(.text)
    __cxa_free_exception                     0x08000931   Thumb Code    34  arm_exceptions_free.o(.text)
    std::terminate()                         0x08000953   Thumb Code    26  arm_exceptions_terminate.o(.text)
    __ARM_exceptions_buffer_init             0x0800096d   Thumb Code    18  arm_exceptions_mem.o(.text)
    __ARM_exceptions_buffer_allocate         0x0800097f   Thumb Code    22  arm_exceptions_mem.o(.text)
    __ARM_exceptions_buffer_free             0x08000995   Thumb Code    20  arm_exceptions_mem.o(.text)
    __ARM::same_exceptions_class(const void*, const void*) 0x080009a9   Thumb Code    24  arm_exceptions_support.o(.text)
    __ARM::is_foreign_exception(_Unwind_Control_Block*) 0x080009c1   Thumb Code    14  arm_exceptions_support.o(.text)
    __cxa_rethrow                            0x080009d5   Thumb Code    82  arm_exceptions_rethrow.o(.text)
    __cxa_call_unexpected                    0x08000a29   Thumb Code   200  arm_exceptions_callunex.o(.text)
    __cxa_bad_typeid                         0x08000af9   Thumb Code    38  arm_exceptions_bad_typeid.o(.text)
    __ARM::get_foreign_intermediary(__cxa_exception*, _Unwind_Control_Block*) 0x08000b29   Thumb Code    66  arm_exceptions_foreign.o(.text)
    __cxa_get_globals                        0x08000b73   Thumb Code    62  arm_exceptions_globs.o(.text)
    _Unwind_VRS_Set                          0x08000bbd   Thumb Code    46  unwinder.o(.text)
    _Unwind_VRS_Get                          0x08000beb   Thumb Code    46  unwinder.o(.text)
    _Unwind_VRS_Pop                          0x08000c19   Thumb Code   272  unwinder.o(.text)
    __ARM_unwind_next_frame                  0x08000e01   Thumb Code    46  unwinder.o(.text)
    __ARM_Unwind_RaiseException              0x08000e2f   Thumb Code   206  unwinder.o(.text)
    __ARM_Unwind_Resume                      0x08000efd   Thumb Code    44  unwinder.o(.text)
    _Unwind_Complete                         0x08000f29   Thumb Code    72  unwinder.o(.text)
    _Unwind_DeleteException                  0x08000f89   Thumb Code    14  unwind_delete.o(.text)
    __ARM_unwind_cpp_prcommon                0x08000fc9   Thumb Code  1474  unwind_prcommon.o(.text)
    __user_libspace                          0x08001591   Thumb Code     8  libspace.o(.text)
    __user_perproc_libspace                  0x08001591   Thumb Code     0  libspace.o(.text)
    __user_perthread_libspace                0x08001591   Thumb Code     0  libspace.o(.text)
    __rt_heap_descriptor                     0x08001599   Thumb Code     8  rt_heap_descriptor_intlibspace.o(.text)
    __rt_eh_globals_addr                     0x080015a1   Thumb Code     8  rt_eh_globals_addr_intlibspace.o(.text)
    __use_no_heap                            0x080015a9   Thumb Code     2  hguard.o(.text)
    __heap$guard                             0x080015ab   Thumb Code     2  hguard.o(.text)
    _terminate_user_alloc                    0x080015ad   Thumb Code     2  init_alloc.o(.text)
    _init_user_alloc                         0x080015af   Thumb Code     2  init_alloc.o(.text)
    __Heap_Full                              0x080015b1   Thumb Code    34  init_alloc.o(.text)
    __Heap_Broken                            0x080015d3   Thumb Code     6  init_alloc.o(.text)
    _init_alloc                              0x080015d9   Thumb Code    94  init_alloc.o(.text)
    __Heap_Initialize                        0x08001637   Thumb Code    10  h1_init.o(.text)
    __Heap_DescSize                          0x08001641   Thumb Code     4  h1_init.o(.text)
    free                                     0x08001645   Thumb Code    78  h1_free.o(.text)
    abort                                    0x08001693   Thumb Code    22  abort.o(.text)
    bsearch                                  0x080016a9   Thumb Code    80  bsearch.o(.text)
    std::unexpected()                        0x080016f9   Thumb Code    26  arm_exceptions_unexpected.o(.text)
    __ARM::default_unexpected_handler()      0x08001713   Thumb Code     4  arm_exceptions_unexpected.o(.text)
    _sys_exit                                0x08001719   Thumb Code     8  sys_exit.o(.text)
    __user_setup_stackheap                   0x08001725   Thumb Code    74  sys_stackheap_outer.o(.text)
    __Heap_ProvideMemory                     0x0800176f   Thumb Code    52  h1_extend.o(.text)
    exit                                     0x080017a3   Thumb Code    18  exit.o(.text)
    __rt_SIGABRT                             0x080017b5   Thumb Code    14  defsig_abrt_outer.o(.text)
    __rt_SIGRTMEM                            0x080017c3   Thumb Code    14  defsig_rtmem_outer.o(.text)
    __I$use$semihosting                      0x080017d1   Thumb Code     0  use_no_semi.o(.text)
    __use_no_semihosting_swi                 0x080017d1   Thumb Code     2  use_no_semi.o(.text)
    __semihosting_library_function           0x080017d3   Thumb Code     0  indicate_semi.o(.text)
    __sig_exit                               0x080017d3   Thumb Code    10  defsig_exit.o(.text)
    __rt_SIGABRT_inner                       0x080017dd   Thumb Code    14  defsig_abrt_inner.o(.text)
    __rt_SIGRTMEM_inner                      0x0800180d   Thumb Code    22  defsig_rtmem_inner.o(.text)
    __default_signal_display                 0x0800185d   Thumb Code    50  defsig_general.o(.text)
    _ttywrch                                 0x0800188f   Thumb Code    14  sys_wrch.o(.text)
    BusFault_Handler                         0x080018b1   Thumb Code     2  stm32f4xx_it.o(i.BusFault_Handler)
    DebugMon_Handler                         0x080018b3   Thumb Code     2  stm32f4xx_it.o(i.DebugMon_Handler)
    HAL_DMA_Abort                            0x080018b5   Thumb Code   142  stm32f4xx_hal_dma.o(i.HAL_DMA_Abort)
    HAL_DMA_Abort_IT                         0x08001943   Thumb Code    36  stm32f4xx_hal_dma.o(i.HAL_DMA_Abort_IT)
    HAL_DMA_PollForTransfer                  0x08001967   Thumb Code   292  stm32f4xx_hal_dma.o(i.HAL_DMA_PollForTransfer)
    HAL_DMA_Start                            0x08001a8b   Thumb Code    70  stm32f4xx_hal_dma.o(i.HAL_DMA_Start)
    HAL_DMA_Start_IT                         0x08001ad1   Thumb Code   120  stm32f4xx_hal_dma.o(i.HAL_DMA_Start_IT)
    HAL_Delay                                0x08001b49   Thumb Code    32  stm32f4xx_hal.o(i.HAL_Delay)
    HAL_GPIO_Init                            0x08001b6d   Thumb Code   340  stm32f4xx_hal_gpio.o(i.HAL_GPIO_Init)
    HAL_GPIO_ReadPin                         0x08001cd9   Thumb Code    10  stm32f4xx_hal_gpio.o(i.HAL_GPIO_ReadPin)
    HAL_GPIO_TogglePin                       0x08001ce3   Thumb Code     8  stm32f4xx_hal_gpio.o(i.HAL_GPIO_TogglePin)
    HAL_GPIO_WritePin                        0x08001ceb   Thumb Code    10  stm32f4xx_hal_gpio.o(i.HAL_GPIO_WritePin)
    HAL_GetTick                              0x08001cf5   Thumb Code     6  stm32f4xx_hal.o(i.HAL_GetTick)
    HAL_GetTickFreq                          0x08001d01   Thumb Code     6  stm32f4xx_hal.o(i.HAL_GetTickFreq)
    HAL_GetTickPrio                          0x08001d0d   Thumb Code     6  stm32f4xx_hal.o(i.HAL_GetTickPrio)
    HAL_HalfDuplex_Init                      0x08001d19   Thumb Code   108  stm32f4xx_hal_uart.o(i.HAL_HalfDuplex_Init)
    HAL_IncTick                              0x08001d85   Thumb Code    12  stm32f4xx_hal.o(i.HAL_IncTick)
    HAL_Init                                 0x08001d95   Thumb Code    48  stm32f4xx_hal.o(i.HAL_Init)
    HAL_InitTick                             0x08001dc9   Thumb Code    54  stm32f4xx_hal.o(i.HAL_InitTick)
    HAL_LIN_Init                             0x08001e09   Thumb Code   128  stm32f4xx_hal_uart.o(i.HAL_LIN_Init)
    HAL_MspInit                              0x08001e89   Thumb Code   126  stm32f4xx_hal_msp.o(i.HAL_MspInit)
    HAL_MultiProcessor_Init                  0x08001f0d   Thumb Code   142  stm32f4xx_hal_uart.o(i.HAL_MultiProcessor_Init)
    HAL_NVIC_EnableIRQ                       0x08001f9b   Thumb Code    22  stm32f4xx_hal_cortex.o(i.HAL_NVIC_EnableIRQ)
    HAL_NVIC_SetPriority                     0x08001fb1   Thumb Code    60  stm32f4xx_hal_cortex.o(i.HAL_NVIC_SetPriority)
    HAL_NVIC_SetPriorityGrouping             0x08001ff1   Thumb Code    26  stm32f4xx_hal_cortex.o(i.HAL_NVIC_SetPriorityGrouping)
    HAL_RCC_ClockConfig                      0x08002015   Thumb Code   286  stm32f4xx_hal_rcc.o(i.HAL_RCC_ClockConfig)
    HAL_RCC_GetHCLKFreq                      0x08002145   Thumb Code     6  stm32f4xx_hal_rcc.o(i.HAL_RCC_GetHCLKFreq)
    HAL_RCC_GetPCLK1Freq                     0x08002151   Thumb Code    20  stm32f4xx_hal_rcc.o(i.HAL_RCC_GetPCLK1Freq)
    HAL_RCC_GetPCLK2Freq                     0x08002171   Thumb Code    20  stm32f4xx_hal_rcc.o(i.HAL_RCC_GetPCLK2Freq)
    HAL_RCC_GetSysClockFreq                  0x08002191   Thumb Code    88  stm32f4xx_hal_rcc.o(i.HAL_RCC_GetSysClockFreq)
    HAL_RCC_OscConfig                        0x080021f1   Thumb Code   782  stm32f4xx_hal_rcc_ex.o(i.HAL_RCC_OscConfig)
    HAL_SYSTICK_CLKSourceConfig              0x08002519   Thumb Code    24  stm32f4xx_hal_cortex.o(i.HAL_SYSTICK_CLKSourceConfig)
    HAL_SYSTICK_Callback                     0x08002531   Thumb Code     2  stm32f4xx_hal_cortex.o(i.HAL_SYSTICK_Callback)
    HAL_SYSTICK_Config                       0x08002533   Thumb Code    42  stm32f4xx_hal_cortex.o(i.HAL_SYSTICK_Config)
    HAL_SYSTICK_IRQHandler                   0x0800255d   Thumb Code     8  stm32f4xx_hal_cortex.o(i.HAL_SYSTICK_IRQHandler)
    HAL_SetTickFreq                          0x08002565   Thumb Code    24  stm32f4xx_hal.o(i.HAL_SetTickFreq)
    HAL_UART_DMAStop                         0x08002581   Thumb Code    88  stm32f4xx_hal_uart.o(i.HAL_UART_DMAStop)
    HAL_UART_ErrorCallback                   0x080025d9   Thumb Code     2  stm32f4xx_hal_uart.o(i.HAL_UART_ErrorCallback)
    HAL_UART_IRQHandler                      0x080025dd   Thumb Code   266  stm32f4xx_hal_uart.o(i.HAL_UART_IRQHandler)
    HAL_UART_Init                            0x080026ed   Thumb Code    98  stm32f4xx_hal_uart.o(i.HAL_UART_Init)
    HAL_UART_MspInit                         0x08002751   Thumb Code    80  stm32f4xx_hal_msp.o(i.HAL_UART_MspInit)
    HAL_UART_Receive                         0x080027ad   Thumb Code   184  stm32f4xx_hal_uart.o(i.HAL_UART_Receive)
    HAL_UART_Receive_DMA                     0x08002865   Thumb Code   138  stm32f4xx_hal_uart.o(i.HAL_UART_Receive_DMA)
    HAL_UART_RxCpltCallback                  0x080028fd   Thumb Code     2  stm32f4xx_hal_uart.o(i.HAL_UART_RxCpltCallback)
    HAL_UART_RxHalfCpltCallback              0x080028ff   Thumb Code     2  stm32f4xx_hal_uart.o(i.HAL_UART_RxHalfCpltCallback)
    HAL_UART_Transmit                        0x08002901   Thumb Code   184  stm32f4xx_hal_uart.o(i.HAL_UART_Transmit)
    HAL_UART_Transmit_DMA                    0x080029b9   Thumb Code   114  stm32f4xx_hal_uart.o(i.HAL_UART_Transmit_DMA)
    HAL_UART_TxCpltCallback                  0x08002a39   Thumb Code     2  stm32f4xx_hal_uart.o(i.HAL_UART_TxCpltCallback)
    HAL_UART_TxHalfCpltCallback              0x08002a3b   Thumb Code     2  stm32f4xx_hal_uart.o(i.HAL_UART_TxHalfCpltCallback)
    HardFault_Handler                        0x08002a3d   Thumb Code     2  stm32f4xx_it.o(i.HardFault_Handler)
    MemManage_Handler                        0x08002a3f   Thumb Code     2  stm32f4xx_it.o(i.MemManage_Handler)
    NMI_Handler                              0x08002a41   Thumb Code     2  stm32f4xx_it.o(i.NMI_Handler)
    PendSV_Handler                           0x08002a43   Thumb Code     2  stm32f4xx_it.o(i.PendSV_Handler)
    SVC_Handler                              0x08002a45   Thumb Code     2  stm32f4xx_it.o(i.SVC_Handler)
    SysTick_Handler                          0x08002a47   Thumb Code    14  stm32f4xx_it.o(i.SysTick_Handler)
    SystemCoreClockUpdate                    0x08002a55   Thumb Code   104  system_stm32f4xx.o(i.SystemCoreClockUpdate)
    SystemInit                               0x08002acd   Thumb Code    66  system_stm32f4xx.o(i.SystemInit)
    USART1_IRQHandler                        0x08002b21   Thumb Code     6  stm32f4xx_it.o(i.USART1_IRQHandler)
    UsageFault_Handler                       0x08002b2d   Thumb Code     2  stm32f4xx_it.o(i.UsageFault_Handler)
    InitStMain(UART_HandleTypeDef*)          0x08002b31   Thumb Code   150  st_main.o(i._Z10InitStMainP18UART_HandleTypeDef)
    getPinName(const unsigned char&)         0x08002c31   Thumb Code   164  jae.o(i._Z10getPinNameRKh)
    ToggleBlink()                            0x08002cd9   Thumb Code    32  sm_main_main.o(i._Z11ToggleBlinkv)
    getPinGroup(const unsigned char&)        0x08002cfd   Thumb Code    64  jae.o(i._Z11getPinGroupRKh)
    UpdateStMain()                           0x08002d61   Thumb Code   132  st_main.o(i._Z12UpdateStMainv)
    checkErrorType(int)                      0x08002e39   Thumb Code    34  st_main.o(i._Z14checkErrorTypei)
    SystemClock_Config()                     0x08002ea5   Thumb Code   130  main_1.o(i._Z18SystemClock_Configv)
    __default_new_handler()                  0x08002f31   Thumb Code    38  newhandler.o(i._Z21__default_new_handlerv)
    Init()                                   0x08002f61   Thumb Code    30  sm_main_main.o(i._Z4Initv)
    Update()                                 0x08002f89   Thumb Code    34  sm_main_main.o(i._Z6Updatev)
    JAE::TOGGLE_PIN(const unsigned char&)    0x08003399   Thumb Code    34  jae.o(i._ZN3JAE10TOGGLE_PINERKh)
    JAE::SET_PIN_LOW(const unsigned char&)   0x080033bb   Thumb Code    36  jae.o(i._ZN3JAE11SET_PIN_LOWERKh)
    JAE::SET_PIN_HIGH(const unsigned char&)  0x080033df   Thumb Code    36  jae.o(i._ZN3JAE12SET_PIN_HIGHERKh)
    JAE::Callback_Delay(long, void(*)())     0x08003405   Thumb Code   162  jae.o(i._ZN3JAE14Callback_DelayElPFvvE)
    JAE::SET_PIN_OUTPUT(const unsigned char&) 0x080034ad   Thumb Code   180  jae.o(i._ZN3JAE14SET_PIN_OUTPUTERKh)
    JAE::READ_PIN_DIGITAL(const unsigned char&) 0x080035c5   Thumb Code    40  jae.o(i._ZN3JAE16READ_PIN_DIGITALERKh)
    JAE::SET_PIN_INPUT_ANALOG(const unsigned char&) 0x080035f1   Thumb Code   180  jae.o(i._ZN3JAE20SET_PIN_INPUT_ANALOGERKh)
    JAE::SET_PIN_INPUT_DIGITAL(const unsigned char&) 0x08003709   Thumb Code   178  jae.o(i._ZN3JAE21SET_PIN_INPUT_DIGITALERKh)
    JAE::SET_PIN_INPUT_ANALOG_PULLUP(const unsigned char&) 0x08003821   Thumb Code   180  jae.o(i._ZN3JAE27SET_PIN_INPUT_ANALOG_PULLUPERKh)
    JAE::SET_PIN_INPUT_DIGITAL_PULLUP(const unsigned char&) 0x08003939   Thumb Code   180  jae.o(i._ZN3JAE28SET_PIN_INPUT_DIGITAL_PULLUPERKh)
    JAE::SET_PIN_INPUT_ANALOG_PULLDOWN(const unsigned char&) 0x08003a51   Thumb Code   180  jae.o(i._ZN3JAE29SET_PIN_INPUT_ANALOG_PULLDOWNERKh)
    JAE::SET_PIN_INPUT_DIGITAL_PULLDOWN(const unsigned char&) 0x08003b69   Thumb Code   180  jae.o(i._ZN3JAE30SET_PIN_INPUT_DIGITAL_PULLDOWNERKh)
    JAE::init()                              0x08003c81   Thumb Code     2  jae.o(i._ZN3JAE4initEv)
    JAE::update()                            0x08003c85   Thumb Code   168  jae.o(i._ZN3JAE6updateEv)
    Board::printDebug(char*)                 0x0800428f   Thumb Code    28  boardinfo.o(i._ZN5Board10printDebugEPc)
    Board::boardUpdate()                     0x080042ab   Thumb Code    12  boardinfo.o(i._ZN5Board11boardUpdateEv)
    Board::setDebugLine(UART_HandleTypeDef*) 0x080042b9   Thumb Code    26  boardinfo.o(i._ZN5Board12setDebugLineEP18UART_HandleTypeDef)
    Board::getCycleMillis()                  0x080042d9   Thumb Code     4  boardinfo.o(i._ZN5Board14getCycleMillisEv)
    Board::getBoard()                        0x080042dd   Thumb Code    24  boardinfo.o(i._ZN5Board8getBoardEv)
    Board::boardInit()                       0x080042f9   Thumb Code    12  boardinfo.o(i._ZN5Board9boardInitEv)
    std::type_info::operator ==(const std::type_info&) const 0x08004305   Thumb Code    32  type_info_eq.o(i._ZNKSt9type_infoeqERKS_)
    std::type_info::operator !=(const std::type_info&) const 0x08004325   Thumb Code    32  type_info_ne.o(i._ZNKSt9type_infoneERKS_)
    std::bad_typeid::bad_typeid(const std::bad_typeid&) 0x08004345   Thumb Code    12  bad_typeid.o(i._ZNSt10bad_typeidC1ERKS_)
    std::bad_typeid::bad_typeid__sub_object(const std::bad_typeid&) 0x08004345   Thumb Code     0  bad_typeid.o(i._ZNSt10bad_typeidC1ERKS_)
    std::bad_typeid::bad_typeid()            0x08004355   Thumb Code    12  bad_typeid.o(i._ZNSt10bad_typeidC1Ev)
    std::bad_typeid::bad_typeid__sub_object() 0x08004355   Thumb Code     0  bad_typeid.o(i._ZNSt10bad_typeidC1Ev)
    std::bad_typeid::~bad_typeid__deallocating() 0x08004365   Thumb Code    14  bad_typeid.o(i._ZNSt10bad_typeidD0Ev)
    std::bad_typeid::~bad_typeid()           0x08004373   Thumb Code     8  bad_typeid.o(i._ZNSt10bad_typeidD1Ev)
    std::bad_typeid::~bad_typeid__sub_object() 0x08004373   Thumb Code     0  bad_typeid.o(i._ZNSt10bad_typeidD1Ev)
    std::bad_exception::bad_exception(const std::bad_exception&) 0x0800437d   Thumb Code    12  bad_exception_cctor.o(i._ZNSt13bad_exceptionC1ERKS_)
    std::bad_exception::bad_exception__sub_object(const std::bad_exception&) 0x0800437d   Thumb Code     0  bad_exception_cctor.o(i._ZNSt13bad_exceptionC1ERKS_)
    std::bad_exception::bad_exception()      0x0800438d   Thumb Code    12  bad_exception_ctor.o(i._ZNSt13bad_exceptionC1Ev)
    std::bad_exception::bad_exception__sub_object() 0x0800438d   Thumb Code     0  bad_exception_ctor.o(i._ZNSt13bad_exceptionC1Ev)
    std::bad_exception::~bad_exception__deallocating() 0x0800439d   Thumb Code    14  bad_exception_dtor.o(i._ZNSt13bad_exceptionD0Ev)
    std::bad_exception::~bad_exception()     0x080043ab   Thumb Code     8  bad_exception_dtor.o(i._ZNSt13bad_exceptionD1Ev)
    std::bad_exception::~bad_exception__sub_object() 0x080043ab   Thumb Code     0  bad_exception_dtor.o(i._ZNSt13bad_exceptionD1Ev)
    std::bad_alloc::bad_alloc(const std::bad_alloc&) 0x080043b5   Thumb Code    12  bad_alloc_cctor.o(i._ZNSt9bad_allocC1ERKS_)
    std::bad_alloc::bad_alloc__sub_object(const std::bad_alloc&) 0x080043b5   Thumb Code     0  bad_alloc_cctor.o(i._ZNSt9bad_allocC1ERKS_)
    std::bad_alloc::bad_alloc()              0x080043c5   Thumb Code    12  bad_alloc_ctor.o(i._ZNSt9bad_allocC1Ev)
    std::bad_alloc::bad_alloc__sub_object()  0x080043c5   Thumb Code     0  bad_alloc_ctor.o(i._ZNSt9bad_allocC1Ev)
    std::bad_alloc::~bad_alloc__deallocating() 0x080043d5   Thumb Code    14  bad_alloc_dtor.o(i._ZNSt9bad_allocD0Ev)
    std::bad_alloc::~bad_alloc()             0x080043e3   Thumb Code     8  bad_alloc_dtor.o(i._ZNSt9bad_allocD1Ev)
    std::bad_alloc::~bad_alloc__sub_object() 0x080043e3   Thumb Code     0  bad_alloc_dtor.o(i._ZNSt9bad_allocD1Ev)
    std::exception::exception(const std::exception&) 0x080043ed   Thumb Code     6  exception_cctor.o(i._ZNSt9exceptionC1ERKS_)
    std::exception::exception__sub_object(const std::exception&) 0x080043ed   Thumb Code     0  exception_cctor.o(i._ZNSt9exceptionC1ERKS_)
    std::exception::exception()              0x080043f9   Thumb Code     6  exception_ctor.o(i._ZNSt9exceptionC1Ev)
    std::exception::exception__sub_object()  0x080043f9   Thumb Code     0  exception_ctor.o(i._ZNSt9exceptionC1Ev)
    operator delete[] (void*)                0x08004405   Thumb Code     8  array_del.o(i._ZdaPv)
    operator delete (void*)                  0x0800440d   Thumb Code     8  delete.o(i._ZdlPv)
    operator new[] (unsigned)                0x08004415   Thumb Code     8  array_new.o(i._Znaj)
    operator new(unsigned)                   0x0800441d   Thumb Code    34  new.o(i._Znwj)
    __ARM_common_get_typeid                  0x08004445   Thumb Code    32  arm_exceptions_throw.o(i.__ARM_common_get_typeid)
    __derived_to_base_conversion             0x08004465   Thumb Code   106  rtti.o(i.__derived_to_base_conversion)
    __dynamic_cast                           0x080044d5   Thumb Code   170  rtti.o(i.__dynamic_cast)
    main                                     0x080045e1   Thumb Code    98  main_1.o(i.main)
    JAE::Vector<void(*)()>::~Vector()        0x08004651   Thumb Code    14  jae.o(t._ZN3JAE6VectorIPFvvEED1Ev)
    JAE::Vector<void(*)()>::~Vector__sub_object() 0x08004651   Thumb Code     0  jae.o(t._ZN3JAE6VectorIPFvvEED1Ev)
    JAE::Vector<long>::~Vector()             0x0800465f   Thumb Code    14  jae.o(t._ZN3JAE6VectorIlED1Ev)
    JAE::Vector<long>::~Vector__sub_object() 0x0800465f   Thumb Code     0  jae.o(t._ZN3JAE6VectorIlED1Ev)
    _fp_init                                 0x0800466d   Thumb Code    10  fpinit.o(x$fpl$fpinit)
    __fplib_config_fpu_vfp                   0x08004675   Thumb Code     0  fpinit.o(x$fpl$fpinit)
    __fplib_config_pureend_doubles           0x08004675   Thumb Code     0  fpinit.o(x$fpl$fpinit)
    AHBPrescTable                            0x080047d4   Data          16  system_stm32f4xx.o(.constdata)
    APBPrescTable                            0x080047e4   Data           8  system_stm32f4xx.o(.constdata)
    typeinfo for __cxxabiv1::__class_type_info 0x080047f8   Data          12  lib_rtti_impl.o(.constdata__ZTIN10__cxxabiv117__class_type_infoE)
    typeinfo for __cxxabiv1::__pbase_type_info 0x08004804   Data          12  lib_rtti_impl.o(.constdata__ZTIN10__cxxabiv117__pbase_type_infoE)
    typeinfo for __cxxabiv1::__pointer_type_info 0x08004810   Data          12  lib_rtti_impl.o(.constdata__ZTIN10__cxxabiv119__pointer_type_infoE)
    typeinfo for __cxxabiv1::__si_class_type_info 0x0800481c   Data          12  lib_rtti_impl.o(.constdata__ZTIN10__cxxabiv120__si_class_type_infoE)
    typeinfo for __cxxabiv1::__vmi_class_type_info 0x08004828   Data          12  lib_rtti_impl.o(.constdata__ZTIN10__cxxabiv121__vmi_class_type_infoE)
    typeinfo for __cxxabiv1::__fundamental_type_info 0x08004834   Data          12  lib_rtti_impl.o(.constdata__ZTIN10__cxxabiv123__fundamental_type_infoE)
    typeinfo for std::bad_typeid             0x08004840   Data          12  bad_typeid.o(.constdata__ZTISt10bad_typeid)
    typeinfo for std::bad_exception          0x0800484c   Data          12  bad_exception_dtor.o(.constdata__ZTISt13bad_exception)
    typeinfo for std::bad_alloc              0x08004858   Data          12  bad_alloc_dtor.o(.constdata__ZTISt9bad_alloc)
    typeinfo for std::exception              0x08004864   Data           8  exception_dtor.o(.constdata__ZTISt9exception)
    typeinfo for std::type_info              0x0800486c   Data           8  type_info_dtor.o(.constdata__ZTISt9type_info)
    typeinfo for int                         0x08004874   Data           8  lib_rtti_prim.o(.constdata__ZTIi)
    typeinfo for void                        0x0800487c   Data           8  lib_rtti_prim.o(.constdata__ZTIv)
    typeinfo name for __cxxabiv1::__class_type_info 0x08004884   Data          34  lib_rtti_impl.o(.constdata__ZTSN10__cxxabiv117__class_type_infoE)
    typeinfo name for __cxxabiv1::__pbase_type_info 0x080048a6   Data          34  lib_rtti_impl.o(.constdata__ZTSN10__cxxabiv117__pbase_type_infoE)
    typeinfo name for __cxxabiv1::__pointer_type_info 0x080048c8   Data          36  lib_rtti_impl.o(.constdata__ZTSN10__cxxabiv119__pointer_type_infoE)
    typeinfo name for __cxxabiv1::__si_class_type_info 0x080048ec   Data          37  lib_rtti_impl.o(.constdata__ZTSN10__cxxabiv120__si_class_type_infoE)
    typeinfo name for __cxxabiv1::__vmi_class_type_info 0x08004911   Data          38  lib_rtti_impl.o(.constdata__ZTSN10__cxxabiv121__vmi_class_type_infoE)
    typeinfo name for __cxxabiv1::__fundamental_type_info 0x08004937   Data          40  lib_rtti_impl.o(.constdata__ZTSN10__cxxabiv123__fundamental_type_infoE)
    typeinfo name for std::bad_typeid        0x0800495f   Data          15  bad_typeid.o(.constdata__ZTSSt10bad_typeid)
    typeinfo name for std::bad_exception     0x0800496e   Data          18  bad_exception_dtor.o(.constdata__ZTSSt13bad_exception)
    typeinfo name for std::bad_alloc         0x08004980   Data          13  bad_alloc_dtor.o(.constdata__ZTSSt9bad_alloc)
    typeinfo name for std::exception         0x0800498d   Data          13  exception_dtor.o(.constdata__ZTSSt9exception)
    typeinfo name for std::type_info         0x0800499a   Data          13  type_info_dtor.o(.constdata__ZTSSt9type_info)
    typeinfo name for int                    0x080049a7   Data           2  lib_rtti_prim.o(.constdata__ZTSi)
    typeinfo name for void                   0x080049a9   Data           2  lib_rtti_prim.o(.constdata__ZTSv)
    vtable for __cxxabiv1::__class_type_info 0x080049ac   Data          16  lib_rtti_impl.o(.constdata__ZTVN10__cxxabiv117__class_type_infoE)
    vtable for __cxxabiv1::__si_class_type_info 0x080049bc   Data          16  lib_rtti_impl.o(.constdata__ZTVN10__cxxabiv120__si_class_type_infoE)
    vtable for __cxxabiv1::__fundamental_type_info 0x080049cc   Data          16  lib_rtti_impl.o(.constdata__ZTVN10__cxxabiv123__fundamental_type_infoE)
    vtable for std::bad_typeid               0x080049dc   Data          20  bad_typeid.o(.constdata__ZTVSt10bad_typeid)
    vtable for std::bad_exception            0x080049f0   Data          20  bad_exception_dtor.o(.constdata__ZTVSt13bad_exception)
    vtable for std::bad_alloc                0x08004a04   Data          20  bad_alloc_dtor.o(.constdata__ZTVSt9bad_alloc)
    vtable for std::exception                0x08004a18   Data          20  exception_dtor.o(.constdata__ZTVSt9exception)
    Region$$Table$$Base                      0x08004a2c   Number         0  anon$$obj.o(Region$$Table)
    Region$$Table$$Limit                     0x08004a4c   Number         0  anon$$obj.o(Region$$Table)
    SHT$$INIT_ARRAY$$Base                    0x08004a4c   Number         0  st_main.o(.init_array)
    SHT$$ARM_EXIDX$$Base                     0x08004a54   Number         0  __rtentry4.o(.ARM.exidx)
    SHT$$INIT_ARRAY$$Limit                   0x08004a54   Number         0  init_aeabi.o(.init_array)
    SHT$$ARM_EXIDX$$Limit                    0x08004d24   Number         0  jae.o(.ARM.exidx)
    uwTickFreq                               0x20000000   Data           1  stm32f4xx_hal.o(.data)
    uwTickPrio                               0x20000004   Data           4  stm32f4xx_hal.o(.data)
    uwTick                                   0x20000008   Data           4  stm32f4xx_hal.o(.data)
    SystemCoreClock                          0x2000000c   Data           4  system_stm32f4xx.o(.data)
    board                                    0x20000010   Data           4  st_main.o(.data)
    huart1                                   0x2000001c   Data          64  main_1.o(.bss)
    __libspace_start                         0x20000074   Data          96  libspace.o(.bss)
    __temporary_stack_top$libspace           0x200000d4   Data           0  libspace.o(.bss)



==============================================================================

Memory Map of the image

  Image Entry point : 0x080001c9

  Load Region LR_IROM1 (Base: 0x08000000, Size: 0x00004d40, Max: 0x00020000, ABSOLUTE)

    Execution Region ER_IROM1 (Exec base: 0x08000000, Load base: 0x08000000, Size: 0x00004d24, Max: 0x00020000, ABSOLUTE)

    Exec Addr    Load Addr    Size         Type   Attr      Idx    E Section Name        Object

    0x08000000   0x08000000   0x000001c8   Data   RO            3    RESET               startup_stm32f410rx.o
    0x080001c8   0x080001c8   0x00000008   Code   RO         2462  * !!!main             c_w.l(__main.o)
    0x080001d0   0x080001d0   0x00000034   Code   RO         3218    !!!scatter          c_w.l(__scatter.o)
    0x08000204   0x08000204   0x0000001a   Code   RO         3220    !!handler_copy      c_w.l(__scatter_copy.o)
    0x0800021e   0x0800021e   0x00000002   PAD
    0x08000220   0x08000220   0x0000001c   Code   RO         3222    !!handler_zi        c_w.l(__scatter_zi.o)
    0x0800023c   0x0800023c   0x00000002   Code   RO         3149    .ARM.Collect$$libinit$$00000000  c_w.l(libinit.o)
    0x0800023e   0x0800023e   0x00000004   Code   RO         2709    .ARM.Collect$$libinit$$00000001  c_w.l(libinit2.o)
    0x08000242   0x08000242   0x00000000   Code   RO         2712    .ARM.Collect$$libinit$$00000004  c_w.l(libinit2.o)
    0x08000242   0x08000242   0x00000008   Code   RO         2713    .ARM.Collect$$libinit$$00000005  c_w.l(libinit2.o)
    0x0800024a   0x0800024a   0x00000000   Code   RO         2715    .ARM.Collect$$libinit$$0000000A  c_w.l(libinit2.o)
    0x0800024a   0x0800024a   0x00000000   Code   RO         2717    .ARM.Collect$$libinit$$0000000C  c_w.l(libinit2.o)
    0x0800024a   0x0800024a   0x00000000   Code   RO         2719    .ARM.Collect$$libinit$$0000000E  c_w.l(libinit2.o)
    0x0800024a   0x0800024a   0x00000000   Code   RO         2722    .ARM.Collect$$libinit$$00000011  c_w.l(libinit2.o)
    0x0800024a   0x0800024a   0x00000000   Code   RO         2724    .ARM.Collect$$libinit$$00000013  c_w.l(libinit2.o)
    0x0800024a   0x0800024a   0x00000000   Code   RO         2726    .ARM.Collect$$libinit$$00000015  c_w.l(libinit2.o)
    0x0800024a   0x0800024a   0x00000000   Code   RO         2728    .ARM.Collect$$libinit$$00000017  c_w.l(libinit2.o)
    0x0800024a   0x0800024a   0x00000000   Code   RO         2730    .ARM.Collect$$libinit$$00000019  c_w.l(libinit2.o)
    0x0800024a   0x0800024a   0x00000000   Code   RO         2732    .ARM.Collect$$libinit$$0000001B  c_w.l(libinit2.o)
    0x0800024a   0x0800024a   0x00000000   Code   RO         2734    .ARM.Collect$$libinit$$0000001D  c_w.l(libinit2.o)
    0x0800024a   0x0800024a   0x00000000   Code   RO         2736    .ARM.Collect$$libinit$$0000001F  c_w.l(libinit2.o)
    0x0800024a   0x0800024a   0x00000000   Code   RO         2738    .ARM.Collect$$libinit$$00000021  c_w.l(libinit2.o)
    0x0800024a   0x0800024a   0x00000000   Code   RO         2740    .ARM.Collect$$libinit$$00000023  c_w.l(libinit2.o)
    0x0800024a   0x0800024a   0x00000000   Code   RO         2742    .ARM.Collect$$libinit$$00000025  c_w.l(libinit2.o)
    0x0800024a   0x0800024a   0x00000000   Code   RO         2746    .ARM.Collect$$libinit$$0000002C  c_w.l(libinit2.o)
    0x0800024a   0x0800024a   0x00000000   Code   RO         2748    .ARM.Collect$$libinit$$0000002E  c_w.l(libinit2.o)
    0x0800024a   0x0800024a   0x00000000   Code   RO         2750    .ARM.Collect$$libinit$$00000030  c_w.l(libinit2.o)
    0x0800024a   0x0800024a   0x00000004   Code   RO         2751    .ARM.Collect$$libinit$$00000031  c_w.l(libinit2.o)
    0x0800024e   0x0800024e   0x00000000   Code   RO         2752    .ARM.Collect$$libinit$$00000032  c_w.l(libinit2.o)
    0x0800024e   0x0800024e   0x00000002   Code   RO         2753    .ARM.Collect$$libinit$$00000033  c_w.l(libinit2.o)
    0x08000250   0x08000250   0x00000002   Code   RO         3203    .ARM.Collect$$libshutdown$$00000000  c_w.l(libshutdown.o)
    0x08000252   0x08000252   0x00000006   Code   RO         3018    .ARM.Collect$$libshutdown$$00000001  c_w.l(libshutdown2.o)
    0x08000258   0x08000258   0x00000000   Code   RO         3019    .ARM.Collect$$libshutdown$$00000002  c_w.l(libshutdown2.o)
    0x08000258   0x08000258   0x00000000   Code   RO         3021    .ARM.Collect$$libshutdown$$00000004  c_w.l(libshutdown2.o)
    0x08000258   0x08000258   0x00000000   Code   RO         3024    .ARM.Collect$$libshutdown$$00000007  c_w.l(libshutdown2.o)
    0x08000258   0x08000258   0x00000000   Code   RO         3027    .ARM.Collect$$libshutdown$$0000000A  c_w.l(libshutdown2.o)
    0x08000258   0x08000258   0x00000000   Code   RO         3029    .ARM.Collect$$libshutdown$$0000000C  c_w.l(libshutdown2.o)
    0x08000258   0x08000258   0x00000000   Code   RO         3032    .ARM.Collect$$libshutdown$$0000000F  c_w.l(libshutdown2.o)
    0x08000258   0x08000258   0x00000002   Code   RO         3033    .ARM.Collect$$libshutdown$$00000010  c_w.l(libshutdown2.o)
    0x0800025a   0x0800025a   0x00000000   Code   RO         2635    .ARM.Collect$$rtentry$$00000000  c_w.l(__rtentry.o)
    0x0800025a   0x0800025a   0x00000000   Code   RO         2957    .ARM.Collect$$rtentry$$00000002  c_w.l(__rtentry2.o)
    0x0800025a   0x0800025a   0x00000006   Code   RO         2969    .ARM.Collect$$rtentry$$00000004  c_w.l(__rtentry4.o)
    0x08000260   0x08000260   0x00000000   Code   RO         2959    .ARM.Collect$$rtentry$$00000009  c_w.l(__rtentry2.o)
    0x08000260   0x08000260   0x00000004   Code   RO         2960    .ARM.Collect$$rtentry$$0000000A  c_w.l(__rtentry2.o)
    0x08000264   0x08000264   0x00000000   Code   RO         2962    .ARM.Collect$$rtentry$$0000000C  c_w.l(__rtentry2.o)
    0x08000264   0x08000264   0x00000008   Code   RO         2963    .ARM.Collect$$rtentry$$0000000D  c_w.l(__rtentry2.o)
    0x0800026c   0x0800026c   0x00000002   Code   RO         3168    .ARM.Collect$$rtexit$$00000000  c_w.l(rtexit.o)
    0x0800026e   0x0800026e   0x00000000   Code   RO         3183    .ARM.Collect$$rtexit$$00000002  c_w.l(rtexit2.o)
    0x0800026e   0x0800026e   0x00000004   Code   RO         3184    .ARM.Collect$$rtexit$$00000003  c_w.l(rtexit2.o)
    0x08000272   0x08000272   0x00000006   Code   RO         3185    .ARM.Collect$$rtexit$$00000004  c_w.l(rtexit2.o)
    0x08000278   0x08000278   0x00000020   Code   RO         2615    .emb_text           cpprt_w.l(arm_exceptions_cleanup.o)
    0x08000298   0x08000298   0x0000007c   Code   RO         2938    .emb_text           cpprt_w.l(unwinder.o)
    0x08000314   0x08000314   0x00000004   Code   RO         2949    .emb_text           cpprt_w.l(unwind_activity.o)
    0x08000318   0x08000318   0x00000000   Code   RO         3117    .emb_text           c_w.l(maybetermalloc1.o)
    0x08000318   0x08000318   0x00000040   Code   RO            4    .text               startup_stm32f410rx.o
    0x08000358   0x08000358   0x000000ee   Code   RO         2448    .text               c_w.l(lludivv7m.o)
    0x08000446   0x08000446   0x0000002e   Code   RO         2453    .text               c_w.l(aeabi_atexit.o)
    0x08000474   0x08000474   0x0000003e   Code   RO         2456    .text               c_w.l(strlen.o)
    0x080004b2   0x080004b2   0x00000064   Code   RO         2458    .text               c_w.l(rt_memcpy_w.o)
    0x08000516   0x08000516   0x00000006   Code   RO         2460    .text               c_w.l(heapauxi.o)
    0x0800051c   0x0800051c   0x00000024   Code   RO         2467    .text               c_w.l(init_aeabi.o)
    0x08000540   0x08000540   0x00000060   Code   RO         2603    .text               cpprt_w.l(arm_exceptions_alloc.o)
    0x080005a0   0x080005a0   0x0000004a   Code   RO         2606    .text               cpprt_w.l(arm_exceptions_endcatch.o)
    0x080005ea   0x080005ea   0x00000038   Code   RO         2609    .text               cpprt_w.l(arm_exceptions_callterm.o)
    0x08000622   0x08000622   0x00000048   Code   RO         2612    .text               cpprt_w.l(arm_exceptions_begincatch.o)
    0x0800066a   0x0800066a   0x0000007c   Code   RO         2617    .text               cpprt_w.l(arm_exceptions_cleanup.o)
    0x080006e6   0x080006e6   0x00000002   PAD
    0x080006e8   0x080006e8   0x00000190   Code   RO         2621    .text               cpprt_w.l(arm_exceptions_throw.o)
    0x08000878   0x08000878   0x00000006   Code   RO         2632    .text               cpprt_w.l(unwind_pr0.o)
    0x0800087e   0x0800087e   0x00000002   PAD
    0x08000880   0x08000880   0x00000008   Code   RO         2643    .text               c_w.l(rt_new_handler_addr_intlibspace.o)
    0x08000888   0x08000888   0x00000008   Code   RO         2648    .text               c_w.l(rt_ddtor_pointer_addr_intlibspace.o)
    0x08000890   0x08000890   0x0000005e   Code   RO         2652    .text               c_w.l(h1_alloc.o)
    0x080008ee   0x080008ee   0x00000042   Code   RO         2706    .text               c_w.l(cxa_finalize.o)
    0x08000930   0x08000930   0x00000022   Code   RO         2907    .text               cpprt_w.l(arm_exceptions_free.o)
    0x08000952   0x08000952   0x0000001a   Code   RO         2910    .text               cpprt_w.l(arm_exceptions_terminate.o)
    0x0800096c   0x0800096c   0x0000003c   Code   RO         2913    .text               cpprt_w.l(arm_exceptions_mem.o)
    0x080009a8   0x080009a8   0x0000002c   Code   RO         2916    .text               cpprt_w.l(arm_exceptions_support.o)
    0x080009d4   0x080009d4   0x00000052   Code   RO         2920    .text               cpprt_w.l(arm_exceptions_rethrow.o)
    0x08000a26   0x08000a26   0x00000002   PAD
    0x08000a28   0x08000a28   0x000000d0   Code   RO         2923    .text               cpprt_w.l(arm_exceptions_callunex.o)
    0x08000af8   0x08000af8   0x00000030   Code   RO         2929    .text               cpprt_w.l(arm_exceptions_bad_typeid.o)
    0x08000b28   0x08000b28   0x00000042   Code   RO         2932    .text               cpprt_w.l(arm_exceptions_foreign.o)
    0x08000b6a   0x08000b6a   0x00000002   PAD
    0x08000b6c   0x08000b6c   0x00000050   Code   RO         2935    .text               cpprt_w.l(arm_exceptions_globs.o)
    0x08000bbc   0x08000bbc   0x000003cc   Code   RO         2939    .text               cpprt_w.l(unwinder.o)
    0x08000f88   0x08000f88   0x0000000e   Code   RO         2943    .text               cpprt_w.l(unwind_delete.o)
    0x08000f96   0x08000f96   0x00000002   PAD
    0x08000f98   0x08000f98   0x000005f8   Code   RO         2946    .text               cpprt_w.l(unwind_prcommon.o)
    0x08001590   0x08001590   0x00000008   Code   RO         2951    .text               c_w.l(libspace.o)
    0x08001598   0x08001598   0x00000008   Code   RO         2976    .text               c_w.l(rt_heap_descriptor_intlibspace.o)
    0x080015a0   0x080015a0   0x00000008   Code   RO         2981    .text               c_w.l(rt_eh_globals_addr_intlibspace.o)
    0x080015a8   0x080015a8   0x00000004   Code   RO         2983    .text               c_w.l(hguard.o)
    0x080015ac   0x080015ac   0x0000008a   Code   RO         2985    .text               c_w.l(init_alloc.o)
    0x08001636   0x08001636   0x0000000e   Code   RO         2991    .text               c_w.l(h1_init.o)
    0x08001644   0x08001644   0x0000004e   Code   RO         2993    .text               c_w.l(h1_free.o)
    0x08001692   0x08001692   0x00000016   Code   RO         3009    .text               c_w.l(abort.o)
    0x080016a8   0x080016a8   0x00000050   Code   RO         3011    .text               c_w.l(bsearch.o)
    0x080016f8   0x080016f8   0x0000001e   Code   RO         3104    .text               cpprt_w.l(arm_exceptions_unexpected.o)
    0x08001716   0x08001716   0x00000002   PAD
    0x08001718   0x08001718   0x0000000c   Code   RO         3111    .text               c_w.l(sys_exit.o)
    0x08001724   0x08001724   0x0000004a   Code   RO         3113    .text               c_w.l(sys_stackheap_outer.o)
    0x0800176e   0x0800176e   0x00000034   Code   RO         3119    .text               c_w.l(h1_extend.o)
    0x080017a2   0x080017a2   0x00000012   Code   RO         3123    .text               c_w.l(exit.o)
    0x080017b4   0x080017b4   0x0000000e   Code   RO         3125    .text               c_w.l(defsig_abrt_outer.o)
    0x080017c2   0x080017c2   0x0000000e   Code   RO         3133    .text               c_w.l(defsig_rtmem_outer.o)
    0x080017d0   0x080017d0   0x00000002   Code   RO         3165    .text               c_w.l(use_no_semi.o)
    0x080017d2   0x080017d2   0x00000000   Code   RO         3167    .text               c_w.l(indicate_semi.o)
    0x080017d2   0x080017d2   0x0000000a   Code   RO         3174    .text               c_w.l(defsig_exit.o)
    0x080017dc   0x080017dc   0x00000030   Code   RO         3176    .text               c_w.l(defsig_abrt_inner.o)
    0x0800180c   0x0800180c   0x00000050   Code   RO         3180    .text               c_w.l(defsig_rtmem_inner.o)
    0x0800185c   0x0800185c   0x00000032   Code   RO         3195    .text               c_w.l(defsig_general.o)
    0x0800188e   0x0800188e   0x0000000e   Code   RO         3197    .text               c_w.l(sys_wrch.o)
    0x0800189c   0x0800189c   0x00000008   Code   RO         2622    .text.clean         cpprt_w.l(arm_exceptions_throw.o)
    0x080018a4   0x080018a4   0x0000000c   Code   RO         2924    .text.clean         cpprt_w.l(arm_exceptions_callunex.o)
    0x080018b0   0x080018b0   0x00000002   Code   RO          157    i.BusFault_Handler  stm32f4xx_it.o
    0x080018b2   0x080018b2   0x00000002   Code   RO          158    i.DebugMon_Handler  stm32f4xx_it.o
    0x080018b4   0x080018b4   0x0000008e   Code   RO         1318    i.HAL_DMA_Abort     stm32f4xx_hal_dma.o
    0x08001942   0x08001942   0x00000024   Code   RO         1319    i.HAL_DMA_Abort_IT  stm32f4xx_hal_dma.o
    0x08001966   0x08001966   0x00000124   Code   RO         1325    i.HAL_DMA_PollForTransfer  stm32f4xx_hal_dma.o
    0x08001a8a   0x08001a8a   0x00000046   Code   RO         1326    i.HAL_DMA_Start     stm32f4xx_hal_dma.o
    0x08001ad0   0x08001ad0   0x00000078   Code   RO         1327    i.HAL_DMA_Start_IT  stm32f4xx_hal_dma.o
    0x08001b48   0x08001b48   0x00000024   Code   RO         1837    i.HAL_Delay         stm32f4xx_hal.o
    0x08001b6c   0x08001b6c   0x0000016c   Code   RO         1196    i.HAL_GPIO_Init     stm32f4xx_hal_gpio.o
    0x08001cd8   0x08001cd8   0x0000000a   Code   RO         1198    i.HAL_GPIO_ReadPin  stm32f4xx_hal_gpio.o
    0x08001ce2   0x08001ce2   0x00000008   Code   RO         1199    i.HAL_GPIO_TogglePin  stm32f4xx_hal_gpio.o
    0x08001cea   0x08001cea   0x0000000a   Code   RO         1200    i.HAL_GPIO_WritePin  stm32f4xx_hal_gpio.o
    0x08001cf4   0x08001cf4   0x0000000c   Code   RO         1843    i.HAL_GetTick       stm32f4xx_hal.o
    0x08001d00   0x08001d00   0x0000000c   Code   RO         1844    i.HAL_GetTickFreq   stm32f4xx_hal.o
    0x08001d0c   0x08001d0c   0x0000000c   Code   RO         1845    i.HAL_GetTickPrio   stm32f4xx_hal.o
    0x08001d18   0x08001d18   0x0000006c   Code   RO          338    i.HAL_HalfDuplex_Init  stm32f4xx_hal_uart.o
    0x08001d84   0x08001d84   0x00000010   Code   RO         1847    i.HAL_IncTick       stm32f4xx_hal.o
    0x08001d94   0x08001d94   0x00000034   Code   RO         1848    i.HAL_Init          stm32f4xx_hal.o
    0x08001dc8   0x08001dc8   0x00000040   Code   RO         1849    i.HAL_InitTick      stm32f4xx_hal.o
    0x08001e08   0x08001e08   0x00000080   Code   RO          339    i.HAL_LIN_Init      stm32f4xx_hal_uart.o
    0x08001e88   0x08001e88   0x00000084   Code   RO          252    i.HAL_MspInit       stm32f4xx_hal_msp.o
    0x08001f0c   0x08001f0c   0x0000008e   Code   RO          343    i.HAL_MultiProcessor_Init  stm32f4xx_hal_uart.o
    0x08001f9a   0x08001f9a   0x00000016   Code   RO         1678    i.HAL_NVIC_EnableIRQ  stm32f4xx_hal_cortex.o
    0x08001fb0   0x08001fb0   0x00000040   Code   RO         1684    i.HAL_NVIC_SetPriority  stm32f4xx_hal_cortex.o
    0x08001ff0   0x08001ff0   0x00000024   Code   RO         1685    i.HAL_NVIC_SetPriorityGrouping  stm32f4xx_hal_cortex.o
    0x08002014   0x08002014   0x00000130   Code   RO          720    i.HAL_RCC_ClockConfig  stm32f4xx_hal_rcc.o
    0x08002144   0x08002144   0x0000000c   Code   RO          725    i.HAL_RCC_GetHCLKFreq  stm32f4xx_hal_rcc.o
    0x08002150   0x08002150   0x00000020   Code   RO          727    i.HAL_RCC_GetPCLK1Freq  stm32f4xx_hal_rcc.o
    0x08002170   0x08002170   0x00000020   Code   RO          728    i.HAL_RCC_GetPCLK2Freq  stm32f4xx_hal_rcc.o
    0x08002190   0x08002190   0x00000060   Code   RO          729    i.HAL_RCC_GetSysClockFreq  stm32f4xx_hal_rcc.o
    0x080021f0   0x080021f0   0x00000328   Code   RO          844    i.HAL_RCC_OscConfig  stm32f4xx_hal_rcc_ex.o
    0x08002518   0x08002518   0x00000018   Code   RO         1687    i.HAL_SYSTICK_CLKSourceConfig  stm32f4xx_hal_cortex.o
    0x08002530   0x08002530   0x00000002   Code   RO         1688    i.HAL_SYSTICK_Callback  stm32f4xx_hal_cortex.o
    0x08002532   0x08002532   0x0000002a   Code   RO         1689    i.HAL_SYSTICK_Config  stm32f4xx_hal_cortex.o
    0x0800255c   0x0800255c   0x00000008   Code   RO         1690    i.HAL_SYSTICK_IRQHandler  stm32f4xx_hal_cortex.o
    0x08002564   0x08002564   0x0000001c   Code   RO         1853    i.HAL_SetTickFreq   stm32f4xx_hal.o
    0x08002580   0x08002580   0x00000058   Code   RO          355    i.HAL_UART_DMAStop  stm32f4xx_hal_uart.o
    0x080025d8   0x080025d8   0x00000002   Code   RO          357    i.HAL_UART_ErrorCallback  stm32f4xx_hal_uart.o
    0x080025da   0x080025da   0x00000002   PAD
    0x080025dc   0x080025dc   0x00000110   Code   RO          360    i.HAL_UART_IRQHandler  stm32f4xx_hal_uart.o
    0x080026ec   0x080026ec   0x00000062   Code   RO          361    i.HAL_UART_Init     stm32f4xx_hal_uart.o
    0x0800274e   0x0800274e   0x00000002   PAD
    0x08002750   0x08002750   0x0000005c   Code   RO          254    i.HAL_UART_MspInit  stm32f4xx_hal_msp.o
    0x080027ac   0x080027ac   0x000000b8   Code   RO          364    i.HAL_UART_Receive  stm32f4xx_hal_uart.o
    0x08002864   0x08002864   0x00000098   Code   RO          365    i.HAL_UART_Receive_DMA  stm32f4xx_hal_uart.o
    0x080028fc   0x080028fc   0x00000002   Code   RO          367    i.HAL_UART_RxCpltCallback  stm32f4xx_hal_uart.o
    0x080028fe   0x080028fe   0x00000002   Code   RO          368    i.HAL_UART_RxHalfCpltCallback  stm32f4xx_hal_uart.o
    0x08002900   0x08002900   0x000000b8   Code   RO          369    i.HAL_UART_Transmit  stm32f4xx_hal_uart.o
    0x080029b8   0x080029b8   0x00000080   Code   RO          370    i.HAL_UART_Transmit_DMA  stm32f4xx_hal_uart.o
    0x08002a38   0x08002a38   0x00000002   Code   RO          372    i.HAL_UART_TxCpltCallback  stm32f4xx_hal_uart.o
    0x08002a3a   0x08002a3a   0x00000002   Code   RO          373    i.HAL_UART_TxHalfCpltCallback  stm32f4xx_hal_uart.o
    0x08002a3c   0x08002a3c   0x00000002   Code   RO          159    i.HardFault_Handler  stm32f4xx_it.o
    0x08002a3e   0x08002a3e   0x00000002   Code   RO          160    i.MemManage_Handler  stm32f4xx_it.o
    0x08002a40   0x08002a40   0x00000002   Code   RO          161    i.NMI_Handler       stm32f4xx_it.o
    0x08002a42   0x08002a42   0x00000002   Code   RO          162    i.PendSV_Handler    stm32f4xx_it.o
    0x08002a44   0x08002a44   0x00000002   Code   RO          163    i.SVC_Handler       stm32f4xx_it.o
    0x08002a46   0x08002a46   0x0000000e   Code   RO          164    i.SysTick_Handler   stm32f4xx_it.o
    0x08002a54   0x08002a54   0x00000078   Code   RO         2029    i.SystemCoreClockUpdate  system_stm32f4xx.o
    0x08002acc   0x08002acc   0x00000054   Code   RO         2030    i.SystemInit        system_stm32f4xx.o
    0x08002b20   0x08002b20   0x0000000c   Code   RO          165    i.USART1_IRQHandler  stm32f4xx_it.o
    0x08002b2c   0x08002b2c   0x00000002   Code   RO          166    i.UsageFault_Handler  stm32f4xx_it.o
    0x08002b2e   0x08002b2e   0x00000002   PAD
    0x08002b30   0x08002b30   0x000000f8   Code   RO         2072    i._Z10InitStMainP18UART_HandleTypeDef  st_main.o
    0x08002c28   0x08002c28   0x00000008   Code   RO         2073    i._Z10InitStMainP18UART_HandleTypeDef.clean  st_main.o
    0x08002c30   0x08002c30   0x000000a8   Code   RO         2146    i._Z10getPinNameRKh  jae.o
    0x08002cd8   0x08002cd8   0x00000024   Code   RO         2405    i._Z11ToggleBlinkv  sm_main_main.o
    0x08002cfc   0x08002cfc   0x00000064   Code   RO         2147    i._Z11getPinGroupRKh  jae.o
    0x08002d60   0x08002d60   0x000000d0   Code   RO         2074    i._Z12UpdateStMainv  st_main.o
    0x08002e30   0x08002e30   0x00000008   Code   RO         2075    i._Z12UpdateStMainv.clean  st_main.o
    0x08002e38   0x08002e38   0x0000006c   Code   RO         2076    i._Z14checkErrorTypei  st_main.o
    0x08002ea4   0x08002ea4   0x0000008c   Code   RO           17    i._Z18SystemClock_Configv  main_1.o
    0x08002f30   0x08002f30   0x00000030   Code   RO         2757    i._Z21__default_new_handlerv  cpprt_w.l(newhandler.o)
    0x08002f60   0x08002f60   0x00000028   Code   RO         2406    i._Z4Initv          sm_main_main.o
    0x08002f88   0x08002f88   0x00000028   Code   RO         2407    i._Z6Updatev        sm_main_main.o
    0x08002fb0   0x08002fb0   0x00000034   Code   RO           18    i._ZN23_INTERNAL_6_main_c_main19MX_USART1_UART_InitEv  main_1.o
    0x08002fe4   0x08002fe4   0x00000046   Code   RO         2760    i._ZN27_INTERNAL_6_rtti_c_066a44b012tbc_downcastEPvPKSt9type_infoP28a_base_class_traversal_blockPN10__cxxabiv122__base_class_type_infoE  cpprt_w.l(rtti.o)
    0x0800302a   0x0800302a   0x00000016   Code   RO         2761    i._ZN27_INTERNAL_6_rtti_c_066a44b017tbc_post_downcastEPvPKSt9type_infoP28a_base_class_traversal_blockPN10__cxxabiv122__base_class_type_infoE  cpprt_w.l(rtti.o)
    0x08003040   0x08003040   0x000000a4   Code   RO         2762    i._ZN27_INTERNAL_6_rtti_c_066a44b021traverse_base_classesEPvPKSt9type_infoP28a_base_class_traversal_blockPN10__cxxabiv122__base_class_type_infoE  cpprt_w.l(rtti.o)
    0x080030e4   0x080030e4   0x000000c0   Code   RO         2763    i._ZN27_INTERNAL_6_rtti_c_066a44b023find_base_class_at_addrEPvS0_PKSt9type_infoS3_Pi  cpprt_w.l(rtti.o)
    0x080031a4   0x080031a4   0x0000000e   Code   RO         2764    i._ZN27_INTERNAL_6_rtti_c_066a44b024get_virtual_base_pointerEPvPN10__cxxabiv122__base_class_type_infoE  cpprt_w.l(rtti.o)
    0x080031b2   0x080031b2   0x00000002   PAD
    0x080031b4   0x080031b4   0x000001e4   Code   RO         2765    i._ZN27_INTERNAL_6_rtti_c_066a44b028derived_to_base_conversion_rEPvPS0_PKSt9type_infoS4_jPiiPS4_P19a_result_virtualityS5_  cpprt_w.l(rtti.o)
    0x08003398   0x08003398   0x00000022   Code   RO         2148    i._ZN3JAE10TOGGLE_PINERKh  jae.o
    0x080033ba   0x080033ba   0x00000024   Code   RO         2149    i._ZN3JAE11SET_PIN_LOWERKh  jae.o
    0x080033de   0x080033de   0x00000024   Code   RO         2150    i._ZN3JAE12SET_PIN_HIGHERKh  jae.o
    0x08003402   0x08003402   0x00000002   PAD
    0x08003404   0x08003404   0x000000a8   Code   RO         2151    i._ZN3JAE14Callback_DelayElPFvvE  jae.o
    0x080034ac   0x080034ac   0x00000118   Code   RO         2152    i._ZN3JAE14SET_PIN_OUTPUTERKh  jae.o
    0x080035c4   0x080035c4   0x0000002c   Code   RO         2153    i._ZN3JAE16READ_PIN_DIGITALERKh  jae.o
    0x080035f0   0x080035f0   0x00000118   Code   RO         2154    i._ZN3JAE20SET_PIN_INPUT_ANALOGERKh  jae.o
    0x08003708   0x08003708   0x00000118   Code   RO         2155    i._ZN3JAE21SET_PIN_INPUT_DIGITALERKh  jae.o
    0x08003820   0x08003820   0x00000118   Code   RO         2156    i._ZN3JAE27SET_PIN_INPUT_ANALOG_PULLUPERKh  jae.o
    0x08003938   0x08003938   0x00000118   Code   RO         2157    i._ZN3JAE28SET_PIN_INPUT_DIGITAL_PULLUPERKh  jae.o
    0x08003a50   0x08003a50   0x00000118   Code   RO         2158    i._ZN3JAE29SET_PIN_INPUT_ANALOG_PULLDOWNERKh  jae.o
    0x08003b68   0x08003b68   0x00000118   Code   RO         2159    i._ZN3JAE30SET_PIN_INPUT_DIGITAL_PULLDOWNERKh  jae.o
    0x08003c80   0x08003c80   0x00000002   Code   RO         2160    i._ZN3JAE4initEv    jae.o
    0x08003c82   0x08003c82   0x00000002   PAD
    0x08003c84   0x08003c84   0x000000b0   Code   RO         2161    i._ZN3JAE6updateEv  jae.o
    0x08003d34   0x08003d34   0x00000028   Code   RO         1330    i._ZN41_INTERNAL_19_stm32f4xx_hal_dma_c_c25f65ec13DMA_SetConfigEP19__DMA_HandleTypeDefjjj  stm32f4xx_hal_dma.o
    0x08003d5c   0x08003d5c   0x0000004a   Code   RO          374    i._ZN42_INTERNAL_20_stm32f4xx_hal_uart_c_d497114f13UART_DMAErrorEP19__DMA_HandleTypeDef  stm32f4xx_hal_uart.o
    0x08003da6   0x08003da6   0x00000002   PAD
    0x08003da8   0x08003da8   0x000002b8   Code   RO          375    i._ZN42_INTERNAL_20_stm32f4xx_hal_uart_c_d497114f14UART_SetConfigEP18UART_HandleTypeDef  stm32f4xx_hal_uart.o
    0x08004060   0x08004060   0x0000008c   Code   RO          376    i._ZN42_INTERNAL_20_stm32f4xx_hal_uart_c_d497114f15UART_Receive_ITEP18UART_HandleTypeDef  stm32f4xx_hal_uart.o
    0x080040ec   0x080040ec   0x00000062   Code   RO          377    i._ZN42_INTERNAL_20_stm32f4xx_hal_uart_c_d497114f16UART_Transmit_ITEP18UART_HandleTypeDef  stm32f4xx_hal_uart.o
    0x0800414e   0x0800414e   0x0000000a   Code   RO          378    i._ZN42_INTERNAL_20_stm32f4xx_hal_uart_c_d497114f18UART_DMARxHalfCpltEP19__DMA_HandleTypeDef  stm32f4xx_hal_uart.o
    0x08004158   0x08004158   0x0000000a   Code   RO          379    i._ZN42_INTERNAL_20_stm32f4xx_hal_uart_c_d497114f18UART_DMATxHalfCpltEP19__DMA_HandleTypeDef  stm32f4xx_hal_uart.o
    0x08004162   0x08004162   0x0000001c   Code   RO          380    i._ZN42_INTERNAL_20_stm32f4xx_hal_uart_c_d497114f18UART_EndRxTransferEP18UART_HandleTypeDef  stm32f4xx_hal_uart.o
    0x0800417e   0x0800417e   0x00000012   Code   RO          381    i._ZN42_INTERNAL_20_stm32f4xx_hal_uart_c_d497114f18UART_EndTxTransferEP18UART_HandleTypeDef  stm32f4xx_hal_uart.o
    0x08004190   0x08004190   0x0000003c   Code   RO          382    i._ZN42_INTERNAL_20_stm32f4xx_hal_uart_c_d497114f19UART_DMAReceiveCpltEP19__DMA_HandleTypeDef  stm32f4xx_hal_uart.o
    0x080041cc   0x080041cc   0x00000010   Code   RO          383    i._ZN42_INTERNAL_20_stm32f4xx_hal_uart_c_d497114f20UART_DMAAbortOnErrorEP19__DMA_HandleTypeDef  stm32f4xx_hal_uart.o
    0x080041dc   0x080041dc   0x0000002e   Code   RO          384    i._ZN42_INTERNAL_20_stm32f4xx_hal_uart_c_d497114f20UART_DMATransmitCpltEP19__DMA_HandleTypeDef  stm32f4xx_hal_uart.o
    0x0800420a   0x0800420a   0x00000064   Code   RO          389    i._ZN42_INTERNAL_20_stm32f4xx_hal_uart_c_d497114f27UART_WaitOnFlagUntilTimeoutEP18UART_HandleTypeDefj10FlagStatusjj  stm32f4xx_hal_uart.o
    0x0800426e   0x0800426e   0x00000020   Code   RO         1691    i._ZN44_INTERNAL_22_stm32f4xx_hal_cortex_c_2992dbc016NVIC_SetPriorityE9IRQn_Typej  stm32f4xx_hal_cortex.o
    0x0800428e   0x0800428e   0x0000001c   Code   RO         2319    i._ZN5Board10printDebugEPc  boardinfo.o
    0x080042aa   0x080042aa   0x0000000c   Code   RO         2321    i._ZN5Board11boardUpdateEv  boardinfo.o
    0x080042b6   0x080042b6   0x00000002   PAD
    0x080042b8   0x080042b8   0x00000020   Code   RO         2322    i._ZN5Board12setDebugLineEP18UART_HandleTypeDef  boardinfo.o
    0x080042d8   0x080042d8   0x00000004   Code   RO         2323    i._ZN5Board14getCycleMillisEv  boardinfo.o
    0x080042dc   0x080042dc   0x0000001c   Code   RO         2324    i._ZN5Board8getBoardEv  boardinfo.o
    0x080042f8   0x080042f8   0x0000000c   Code   RO         2326    i._ZN5Board9boardInitEv  boardinfo.o
    0x08004304   0x08004304   0x00000020   Code   RO         2901    i._ZNKSt9type_infoeqERKS_  cpprt_w.l(type_info_eq.o)
    0x08004324   0x08004324   0x00000020   Code   RO         2904    i._ZNKSt9type_infoneERKS_  cpprt_w.l(type_info_ne.o)
    0x08004344   0x08004344   0x00000010   Code   RO         3060    i._ZNSt10bad_typeidC1ERKS_  cpprt_w.l(bad_typeid.o)
    0x08004354   0x08004354   0x00000010   Code   RO         3061    i._ZNSt10bad_typeidC1Ev  cpprt_w.l(bad_typeid.o)
    0x08004364   0x08004364   0x0000000e   Code   RO         3062    i._ZNSt10bad_typeidD0Ev  cpprt_w.l(bad_typeid.o)
    0x08004372   0x08004372   0x00000008   Code   RO         3063    i._ZNSt10bad_typeidD1Ev  cpprt_w.l(bad_typeid.o)
    0x0800437a   0x0800437a   0x00000002   PAD
    0x0800437c   0x0800437c   0x00000010   Code   RO         3043    i._ZNSt13bad_exceptionC1ERKS_  cpprt_w.l(bad_exception_cctor.o)
    0x0800438c   0x0800438c   0x00000010   Code   RO         3046    i._ZNSt13bad_exceptionC1Ev  cpprt_w.l(bad_exception_ctor.o)
    0x0800439c   0x0800439c   0x0000000e   Code   RO         3049    i._ZNSt13bad_exceptionD0Ev  cpprt_w.l(bad_exception_dtor.o)
    0x080043aa   0x080043aa   0x00000008   Code   RO         3050    i._ZNSt13bad_exceptionD1Ev  cpprt_w.l(bad_exception_dtor.o)
    0x080043b2   0x080043b2   0x00000002   PAD
    0x080043b4   0x080043b4   0x00000010   Code   RO         3034    i._ZNSt9bad_allocC1ERKS_  cpprt_w.l(bad_alloc_cctor.o)
    0x080043c4   0x080043c4   0x00000010   Code   RO         3037    i._ZNSt9bad_allocC1Ev  cpprt_w.l(bad_alloc_ctor.o)
    0x080043d4   0x080043d4   0x0000000e   Code   RO         2788    i._ZNSt9bad_allocD0Ev  cpprt_w.l(bad_alloc_dtor.o)
    0x080043e2   0x080043e2   0x00000008   Code   RO         2789    i._ZNSt9bad_allocD1Ev  cpprt_w.l(bad_alloc_dtor.o)
    0x080043ea   0x080043ea   0x00000002   PAD
    0x080043ec   0x080043ec   0x0000000c   Code   RO         3156    i._ZNSt9exceptionC1ERKS_  cpprt_w.l(exception_cctor.o)
    0x080043f8   0x080043f8   0x0000000c   Code   RO         3159    i._ZNSt9exceptionC1Ev  cpprt_w.l(exception_ctor.o)
    0x08004404   0x08004404   0x00000008   Code   RO         2470    i._ZdaPv            cpprt_w.l(array_del.o)
    0x0800440c   0x0800440c   0x00000008   Code   RO         2754    i._ZdlPv            cpprt_w.l(delete.o)
    0x08004414   0x08004414   0x00000008   Code   RO         2473    i._Znaj             cpprt_w.l(array_new.o)
    0x0800441c   0x0800441c   0x00000028   Code   RO         2477    i._Znwj             cpprt_w.l(new.o)
    0x08004444   0x08004444   0x00000020   Code   RO         2629    i.__ARM_common_get_typeid  cpprt_w.l(arm_exceptions_throw.o)
    0x08004464   0x08004464   0x00000070   Code   RO         2766    i.__derived_to_base_conversion  cpprt_w.l(rtti.o)
    0x080044d4   0x080044d4   0x000000b4   Code   RO         2767    i.__dynamic_cast    cpprt_w.l(rtti.o)
    0x08004588   0x08004588   0x00000010   Code   RO         2077    i.__sti___11_St_main_cpp_board  st_main.o
    0x08004598   0x08004598   0x00000048   Code   RO         2162    i.__sti___7_JAE_cpp_233f7419  jae.o
    0x080045e0   0x080045e0   0x00000070   Code   RO           19    i.main              main_1.o
    0x08004650   0x08004650   0x0000000e   Code   RO         2262    t._ZN3JAE6VectorIPFvvEED1Ev  jae.o
    0x0800465e   0x0800465e   0x0000000e   Code   RO         2268    t._ZN3JAE6VectorIlED1Ev  jae.o
    0x0800466c   0x0800466c   0x0000000a   Code   RO         3107    x$fpl$fpinit        fz_wm.l(fpinit.o)
    0x08004676   0x08004676   0x00000002   PAD
    0x08004678   0x08004678   0x00000070   Data   RO         2084    .ARM.extab          st_main.o
    0x080046e8   0x080046e8   0x00000070   Data   RO         2085    .ARM.extab          st_main.o
    0x08004758   0x08004758   0x00000014   Data   RO         2475    .ARM.extab          cpprt_w.l(array_new.o)
    0x0800476c   0x0800476c   0x00000014   Data   RO         2479    .ARM.extab          cpprt_w.l(new.o)
    0x08004780   0x08004780   0x0000001c   Data   RO         2625    .ARM.extab          cpprt_w.l(arm_exceptions_throw.o)
    0x0800479c   0x0800479c   0x00000038   Data   RO         2927    .ARM.extab          cpprt_w.l(arm_exceptions_callunex.o)
    0x080047d4   0x080047d4   0x00000010   Data   RO         2033    .constdata          system_stm32f4xx.o
    0x080047e4   0x080047e4   0x00000008   Data   RO         2034    .constdata          system_stm32f4xx.o
    0x080047ec   0x080047ec   0x0000000c   Data   RO         2918    .constdata          cpprt_w.l(arm_exceptions_support.o)
    0x080047f8   0x080047f8   0x0000000c   Data   RO         2885    .constdata__ZTIN10__cxxabiv117__class_type_infoE  cpprt_w.l(lib_rtti_impl.o)
    0x08004804   0x08004804   0x0000000c   Data   RO         2888    .constdata__ZTIN10__cxxabiv117__pbase_type_infoE  cpprt_w.l(lib_rtti_impl.o)
    0x08004810   0x08004810   0x0000000c   Data   RO         2889    .constdata__ZTIN10__cxxabiv119__pointer_type_infoE  cpprt_w.l(lib_rtti_impl.o)
    0x0800481c   0x0800481c   0x0000000c   Data   RO         2886    .constdata__ZTIN10__cxxabiv120__si_class_type_infoE  cpprt_w.l(lib_rtti_impl.o)
    0x08004828   0x08004828   0x0000000c   Data   RO         2887    .constdata__ZTIN10__cxxabiv121__vmi_class_type_infoE  cpprt_w.l(lib_rtti_impl.o)
    0x08004834   0x08004834   0x0000000c   Data   RO         2881    .constdata__ZTIN10__cxxabiv123__fundamental_type_infoE  cpprt_w.l(lib_rtti_impl.o)
    0x08004840   0x08004840   0x0000000c   Data   RO         3079    .constdata__ZTISt10bad_typeid  cpprt_w.l(bad_typeid.o)
    0x0800484c   0x0800484c   0x0000000c   Data   RO         3057    .constdata__ZTISt13bad_exception  cpprt_w.l(bad_exception_dtor.o)
    0x08004858   0x08004858   0x0000000c   Data   RO         2796    .constdata__ZTISt9bad_alloc  cpprt_w.l(bad_alloc_dtor.o)
    0x08004864   0x08004864   0x00000008   Data   RO         3089    .constdata__ZTISt9exception  cpprt_w.l(exception_dtor.o)
    0x0800486c   0x0800486c   0x00000008   Data   RO         3099    .constdata__ZTISt9type_info  cpprt_w.l(type_info_dtor.o)
    0x08004874   0x08004874   0x00000008   Data   RO         2517    .constdata__ZTIi    cpprt_w.l(lib_rtti_prim.o)
    0x0800487c   0x0800487c   0x00000008   Data   RO         2487    .constdata__ZTIv    cpprt_w.l(lib_rtti_prim.o)
    0x08004884   0x08004884   0x00000022   Data   RO         2895    .constdata__ZTSN10__cxxabiv117__class_type_infoE  cpprt_w.l(lib_rtti_impl.o)
    0x080048a6   0x080048a6   0x00000022   Data   RO         2898    .constdata__ZTSN10__cxxabiv117__pbase_type_infoE  cpprt_w.l(lib_rtti_impl.o)
    0x080048c8   0x080048c8   0x00000024   Data   RO         2899    .constdata__ZTSN10__cxxabiv119__pointer_type_infoE  cpprt_w.l(lib_rtti_impl.o)
    0x080048ec   0x080048ec   0x00000025   Data   RO         2896    .constdata__ZTSN10__cxxabiv120__si_class_type_infoE  cpprt_w.l(lib_rtti_impl.o)
    0x08004911   0x08004911   0x00000026   Data   RO         2897    .constdata__ZTSN10__cxxabiv121__vmi_class_type_infoE  cpprt_w.l(lib_rtti_impl.o)
    0x08004937   0x08004937   0x00000028   Data   RO         2891    .constdata__ZTSN10__cxxabiv123__fundamental_type_infoE  cpprt_w.l(lib_rtti_impl.o)
    0x0800495f   0x0800495f   0x0000000f   Data   RO         3080    .constdata__ZTSSt10bad_typeid  cpprt_w.l(bad_typeid.o)
    0x0800496e   0x0800496e   0x00000012   Data   RO         3058    .constdata__ZTSSt13bad_exception  cpprt_w.l(bad_exception_dtor.o)
    0x08004980   0x08004980   0x0000000d   Data   RO         2797    .constdata__ZTSSt9bad_alloc  cpprt_w.l(bad_alloc_dtor.o)
    0x0800498d   0x0800498d   0x0000000d   Data   RO         3090    .constdata__ZTSSt9exception  cpprt_w.l(exception_dtor.o)
    0x0800499a   0x0800499a   0x0000000d   Data   RO         3100    .constdata__ZTSSt9type_info  cpprt_w.l(type_info_dtor.o)
    0x080049a7   0x080049a7   0x00000002   Data   RO         2575    .constdata__ZTSi    cpprt_w.l(lib_rtti_prim.o)
    0x080049a9   0x080049a9   0x00000002   Data   RO         2545    .constdata__ZTSv    cpprt_w.l(lib_rtti_prim.o)
    0x080049ab   0x080049ab   0x00000001   PAD
    0x080049ac   0x080049ac   0x00000010   Data   RO         2867    .constdata__ZTVN10__cxxabiv117__class_type_infoE  cpprt_w.l(lib_rtti_impl.o)
    0x080049bc   0x080049bc   0x00000010   Data   RO         2869    .constdata__ZTVN10__cxxabiv120__si_class_type_infoE  cpprt_w.l(lib_rtti_impl.o)
    0x080049cc   0x080049cc   0x00000010   Data   RO         2859    .constdata__ZTVN10__cxxabiv123__fundamental_type_infoE  cpprt_w.l(lib_rtti_impl.o)
    0x080049dc   0x080049dc   0x00000014   Data   RO         3078    .constdata__ZTVSt10bad_typeid  cpprt_w.l(bad_typeid.o)
    0x080049f0   0x080049f0   0x00000014   Data   RO         3056    .constdata__ZTVSt13bad_exception  cpprt_w.l(bad_exception_dtor.o)
    0x08004a04   0x08004a04   0x00000014   Data   RO         2795    .constdata__ZTVSt9bad_alloc  cpprt_w.l(bad_alloc_dtor.o)
    0x08004a18   0x08004a18   0x00000014   Data   RO         3088    .constdata__ZTVSt9exception  cpprt_w.l(exception_dtor.o)
    0x08004a2c   0x08004a2c   0x00000020   Data   RO         3216    Region$$Table       anon$$obj.o
    0x08004a4c   0x08004a4c   0x00000004   Data   RO         2087    .init_array         st_main.o
    0x08004a50   0x08004a4c   0x00000004   Data   RO         2181    .init_array         jae.o
    0x08004a54   0x08004a4c   0x00000000   Data   RO         2465    .init_array         c_w.l(init_aeabi.o)
    0x08004a54   0x08004a4c   0x00000008   Data   RO         2970    .ARM.exidx          c_w.l(__rtentry4.o)
    0x08004a5c   0x08004a4c   0x00000008   Data   RO         2607    .ARM.exidx          cpprt_w.l(arm_exceptions_endcatch.o)
    0x08004a64   0x08004a4c   0x00000008   Data   RO         2610    .ARM.exidx          cpprt_w.l(arm_exceptions_callterm.o)
    0x08004a6c   0x08004a4c   0x00000018   Data   RO         2623    .ARM.exidx          cpprt_w.l(arm_exceptions_throw.o)
    0x08004a84   0x08004a4c   0x00000008   Data   RO         2921    .ARM.exidx          cpprt_w.l(arm_exceptions_rethrow.o)
    0x08004a8c   0x08004a4c   0x00000008   Data   RO         2925    .ARM.exidx          cpprt_w.l(arm_exceptions_callunex.o)
    0x08004a94   0x08004a4c   0x00000008   Data   RO         2930    .ARM.exidx          cpprt_w.l(arm_exceptions_bad_typeid.o)
    0x08004a9c   0x08004a4c   0x00000008   Data   RO         2933    .ARM.exidx          cpprt_w.l(arm_exceptions_foreign.o)
    0x08004aa4   0x08004a4c   0x00000008   Data   RO         3012    .ARM.exidx          c_w.l(bsearch.o)
    0x08004aac   0x08004a4c   0x00000008   Data   RO         3105    .ARM.exidx          cpprt_w.l(arm_exceptions_unexpected.o)
    0x08004ab4   0x08004a4c   0x00000008   Data   RO         2624    .ARM.exidx          cpprt_w.l(arm_exceptions_throw.o)
    0x08004abc   0x08004a4c   0x00000008   Data   RO         1339    .ARM.exidx          stm32f4xx_hal_dma.o
    0x08004ac4   0x08004a4c   0x00000008   Data   RO         1340    .ARM.exidx          stm32f4xx_hal_dma.o
    0x08004acc   0x08004a4c   0x00000008   Data   RO         1341    .ARM.exidx          stm32f4xx_hal_dma.o
    0x08004ad4   0x08004a4c   0x00000008   Data   RO         1337    .ARM.exidx          stm32f4xx_hal_dma.o
    0x08004adc   0x08004a4c   0x00000008   Data   RO         1865    .ARM.exidx          stm32f4xx_hal.o
    0x08004ae4   0x08004a4c   0x00000008   Data   RO         1201    .ARM.exidx          stm32f4xx_hal_gpio.o
    0x08004aec   0x08004a4c   0x00000008   Data   RO          393    .ARM.exidx          stm32f4xx_hal_uart.o
    0x08004af4   0x08004a4c   0x00000008   Data   RO         1860    .ARM.exidx          stm32f4xx_hal.o
    0x08004afc   0x08004a4c   0x00000008   Data   RO         1857    .ARM.exidx          stm32f4xx_hal.o
    0x08004b04   0x08004a4c   0x00000008   Data   RO         1856    .ARM.exidx          stm32f4xx_hal.o
    0x08004b0c   0x08004a4c   0x00000008   Data   RO          255    .ARM.exidx          stm32f4xx_hal_msp.o
    0x08004b14   0x08004a4c   0x00000008   Data   RO          395    .ARM.exidx          stm32f4xx_hal_uart.o
    0x08004b1c   0x08004a4c   0x00000008   Data   RO         1694    .ARM.exidx          stm32f4xx_hal_cortex.o
    0x08004b24   0x08004a4c   0x00000008   Data   RO          736    .ARM.exidx          stm32f4xx_hal_rcc.o
    0x08004b2c   0x08004a4c   0x00000008   Data   RO          740    .ARM.exidx          stm32f4xx_hal_rcc.o
    0x08004b34   0x08004a4c   0x00000008   Data   RO          850    .ARM.exidx          stm32f4xx_hal_rcc_ex.o
    0x08004b3c   0x08004a4c   0x00000008   Data   RO         1707    .ARM.exidx          stm32f4xx_hal_cortex.o
    0x08004b44   0x08004a4c   0x00000008   Data   RO         1697    .ARM.exidx          stm32f4xx_hal_cortex.o
    0x08004b4c   0x08004a4c   0x00000008   Data   RO          403    .ARM.exidx          stm32f4xx_hal_uart.o
    0x08004b54   0x08004a4c   0x00000008   Data   RO          433    .ARM.exidx          stm32f4xx_hal_uart.o
    0x08004b5c   0x08004a4c   0x00000008   Data   RO          256    .ARM.exidx          stm32f4xx_hal_msp.o
    0x08004b64   0x08004a4c   0x00000008   Data   RO          400    .ARM.exidx          stm32f4xx_hal_uart.o
    0x08004b6c   0x08004a4c   0x00000008   Data   RO          414    .ARM.exidx          stm32f4xx_hal_uart.o
    0x08004b74   0x08004a4c   0x00000008   Data   RO          412    .ARM.exidx          stm32f4xx_hal_uart.o
    0x08004b7c   0x08004a4c   0x00000008   Data   RO          399    .ARM.exidx          stm32f4xx_hal_uart.o
    0x08004b84   0x08004a4c   0x00000008   Data   RO          409    .ARM.exidx          stm32f4xx_hal_uart.o
    0x08004b8c   0x08004a4c   0x00000008   Data   RO          407    .ARM.exidx          stm32f4xx_hal_uart.o
    0x08004b94   0x08004a4c   0x00000008   Data   RO          175    .ARM.exidx          stm32f4xx_it.o
    0x08004b9c   0x08004a4c   0x00000008   Data   RO         2032    .ARM.exidx          system_stm32f4xx.o
    0x08004ba4   0x08004a4c   0x00000008   Data   RO         2079    .ARM.exidx          st_main.o
    0x08004bac   0x08004a4c   0x00000008   Data   RO         2080    .ARM.exidx          st_main.o
    0x08004bb4   0x08004a4c   0x00000008   Data   RO         2163    .ARM.exidx          jae.o
    0x08004bbc   0x08004a4c   0x00000008   Data   RO         2081    .ARM.exidx          st_main.o
    0x08004bc4   0x08004a4c   0x00000008   Data   RO         2082    .ARM.exidx          st_main.o
    0x08004bcc   0x08004a4c   0x00000008   Data   RO           21    .ARM.exidx          main_1.o
    0x08004bd4   0x08004a4c   0x00000008   Data   RO         2758    .ARM.exidx          cpprt_w.l(newhandler.o)
    0x08004bdc   0x08004a4c   0x00000008   Data   RO         2409    .ARM.exidx          sm_main_main.o
    0x08004be4   0x08004a4c   0x00000008   Data   RO         2772    .ARM.exidx          cpprt_w.l(rtti.o)
    0x08004bec   0x08004a4c   0x00000008   Data   RO         2773    .ARM.exidx          cpprt_w.l(rtti.o)
    0x08004bf4   0x08004a4c   0x00000008   Data   RO         2768    .ARM.exidx          cpprt_w.l(rtti.o)
    0x08004bfc   0x08004a4c   0x00000008   Data   RO         2771    .ARM.exidx          cpprt_w.l(rtti.o)
    0x08004c04   0x08004a4c   0x00000008   Data   RO         2775    .ARM.exidx          cpprt_w.l(rtti.o)
    0x08004c0c   0x08004a4c   0x00000008   Data   RO         2769    .ARM.exidx          cpprt_w.l(rtti.o)
    0x08004c14   0x08004a4c   0x00000008   Data   RO         2177    .ARM.exidx          jae.o
    0x08004c1c   0x08004a4c   0x00000008   Data   RO         2165    .ARM.exidx          jae.o
    0x08004c24   0x08004a4c   0x00000008   Data   RO         2174    .ARM.exidx          jae.o
    0x08004c2c   0x08004a4c   0x00000008   Data   RO         2178    .ARM.exidx          jae.o
    0x08004c34   0x08004a4c   0x00000008   Data   RO         2169    .ARM.exidx          jae.o
    0x08004c3c   0x08004a4c   0x00000008   Data   RO         2171    .ARM.exidx          jae.o
    0x08004c44   0x08004a4c   0x00000008   Data   RO         2170    .ARM.exidx          jae.o
    0x08004c4c   0x08004a4c   0x00000008   Data   RO         2173    .ARM.exidx          jae.o
    0x08004c54   0x08004a4c   0x00000008   Data   RO         2172    .ARM.exidx          jae.o
    0x08004c5c   0x08004a4c   0x00000008   Data   RO         2166    .ARM.exidx          jae.o
    0x08004c64   0x08004a4c   0x00000008   Data   RO         2167    .ARM.exidx          jae.o
    0x08004c6c   0x08004a4c   0x00000008   Data   RO         1336    .ARM.exidx          stm32f4xx_hal_dma.o
    0x08004c74   0x08004a4c   0x00000008   Data   RO          404    .ARM.exidx          stm32f4xx_hal_uart.o
    0x08004c7c   0x08004a4c   0x00000008   Data   RO          390    .ARM.exidx          stm32f4xx_hal_uart.o
    0x08004c84   0x08004a4c   0x00000008   Data   RO          432    .ARM.exidx          stm32f4xx_hal_uart.o
    0x08004c8c   0x08004a4c   0x00000008   Data   RO          443    .ARM.exidx          stm32f4xx_hal_uart.o
    0x08004c94   0x08004a4c   0x00000008   Data   RO          411    .ARM.exidx          stm32f4xx_hal_uart.o
    0x08004c9c   0x08004a4c   0x00000008   Data   RO          441    .ARM.exidx          stm32f4xx_hal_uart.o
    0x08004ca4   0x08004a4c   0x00000008   Data   RO          413    .ARM.exidx          stm32f4xx_hal_uart.o
    0x08004cac   0x08004a4c   0x00000008   Data   RO          398    .ARM.exidx          stm32f4xx_hal_uart.o
    0x08004cb4   0x08004a4c   0x00000008   Data   RO         1710    .ARM.exidx          stm32f4xx_hal_cortex.o
    0x08004cbc   0x08004a4c   0x00000008   Data   RO         2334    .ARM.exidx          boardinfo.o
    0x08004cc4   0x08004a4c   0x00000008   Data   RO         2338    .ARM.exidx          boardinfo.o
    0x08004ccc   0x08004a4c   0x00000008   Data   RO         2330    .ARM.exidx          boardinfo.o
    0x08004cd4   0x08004a4c   0x00000008   Data   RO         2902    .ARM.exidx          cpprt_w.l(type_info_eq.o)
    0x08004cdc   0x08004a4c   0x00000008   Data   RO         2474    .ARM.exidx          cpprt_w.l(array_new.o)
    0x08004ce4   0x08004a4c   0x00000008   Data   RO         2478    .ARM.exidx          cpprt_w.l(new.o)
    0x08004cec   0x08004a4c   0x00000008   Data   RO         2630    .ARM.exidx          cpprt_w.l(arm_exceptions_throw.o)
    0x08004cf4   0x08004a4c   0x00000008   Data   RO         2770    .ARM.exidx          cpprt_w.l(rtti.o)
    0x08004cfc   0x08004a4c   0x00000008   Data   RO         2774    .ARM.exidx          cpprt_w.l(rtti.o)
    0x08004d04   0x08004a4c   0x00000008   Data   RO         2083    .ARM.exidx          st_main.o
    0x08004d0c   0x08004a4c   0x00000008   Data   RO         2179    .ARM.exidx          jae.o
    0x08004d14   0x08004a4c   0x00000008   Data   RO           22    .ARM.exidx          main_1.o
    0x08004d1c   0x08004a4c   0x00000008   Data   RO         2263    .ARM.exidx          jae.o


    Execution Region RW_IRAM1 (Exec base: 0x20000000, Load base: 0x08004d24, Size: 0x000006d8, Max: 0x00008000, ABSOLUTE)

    Exec Addr    Load Addr    Size         Type   Attr      Idx    E Section Name        Object

    0x20000000   0x08004d24   0x0000000c   Data   RW         1880    .data               stm32f4xx_hal.o
    0x2000000c   0x08004d30   0x00000004   Data   RW         2035    .data               system_stm32f4xx.o
    0x20000010   0x08004d34   0x00000004   Data   RW         2086    .data               st_main.o
    0x20000014   0x08004d38   0x00000004   Data   RW         2339    .data               boardinfo.o
    0x20000018   0x08004d3c   0x00000004   Data   RW         2411    .data               sm_main_main.o
    0x2000001c        -       0x00000040   Zero   RW           24    .bss                main_1.o
    0x2000005c        -       0x00000018   Zero   RW         2180    .bss                jae.o
    0x20000074        -       0x00000060   Zero   RW         2952    .bss                c_w.l(libspace.o)
    0x200000d4   0x08004d40   0x00000004   PAD
    0x200000d8        -       0x00000200   Zero   RW            2    HEAP                startup_stm32f410rx.o
    0x200002d8        -       0x00000400   Zero   RW            1    STACK               startup_stm32f410rx.o


==============================================================================

Image component sizes


      Code (inc. data)   RO Data    RW Data    ZI Data      Debug   Object Name

       116         10         24          4          0       4692   boardinfo.o
      2824        778        116          0         24      18142   jae.o
       304         34         16          0         64     324922   main_1.o
       116         20          8          4          0       1810   sm_main_main.o
       596        252        268          4          0       4217   st_main.o
        64         26        456          0       1536        856   startup_stm32f410rx.o
       232         44         32         12          0       6483   stm32f4xx_hal.o
       230         14         32          0          0      32253   stm32f4xx_hal_cortex.o
       700          0         40          0          0       6224   stm32f4xx_hal_dma.o
       392         24          8          0          0       3736   stm32f4xx_hal_gpio.o
       224         18         16          0          0       1649   stm32f4xx_hal_msp.o
       476         56         16          0          0       4268   stm32f4xx_hal_rcc.o
       808         26          8          0          0       1892   stm32f4xx_hal_rcc_ex.o
      2790         44        144          0          0      20571   stm32f4xx_hal_uart.o
        42          6          8          0          0       4694   stm32f4xx_it.o
       204         34         32          4          0       1967   system_stm32f4xx.o

    ----------------------------------------------------------------------
     10132       1386       1256         28       1624     438376   Object Totals
         0          0         32          0          0          0   (incl. Generated)
        14          0          0          0          0          0   (incl. Padding)

    ----------------------------------------------------------------------

      Code (inc. data)   RO Data    RW Data    ZI Data      Debug   Library Member Name

         8          0          0          0          0         68   __main.o
         0          0          0          0          0          0   __rtentry.o
        12          0          0          0          0          0   __rtentry2.o
         6          0          8          0          0          0   __rtentry4.o
        52          8          0          0          0          0   __scatter.o
        26          0          0          0          0          0   __scatter_copy.o
        28          0          0          0          0          0   __scatter_zi.o
        22          0          0          0          0         80   abort.o
        46          0          0          0          0         84   aeabi_atexit.o
        80          0          8          0          0         88   bsearch.o
        66          0          0          0          0         84   cxa_finalize.o
        48         34          0          0          0         76   defsig_abrt_inner.o
        14          0          0          0          0         80   defsig_abrt_outer.o
        10          0          0          0          0         68   defsig_exit.o
        50          0          0          0          0         88   defsig_general.o
        80         58          0          0          0         76   defsig_rtmem_inner.o
        14          0          0          0          0         80   defsig_rtmem_outer.o
        18          0          0          0          0         80   exit.o
        94          0          0          0          0         80   h1_alloc.o
        52          0          0          0          0         68   h1_extend.o
        78          0          0          0          0         80   h1_free.o
        14          0          0          0          0         84   h1_init.o
         6          0          0          0          0        152   heapauxi.o
         4          0          0          0          0        136   hguard.o
         0          0          0          0          0          0   indicate_semi.o
        36         10          0          0          0         80   init_aeabi.o
       138          0          0          0          0        168   init_alloc.o
         2          0          0          0          0          0   libinit.o
        18          0          0          0          0          0   libinit2.o
         2          0          0          0          0          0   libshutdown.o
         8          0          0          0          0          0   libshutdown2.o
         8          4          0          0         96         68   libspace.o
       238          0          0          0          0        100   lludivv7m.o
         0          0          0          0          0          0   maybetermalloc1.o
         8          4          0          0          0         68   rt_ddtor_pointer_addr_intlibspace.o
         8          4          0          0          0         68   rt_eh_globals_addr_intlibspace.o
         8          4          0          0          0         68   rt_heap_descriptor_intlibspace.o
       100          0          0          0          0         80   rt_memcpy_w.o
         8          4          0          0          0         68   rt_new_handler_addr_intlibspace.o
         2          0          0          0          0          0   rtexit.o
        10          0          0          0          0          0   rtexit2.o
        62          0          0          0          0         76   strlen.o
        12          4          0          0          0         68   sys_exit.o
        74          0          0          0          0         80   sys_stackheap_outer.o
        14          0          0          0          0         76   sys_wrch.o
         2          0          0          0          0         68   use_no_semi.o
        96         14          0          0          0         80   arm_exceptions_alloc.o
        48         10          8          0          0         80   arm_exceptions_bad_typeid.o
        72          0          0          0          0         80   arm_exceptions_begincatch.o
        56          0          8          0          0        108   arm_exceptions_callterm.o
       220          8         64          0          0         92   arm_exceptions_callunex.o
       156          0          0          0          0        176   arm_exceptions_cleanup.o
        74          0          8          0          0         92   arm_exceptions_endcatch.o
        66          0          8          0          0         80   arm_exceptions_foreign.o
        34          0          0          0          0         84   arm_exceptions_free.o
        80         12          0          0          0        104   arm_exceptions_globs.o
        60          0          0          0          0        108   arm_exceptions_mem.o
        82          0          8          0          0         80   arm_exceptions_rethrow.o
        44          6         12          0          0         92   arm_exceptions_support.o
        26          0          0          0          0         76   arm_exceptions_terminate.o
       440         20         68          0          0        240   arm_exceptions_throw.o
        30          0          8          0          0         92   arm_exceptions_unexpected.o
         8          0          0          0          0         76   array_del.o
         8          0         28          0          0         76   array_new.o
        16          4          0          0          0         76   bad_alloc_cctor.o
        16          4          0          0          0         76   bad_alloc_ctor.o
        22          0         45          0          0        156   bad_alloc_dtor.o
        16          4          0          0          0         76   bad_exception_cctor.o
        16          4          0          0          0         76   bad_exception_ctor.o
        22          0         50          0          0        156   bad_exception_dtor.o
        54          8         47          0          0        308   bad_typeid.o
         8          0          0          0          0         76   delete.o
        12          6          0          0          0         68   exception_cctor.o
        12          6          0          0          0         68   exception_ctor.o
         0          0         41          0          0          0   exception_dtor.o
         0          0        339          0          0          0   lib_rtti_impl.o
         0          0         20          0          0          0   lib_rtti_prim.o
        40          6         28          0          0         76   new.o
        48         10          8          0          0         80   newhandler.o
      1238         42         64          0          0        704   rtti.o
         0          0         21          0          0          0   type_info_dtor.o
        32          0          8          0          0         80   type_info_eq.o
        32          0          0          0          0         80   type_info_ne.o
         4          0          0          0          0         68   unwind_activity.o
        14          0          0          0          0         68   unwind_delete.o
         6          0          0          0          0         68   unwind_pr0.o
      1528          6          0          0          0        116   unwind_prcommon.o
      1096         34          0          0          0        484   unwinder.o
        10          0          0          0          0        116   fpinit.o

    ----------------------------------------------------------------------
      7452        338        908          0        100       7580   Library Totals
        24          0          1          0          4          0   (incl. Padding)

    ----------------------------------------------------------------------

      Code (inc. data)   RO Data    RW Data    ZI Data      Debug   Library Name

      1586        134         16          0         96       2688   c_w.l
      5832        204        891          0          0       4776   cpprt_w.l
        10          0          0          0          0        116   fz_wm.l

    ----------------------------------------------------------------------
      7452        338        908          0        100       7580   Library Totals

    ----------------------------------------------------------------------

==============================================================================


      Code (inc. data)   RO Data    RW Data    ZI Data      Debug   

     17584       1724       2164         28       1724     431592   Grand Totals
     17584       1724       2164         28       1724     431592   ELF Image Totals
     17584       1724       2164         28          0          0   ROM Totals

==============================================================================

    Total RO  Size (Code + RO Data)                19748 (  19.29kB)
    Total RW  Size (RW Data + ZI Data)              1752 (   1.71kB)
    Total ROM Size (Code + RO Data + RW Data)      19776 (  19.31kB)

==============================================================================

