Component: ARM Compiler 5.06 update 6 (build 750) Tool: armlink [4d35ed]

==============================================================================

Section Cross References

    startup_stm32f410rx.o(RESET) refers to startup_stm32f410rx.o(STACK) for __initial_sp
    startup_stm32f410rx.o(RESET) refers to startup_stm32f410rx.o(.text) for Reset_Handler
    startup_stm32f410rx.o(RESET) refers to stm32f4xx_it.o(i.NMI_Handler) for NMI_Handler
    startup_stm32f410rx.o(RESET) refers to stm32f4xx_it.o(i.HardFault_Handler) for HardFault_Handler
    startup_stm32f410rx.o(RESET) refers to stm32f4xx_it.o(i.MemManage_Handler) for MemManage_Handler
    startup_stm32f410rx.o(RESET) refers to stm32f4xx_it.o(i.BusFault_Handler) for BusFault_Handler
    startup_stm32f410rx.o(RESET) refers to stm32f4xx_it.o(i.UsageFault_Handler) for UsageFault_Handler
    startup_stm32f410rx.o(RESET) refers to stm32f4xx_it.o(i.SVC_Handler) for SVC_Handler
    startup_stm32f410rx.o(RESET) refers to stm32f4xx_it.o(i.DebugMon_Handler) for DebugMon_Handler
    startup_stm32f410rx.o(RESET) refers to stm32f4xx_it.o(i.PendSV_Handler) for PendSV_Handler
    startup_stm32f410rx.o(RESET) refers to stm32f4xx_it.o(i.SysTick_Handler) for SysTick_Handler
    startup_stm32f410rx.o(.text) refers to system_stm32f4xx.o(i.SystemInit) for SystemInit
    startup_stm32f410rx.o(.text) refers to entry.o(.ARM.Collect$$$$00000000) for __main
    main.o(i._Z10InitStMainv) refers to stm32f4xx_hal_gpio.o(i.HAL_GPIO_TogglePin) for HAL_GPIO_TogglePin
    main.o(i._Z12UpdateStMainv) refers to stm32f4xx_hal_gpio.o(i.HAL_GPIO_ReadPin) for HAL_GPIO_ReadPin
    main.o(i._Z12UpdateStMainv) refers to stm32f4xx_hal_gpio.o(i.HAL_GPIO_TogglePin) for HAL_GPIO_TogglePin
    main.o(i._Z12UpdateStMainv) refers to stm32f4xx_hal.o(i.HAL_Delay) for HAL_Delay
    main.o(i._Z18SystemClock_Configv) refers to stm32f4xx_hal_rcc_ex.o(i.HAL_RCC_OscConfig) for HAL_RCC_OscConfig
    main.o(i._Z18SystemClock_Configv) refers to stm32f4xx_hal_rcc.o(i.HAL_RCC_ClockConfig) for HAL_RCC_ClockConfig
    main.o(i._Z18SystemClock_Configv) refers to stm32f4xx_hal_rcc.o(i.HAL_RCC_GetHCLKFreq) for HAL_RCC_GetHCLKFreq
    main.o(i._Z18SystemClock_Configv) refers to stm32f4xx_hal_cortex.o(i.HAL_SYSTICK_Config) for HAL_SYSTICK_Config
    main.o(i._Z18SystemClock_Configv) refers to stm32f4xx_hal_cortex.o(i.HAL_SYSTICK_CLKSourceConfig) for HAL_SYSTICK_CLKSourceConfig
    main.o(i._Z18SystemClock_Configv) refers to stm32f4xx_hal_cortex.o(i.HAL_NVIC_SetPriority) for HAL_NVIC_SetPriority
    main.o(i._ZN27_INTERNAL_6_main_c_28a05e3012MX_GPIO_InitEv) refers to stm32f4xx_hal_gpio.o(i.HAL_GPIO_WritePin) for HAL_GPIO_WritePin
    main.o(i._ZN27_INTERNAL_6_main_c_28a05e3012MX_GPIO_InitEv) refers to stm32f4xx_hal_gpio.o(i.HAL_GPIO_Init) for HAL_GPIO_Init
    main.o(i.main) refers to stm32f4xx_hal.o(i.HAL_Init) for HAL_Init
    main.o(i.main) refers to main.o(i._Z18SystemClock_Configv) for SystemClock_Config()
    main.o(i.main) refers to main.o(i._ZN27_INTERNAL_6_main_c_28a05e3012MX_GPIO_InitEv) for [local to main_c]::MX_GPIO_Init()
    main.o(i.main) refers to stm32f4xx_hal_gpio.o(i.HAL_GPIO_TogglePin) for HAL_GPIO_TogglePin
    main.o(i.main) refers to stm32f4xx_hal_gpio.o(i.HAL_GPIO_ReadPin) for HAL_GPIO_ReadPin
    main.o(i.main) refers to stm32f4xx_hal.o(i.HAL_Delay) for HAL_Delay
    main.o(.ARM.exidx) refers to main.o(i._Z10InitStMainv) for i._Z10InitStMainv
    main.o(.ARM.exidx) refers to main.o(i._Z12UpdateStMainv) for i._Z12UpdateStMainv
    main.o(.ARM.exidx) refers to main.o(i._Error_Handler) for i._Error_Handler
    main.o(.ARM.exidx) refers to main.o(i._Z18SystemClock_Configv) for i._Z18SystemClock_Configv
    main.o(.ARM.exidx) refers to main.o(i.main) for i.main
    main.o(.ARM.exidx) refers to main.o(i._ZN27_INTERNAL_6_main_c_28a05e3012MX_GPIO_InitEv) for i._ZN27_INTERNAL_6_main_c_28a05e3012MX_GPIO_InitEv
    stm32f4xx_it.o(i.SysTick_Handler) refers to stm32f4xx_hal.o(i.HAL_IncTick) for HAL_IncTick
    stm32f4xx_it.o(i.SysTick_Handler) refers to stm32f4xx_hal_cortex.o(i.HAL_SYSTICK_IRQHandler) for HAL_SYSTICK_IRQHandler
    stm32f4xx_it.o(.ARM.exidx) refers to stm32f4xx_it.o(i.NMI_Handler) for i.NMI_Handler
    stm32f4xx_it.o(.ARM.exidx) refers to stm32f4xx_it.o(i.HardFault_Handler) for i.HardFault_Handler
    stm32f4xx_it.o(.ARM.exidx) refers to stm32f4xx_it.o(i.MemManage_Handler) for i.MemManage_Handler
    stm32f4xx_it.o(.ARM.exidx) refers to stm32f4xx_it.o(i.BusFault_Handler) for i.BusFault_Handler
    stm32f4xx_it.o(.ARM.exidx) refers to stm32f4xx_it.o(i.UsageFault_Handler) for i.UsageFault_Handler
    stm32f4xx_it.o(.ARM.exidx) refers to stm32f4xx_it.o(i.SVC_Handler) for i.SVC_Handler
    stm32f4xx_it.o(.ARM.exidx) refers to stm32f4xx_it.o(i.DebugMon_Handler) for i.DebugMon_Handler
    stm32f4xx_it.o(.ARM.exidx) refers to stm32f4xx_it.o(i.PendSV_Handler) for i.PendSV_Handler
    stm32f4xx_it.o(.ARM.exidx) refers to stm32f4xx_it.o(i.SysTick_Handler) for i.SysTick_Handler
[...]
    ctype_o.o(.text) refers to ctype_o.o(.constdata) for .constdata
    ctype_o.o(.constdata) refers to ctype_o.o(.constdata) for __ctype_table
    isalnum_o.o(.text) refers to ctype_o.o(.text) for __rt_ctype_table
    isalpha_o.o(.text) refers to ctype_o.o(.text) for __rt_ctype_table
    isblank_o.o(.text) refers to ctype_o.o(.constdata) for __ctype_table
    iscntrl_o.o(.text) refers to ctype_o.o(.text) for __rt_ctype_table
    isdigit_o.o(.text) refers to ctype_o.o(.text) for __rt_ctype_table
    isgraph_o.o(.text) refers to ctype_o.o(.text) for __rt_ctype_table
    islower_o.o(.text) refers to ctype_o.o(.text) for __rt_ctype_table
    isprint_o.o(.text) refers to ctype_o.o(.text) for __rt_ctype_table
    ispunct_o.o(.text) refers to ctype_o.o(.text) for __rt_ctype_table
    isspace_o.o(.text) refers to ctype_o.o(.text) for __rt_ctype_table
    isupper_o.o(.text) refers to ctype_o.o(.text) for __rt_ctype_table
    isxdigit_o.o(.text) refers to ctype_o.o(.text) for __rt_ctype_table
    localeconv.o(.text) refers to ilconv.o(.constdata) for __internal_lconv
    strcoll.o(.text) refers to strcmp.o(.text) for strcmp
    _scanf_longlong.o(.text) refers to _chval.o(.text) for _chval
    _scanf_int.o(.text) refers to _chval.o(.text) for _chval
    scanf_fp.o(.text) refers (Special) to iusefp.o(.text) for __I$use$fp
    scanf_fp.o(.text) refers to dfltul.o(.text) for __aeabi_ul2d
    scanf_fp.o(.text) refers to dmul.o(.text) for __aeabi_dmul
    scanf_fp.o(.text) refers to ddiv.o(.text) for __aeabi_ddiv
    scanf_fp.o(.text) refers to scanf_fp.o(i._is_digit) for _is_digit
    scanf_fp.o(.text) refers to d2f.o(.text) for __aeabi_d2f
    scanf_char.o(.text) refers to _scanf.o(.text) for __vfscanf
    scanf_char.o(.text) refers to isspace_o.o(.text) for isspace
    cpp_final.o(.text) refers (Special) to entry10b.o(.ARM.Collect$$$$0000000E) for __rt_final_cpp$nonempty
    cpp_memory.o(.text) refers to cpp_memory.o(.data) for .data
    dadd.o(.text) refers to llshl.o(.text) for __aeabi_llsl
    dadd.o(.text) refers to llsshr.o(.text) for __aeabi_lasr
    dadd.o(.text) refers to depilogue.o(.text) for _double_epilogue
    dmul.o(.text) refers to depilogue.o(.text) for _double_epilogue
    ddiv.o(.text) refers to depilogue.o(.text) for _double_round
    dfixul.o(.text) refers to llushr.o(.text) for __aeabi_llsr
    dfixul.o(.text) refers to llshl.o(.text) for __aeabi_llsl
    arm_rethrow_noexceptions.o(.ARM.exidx) refers to arm_rethrow_noexceptions.o(.text) for .text
    bad_alloc_what.o(.ARM.exidx) refers to bad_alloc_what.o(i._ZNKSt9bad_alloc4whatEv) for i._ZNKSt9bad_alloc4whatEv
    cxa_vec_new.o(i.__cxa_vec_new) refers to array_new_general.o(i.__ARM_array_new_general) for __ARM_array_new_general
    cxa_vec_new.o(i.__cxa_vec_new) refers to array_del.o(i._ZdaPv) for operator delete[] (void*)
    cxa_vec_new.o(.ARM.exidx) refers to cxa_vec_new.o(i.__cxa_vec_new) for i.__cxa_vec_new
    cxa_vec_new.o(.ARM.exidx) refers to unwind_pr0.o(.text) for __aeabi_unwind_cpp_pr0
    aeabi_vec_dtor_noexceptions.o(.ARM.exidx) refers to aeabi_vec_dtor_noexceptions.o(.text) for .text
    arm_exceptions_alloc.o(.text) refers to arm_exceptions_globs.o(.text) for __cxa_get_globals
    arm_exceptions_alloc.o(.text) refers to malloc.o(i.malloc) for malloc
    arm_exceptions_alloc.o(.text) refers to arm_exceptions_mem.o(.text) for __ARM_exceptions_buffer_allocate
    arm_exceptions_alloc.o(.text) refers to arm_exceptions_callterm.o(.text) for __ARM::call_terminate_handler(_Unwind_Control_Block*)
    arm_exceptions_alloc.o(.ARM.exidx) refers to arm_exceptions_alloc.o(.text) for .text
    arm_exceptions_mem.o(.text) refers to malloc.o(i.malloc) for malloc
    arm_exceptions_mem.o(.ARM.exidx) refers to arm_exceptions_mem.o(.text) for .text
    unwinder.o(.emb_text) refers to unwinder.o(.text) for __ARM_Unwind_RaiseException
    unwinder.o(.text) refers to bsearch.o(.text) for bsearch
    unwinder.o(.text) refers to unwind_activity.o(.emb_text) for _Unwind_Activity
    unwinder.o(.text) refers to unwinder.o(.emb_text) for __ARM_Unwind_VRS_corerestore
    unwinder.o(.text) refers to malloc.o(i.malloc) for malloc
    unwinder.o(.text) refers to memmove.o(.text) for __aeabi_memcpy4
    unwinder.o(.text) refers to malloc.o(i.free) for free
    unwinder.o(.text) refers (Weak) to unwind_pr0.o(.text) for __aeabi_unwind_cpp_pr0
    unwinder.o(.text) refers (Weak) to unwind_pr1.o(.text) for __aeabi_unwind_cpp_pr1
    unwinder.o(.ARM.exidx) refers to unwinder.o(.text) for .text
    isspace_c.o(.text) refers to ctype_c.o(.text) for __ctype_lookup
    ilconv.o(.constdata) refers to ilconv.o(.conststring) for .conststring
    _scanf.o(.text) refers (Weak) to scanf_fp.o(.text) for _scanf_real
    _scanf.o(.text) refers (Weak) to _scanf_longlong.o(.text) for _scanf_longlong
    _scanf.o(.text) refers (Weak) to _scanf_int.o(.text) for _scanf_int
    _scanf.o(.text) refers (Weak) to _scanf_str.o(.text) for _scanf_string
    strtoull.o(.text) refers to __strtoull.o(.text) for __strtoull
    depilogue.o(.text) refers to llshl.o(.text) for __aeabi_llsl
    depilogue.o(.text) refers to llushr.o(.text) for __aeabi_llsr
    dfltul.o(.text) refers to depilogue.o(.text) for _double_epilogue
    d2f.o(.text) refers to fepilogue.o(.text) for _float_round
    array_new_general.o(i.__ARM_array_new_general) refers to array_new.o(i._Znaj) for operator new[] (unsigned)
    array_new_general.o(i.__ARM_array_new_general) refers to ARM_vec_cleanup_noexceptions.o(.text) for __ARM_vec_cleanup
    array_new_general.o(i.__ARM_array_new_general) refers to arm_exceptions_terminate.o(.text) for std::terminate()
    array_new_general.o(i.__ARM_array_new_general) refers to arm_rethrow_noexceptions.o(.text) for __cxa_rethrow
    array_new_general.o(i.__ARM_array_new_general.clean) refers to arm_exceptions_cleanup.o(.emb_text) for __cxa_end_cleanup
    array_new_general.o(.ARM.exidx) refers to array_new_general.o(i.__ARM_array_new_general) for i.__ARM_array_new_general
    array_new_general.o(.ARM.exidx) refers to unwind_pr0.o(.text) for __aeabi_unwind_cpp_pr0
    array_new_general.o(.ARM.exidx) refers to array_new_general.o(.ARM.extab) for .extab.__ARM_array_new_general
    array_new_general.o(.ARM.exidx) refers to array_new_general.o(i.__ARM_array_new_general.clean) for i.__ARM_array_new_general.clean
    array_new_general.o(.ARM.extab) refers to array_new_general.o(i.__ARM_array_new_general) for i.__ARM_array_new_general
    array_new_general.o(.ARM.extab) refers to array_new_general.o(i.__ARM_array_new_general.clean) for i.__ARM_array_new_general.clean
    ctype_c.o(.text) refers to ctype_c.o(.constdata) for .constdata
    __strtoull.o(.text) refers to errno.o(i.__aeabi_errno_addr) for __aeabi_errno_addr
    __strtoull.o(.text) refers to ctype_o.o(.text) for __rt_ctype_table
    __strtoull.o(.text) refers to _strtoull.o(.text) for _strtoull
    ARM_vec_cleanup_noexceptions.o(.ARM.exidx) refers to ARM_vec_cleanup_noexceptions.o(.text) for .text
    errno.o(i.__aeabi_errno_addr) refers to errno.o(.data) for .data
    errno.o(i.__read_errno) refers to errno.o(.data) for .data
    errno.o(i.__set_errno) refers to errno.o(.data) for .data
    _strtoull.o(.text) refers to _chval.o(.text) for _chval
    _strtoull.o(.text) refers to errno.o(i.__aeabi_errno_addr) for __aeabi_errno_addr
    jae.o(t._ZNSt6vectorISt4pairIPFvvElESaIS3_EE13_C_insert_auxEPS3_RKS3_) refers to jae.o(t._ZNKSt6vectorISt4pairIPFvvElESaIS3_EE4sizeEv) for std::vector<std::pair<void(*)(), long>, std::allocator<std::pair<void(*)(), long>>>::size() const
    jae.o(t._ZNSt6vectorISt4pairIPFvvElESaIS3_EE13_C_insert_auxEPS3_RKS3_) refers to jae.o(t._ZNSaISt4pairIPFvvElEE9constructEPS2_RKS2_) for std::allocator<std::pair<void(*)(), long>>::construct(std::pair<void(*)(), long>*, const std::pair<void(*)(), long>&)
    jae.o(t._ZNSt6vectorISt4pairIPFvvElESaIS3_EE13_C_insert_auxEPS3_RKS3_) refers to rwalloc.o(i._ZN4__rw13__rw_allocateEji) for __rw::__rw_allocate(unsigned, int)
    jae.o(t._ZNSt6vectorISt4pairIPFvvElESaIS3_EE13_C_insert_auxEPS3_RKS3_) refers to jae.o(t._ZSt18uninitialized_copyIPSt4pairIPFvvElES4_SaIS3_EET0_T_S7_S6_RT1_) for T2 std::uninitialized_copy<std::pair<void(*)(), long>*, std::pair<void(*)(), long>*, std::allocator<std::pair<void(*)(), long>>>(T1, T1, T2, T3&)
    jae.o(t._ZNSt6vectorISt4pairIPFvvElESaIS3_EE13_C_insert_auxEPS3_RKS3_) refers to rwalloc.o(i._ZN4__rw15__rw_deallocateEPvji) for __rw::__rw_deallocate(void*, unsigned, int)
    jae.o(.ARM.exidx) refers to jae.o(t._ZNSt6vectorISt4pairIPFvvElESaIS3_EE13_C_insert_auxEPS3_RKS3_) for t._ZNSt6vectorISt4pairIPFvvElESaIS3_EE13_C_insert_auxEPS3_RKS3_
    jae.o(t._ZNSt6vectorISt4pairIPFvvElESaIS3_EE2atEj) refers to jae.o(t._ZNKSt6vectorISt4pairIPFvvElESaIS3_EE4sizeEv) for std::vector<std::pair<void(*)(), long>, std::allocator<std::pair<void(*)(), long>>>::size() const
    jae.o(t._ZNSt6vectorISt4pairIPFvvElESaIS3_EE2atEj) refers to rwstdexcept.o(i._ZN4__rw10__rw_throwEiz) for __rw::__rw_throw(int, ...)
    jae.o(t._ZNSt6vectorISt4pairIPFvvElESaIS3_EE2atEj) refers to jae.o(.constdata__ZZNSt6vectorISt4pairIPFvvElESaIS3_EE2atEjEs) for std::vector<std::pair<void(*)(), long>, std::allocator<std::pair<void(*)(), long>>>::at(unsigned)::string
    jae.o(.ARM.exidx) refers to jae.o(t._ZNSt6vectorISt4pairIPFvvElESaIS3_EE2atEj) for t._ZNSt6vectorISt4pairIPFvvElESaIS3_EE2atEj
    jae.o(.ARM.exidx) refers to jae.o(t._ZNSaISt4pairIPFvvElEE9constructEPS2_RKS2_) for t._ZNSaISt4pairIPFvvElEE9constructEPS2_RKS2_
    jae.o(.ARM.exidx) refers to jae.o(t._ZNKSt6vectorISt4pairIPFvvElESaIS3_EE4sizeEv) for t._ZNKSt6vectorISt4pairIPFvvElESaIS3_EE4sizeEv
    jae.o(t._ZSt18uninitialized_copyIPSt4pairIPFvvElES4_SaIS3_EET0_T_S7_S6_RT1_) refers to jae.o(t._ZNSaISt4pairIPFvvElEE9constructEPS2_RKS2_) for std::allocator<std::pair<void(*)(), long>>::construct(std::pair<void(*)(), long>*, const std::pair<void(*)(), long>&)
    jae.o(.ARM.exidx) refers to jae.o(t._ZSt18uninitialized_copyIPSt4pairIPFvvElES4_SaIS3_EET0_T_S7_S6_RT1_) for t._ZSt18uninitialized_copyIPSt4pairIPFvvElES4_SaIS3_EET0_T_S7_S6_RT1_
    jae.o(t._ZNSt6vectorISt4pairIPFvvElESaIS3_EED1Ev) refers to rwalloc.o(i._ZN4__rw15__rw_deallocateEPvji) for __rw::__rw_deallocate(void*, unsigned, int)
    jae.o(.ARM.exidx) refers to jae.o(t._ZNSt6vectorISt4pairIPFvvElESaIS3_EED1Ev) for t._ZNSt6vectorISt4pairIPFvvElESaIS3_EED1Ev
    rwstdexcept.o(.constdata__ZTVSt8messagesIcE) refers to rwstdexcept.o(.constdata__ZTISt8messagesIcE) for typeinfo for std::messages<char>
    rwstdexcept.o(.constdata__ZTVSt8messagesIcE) refers to rwstdexcept.o(i._ZNSt8messagesIcED1Ev) for std::messages<char>::~messages()
    rwstdexcept.o(.constdata__ZTVSt8messagesIcE) refers to rwstdexcept.o(i._ZNSt8messagesIcED0Ev) for std::messages<char>::~messages__deallocating()
    rwstdexcept.o(.constdata__ZTVSt8messagesIcE) refers to char.o(i._ZN4__rw15__rw_facet_base12_C_initfacetERKSt6locale) for __rw::__rw_facet_base::_C_initfacet(const std::locale&)
    rwstdexcept.o(.constdata__ZTVSt8messagesIcE) refers to rwstdexcept.o(t._ZNKSt8messagesIcE7do_openERKSsRKSt6locale) for std::messages<char>::do_open(const std::basic_string<char, std::char_traits<char>, std::allocator<char>>&, const std::locale&) const
    rwstdexcept.o(.constdata__ZTVSt8messagesIcE) refers to rwstdexcept.o(t._ZNKSt8messagesIcE6do_getEiiiRKSs) for std::messages<char>::do_get(int, int, int, const std::basic_string<char, std::char_traits<char>, std::allocator<char>>&) const
    rwstdexcept.o(.constdata__ZTVSt8messagesIcE) refers to rwstdexcept.o(t._ZNKSt8messagesIcE8do_closeEi) for std::messages<char>::do_close(int) const
    rwstdexcept.o(t._ZNKSt8messagesIcE6do_getEiiiRKSs) refers to messages.o(i._ZNKSt18__rw_messages_base14_C_get_messageEiii) for std::__rw_messages_base::_C_get_message(int, int, int) const
    rwstdexcept.o(t._ZNKSt8messagesIcE6do_getEiiiRKSs) refers to messages.o(i._ZNKSt18__rw_messages_base13_C_get_localeEi) for std::__rw_messages_base::_C_get_locale(int) const
    rwstdexcept.o(t._ZNKSt8messagesIcE6do_getEiiiRKSs) refers to locale.o(i._ZNKSt6locale13_C_make_facetERKNS_2idEbiPFPN4__rw15__rw_facet_baseEiPKcjE) for std::locale::_C_make_facet(const std::locale::id&, bool, int, __rw::__rw_facet_base*(*)(int, const char*, unsigned)) const
    rwstdexcept.o(t._ZNKSt8messagesIcE6do_getEiiiRKSs) refers to locale.o(t._ZNSsC1EPKcRKSaIcE) for std::basic_string<char, std::char_traits<char>, std::allocator<char>>::basic_string(const char*, const std::allocator<char>&)
    rwstdexcept.o(t._ZNKSt8messagesIcE6do_getEiiiRKSs) refers to char.o(t._ZNSsC1ERKSs) for std::basic_string<char, std::char_traits<char>, std::allocator<char>>::basic_string(const std::basic_string<char, std::char_traits<char>, std::allocator<char>>&)
    rwstdexcept.o(t._ZNKSt8messagesIcE6do_getEiiiRKSs) refers to char.o(t._ZNSsD1Ev) for std::basic_string<char, std::char_traits<char>, std::allocator<char>>::~basic_string()
    rwstdexcept.o(t._ZNKSt8messagesIcE6do_getEiiiRKSs) refers to char.o(.data) for std::ctype<char>::id
    rwstdexcept.o(t._ZNKSt8messagesIcE6do_getEiiiRKSs) refers to rwstdexcept.o(t._ZN4__rw16__rw_facet_makerISt5ctypeIcEE13_C_maker_funcEiPKcj) for __rw::__rw_facet_maker<std::ctype<char>>::_C_maker_func(int, const char*, unsigned)
    rwstdexcept.o(t._ZNKSt8messagesIcE6do_getEiiiRKSs.clean) refers to char.o(t._ZNSsD1Ev) for std::basic_string<char, std::char_traits<char>, std::allocator<char>>::~basic_string()
    rwstdexcept.o(t._ZNKSt8messagesIcE6do_getEiiiRKSs.clean) refers to arm_exceptions_cleanup.o(.emb_text) for __cxa_end_cleanup
    rwstdexcept.o(.ARM.extab) refers to rwstdexcept.o(t._ZNKSt8messagesIcE6do_getEiiiRKSs.clean) for t._ZNKSt8messagesIcE6do_getEiiiRKSs.clean
    rwstdexcept.o(.ARM.exidx) refers to rwstdexcept.o(t._ZNKSt8messagesIcE6do_getEiiiRKSs) for t._ZNKSt8messagesIcE6do_getEiiiRKSs
    rwstdexcept.o(.ARM.exidx) refers to unwind_pr0.o(.text) for __aeabi_unwind_cpp_pr0
    rwstdexcept.o(.ARM.exidx) refers to rwstdexcept.o(.ARM.extab) for .extab._ZNKSt8messagesIcE6do_getEiiiRKSs
    rwstdexcept.o(.ARM.exidx) refers to rwstdexcept.o(t._ZNKSt8messagesIcE6do_getEiiiRKSs.clean) for t._ZNKSt8messagesIcE6do_getEiiiRKSs.clean
    rwstdexcept.o(i._ZNSt8messagesIcED1Ev) refers to rwstdexcept.o(i._ZNSt18__rw_messages_baseD1Ev) for std::__rw_messages_base::~__rw_messages_base()
    rwstdexcept.o(.ARM.exidx) refers to rwstdexcept.o(i._ZNSt8messagesIcED1Ev) for i._ZNSt8messagesIcED1Ev
    rwstdexcept.o(.ARM.exidx) refers to rwstdexcept.o(i._ZdlPvS_) for i._ZdlPvS_
    rwstdexcept.o(i._ZNSt6localeC1Ev) refers to locale.o(i._ZNSt6locale7_C_initEv) for std::locale::_C_init()
    rwstdexcept.o(i._ZNSt6localeC1Ev) refers to locale.o(.data) for std::locale::_C_global
    rwstdexcept.o(.ARM.extab) refers to arm_callunex_noexceptions.o(.text) for __cxa_call_unexpected
    rwstdexcept.o(.ARM.exidx) refers to rwstdexcept.o(i._ZNSt6localeC1Ev) for i._ZNSt6localeC1Ev
    rwstdexcept.o(.ARM.exidx) refers to unwind_pr0.o(.text) for __aeabi_unwind_cpp_pr0
    rwstdexcept.o(.ARM.exidx) refers to rwstdexcept.o(.ARM.extab) for .extab._ZNSt6localeC1Ev
    rwstdexcept.o(i._ZNSt18__rw_messages_baseD1Ev) refers to char.o(t._ZNSsD1Ev) for std::basic_string<char, std::char_traits<char>, std::allocator<char>>::~basic_string()
    rwstdexcept.o(.ARM.exidx) refers to rwstdexcept.o(i._ZNSt18__rw_messages_baseD1Ev) for i._ZNSt18__rw_messages_baseD1Ev
    rwstdexcept.o(i._ZNSt14__rw_exceptionC1Ev) refers to exception_ctor.o(i._ZNSt9exceptionC1Ev) for std::exception::exception()
    rwstdexcept.o(i._ZNSt14__rw_exceptionC1Ev) refers to rwstdexcept.o(.constdata__ZTVSt14__rw_exception) for vtable for std::__rw_exception
    rwstdexcept.o(.ARM.exidx) refers to rwstdexcept.o(i._ZNSt14__rw_exceptionC1Ev) for i._ZNSt14__rw_exceptionC1Ev
    rwstdexcept.o(t._ZNKSt8messagesIcE7do_openERKSsRKSt6locale) refers to messages.o(i._ZNKSt18__rw_messages_base11_C_cat_openERKSsRKSt6locale) for std::__rw_messages_base::_C_cat_open(const std::basic_string<char, std::char_traits<char>, std::allocator<char>>&, const std::locale&) const
    rwstdexcept.o(.ARM.exidx) refers to rwstdexcept.o(t._ZNKSt8messagesIcE7do_openERKSsRKSt6locale) for t._ZNKSt8messagesIcE7do_openERKSsRKSt6locale
    rwstdexcept.o(t._ZN4__rw16__rw_facet_makerISt5ctypeIcEE13_C_maker_funcEiPKcj) refers to new.o(i._Znwj) for operator new(unsigned)
    rwstdexcept.o(t._ZN4__rw16__rw_facet_makerISt5ctypeIcEE13_C_maker_funcEiPKcj) refers to char.o(i._ZNSt12ctype_bynameIcEC1EPKcj) for std::ctype_byname<char>::ctype_byname(const char*, unsigned)
    rwstdexcept.o(t._ZN4__rw16__rw_facet_makerISt5ctypeIcEE13_C_maker_funcEiPKcj) refers to char.o(i._ZNSt5ctypeIcEC1EPKNSt10ctype_base4maskEbj) for std::ctype<char>::ctype(const std::ctype_base::mask*, bool, unsigned)
    rwstdexcept.o(t._ZN4__rw16__rw_facet_makerISt5ctypeIcEE13_C_maker_funcEiPKcj.clean) refers to delete.o(i._ZdlPv) for operator delete (void*)
    rwstdexcept.o(t._ZN4__rw16__rw_facet_makerISt5ctypeIcEE13_C_maker_funcEiPKcj.clean) refers to arm_exceptions_cleanup.o(.emb_text) for __cxa_end_cleanup
    rwstdexcept.o(.ARM.extab) refers to rwstdexcept.o(t._ZN4__rw16__rw_facet_makerISt5ctypeIcEE13_C_maker_funcEiPKcj.clean) for t._ZN4__rw16__rw_facet_makerISt5ctypeIcEE13_C_maker_funcEiPKcj.clean
    rwstdexcept.o(.ARM.exidx) refers to rwstdexcept.o(t._ZN4__rw16__rw_facet_makerISt5ctypeIcEE13_C_maker_funcEiPKcj) for t._ZN4__rw16__rw_facet_makerISt5ctypeIcEE13_C_maker_funcEiPKcj
    rwstdexcept.o(.ARM.exidx) refers to unwind_pr0.o(.text) for __aeabi_unwind_cpp_pr0
    rwstdexcept.o(.ARM.exidx) refers to rwstdexcept.o(.ARM.extab) for .extab._ZN4__rw16__rw_facet_makerISt5ctypeIcEE13_C_maker_funcEiPKcj
    rwstdexcept.o(.ARM.exidx) refers to rwstdexcept.o(t._ZN4__rw16__rw_facet_makerISt5ctypeIcEE13_C_maker_funcEiPKcj.clean) for t._ZN4__rw16__rw_facet_makerISt5ctypeIcEE13_C_maker_funcEiPKcj.clean
    rwstdexcept.o(t._ZNKSt8messagesIcE8do_closeEi) refers to messages.o(i._ZNKSt18__rw_messages_base12_C_cat_closeEi) for std::__rw_messages_base::_C_cat_close(int) const
    rwstdexcept.o(.ARM.exidx) refers to rwstdexcept.o(t._ZNKSt8messagesIcE8do_closeEi) for t._ZNKSt8messagesIcE8do_closeEi
    rwstdexcept.o(i._ZNSt8messagesIcED0Ev) refers to rwstdexcept.o(i._ZNSt8messagesIcED1Ev) for std::messages<char>::~messages()
    rwstdexcept.o(i._ZNSt8messagesIcED0Ev) refers to delete.o(i._ZdlPv) for operator delete (void*)
    rwstdexcept.o(.ARM.exidx) refers to rwstdexcept.o(i._ZNSt8messagesIcED0Ev) for i._ZNSt8messagesIcED0Ev
    rwstdexcept.o(.constdata__ZTVNSt6locale5facetE) refers to char.o(.constdata__ZTINSt6locale5facetE) for typeinfo for std::locale::facet
    rwstdexcept.o(.constdata__ZTVNSt6locale5facetE) refers to char.o(i._ZNSt6locale5facetD1Ev) for std::locale::facet::~facet()
    rwstdexcept.o(.constdata__ZTVNSt6locale5facetE) refers to rwstdexcept.o(i._ZNSt6locale5facetD0Ev) for std::locale::facet::~facet__deallocating()
    rwstdexcept.o(.constdata__ZTVNSt6locale5facetE) refers to char.o(i._ZN4__rw15__rw_facet_base12_C_initfacetERKSt6locale) for __rw::__rw_facet_base::_C_initfacet(const std::locale&)
    rwstdexcept.o(.constdata__ZTVSt14__rw_exception) refers to rwstdexcept.o(.constdata__ZTISt14__rw_exception) for typeinfo for std::__rw_exception
    rwstdexcept.o(.constdata__ZTVSt14__rw_exception) refers to rwstdexcept.o(i._ZNSt14__rw_exceptionD1Ev) for std::__rw_exception::~__rw_exception()
    rwstdexcept.o(.constdata__ZTVSt14__rw_exception) refers to rwstdexcept.o(i._ZNSt14__rw_exceptionD0Ev) for std::__rw_exception::~__rw_exception__deallocating()
    rwstdexcept.o(.constdata__ZTVSt14__rw_exception) refers to rwstdexcept.o(i._ZNKSt14__rw_exception4whatEv) for std::__rw_exception::what() const
    rwstdexcept.o(.constdata__ZTISt8messagesIcE) refers to lib_rtti_impl.o(.constdata__ZTVN10__cxxabiv121__vmi_class_type_infoE) for vtable for __cxxabiv1::__vmi_class_type_info
    rwstdexcept.o(.constdata__ZTISt8messagesIcE) refers to rwstdexcept.o(.constdata__ZTSSt8messagesIcE) for typeinfo name for std::messages<char>
    rwstdexcept.o(.constdata__ZTISt8messagesIcE) refers to char.o(.constdata__ZTINSt6locale5facetE) for typeinfo for std::locale::facet
    rwstdexcept.o(.constdata__ZTISt8messagesIcE) refers to rwstdexcept.o(.constdata__ZTISt18__rw_messages_base) for typeinfo for std::__rw_messages_base
    rwstdexcept.o(.constdata__ZTISt14__rw_exception) refers to lib_rtti_impl.o(.constdata__ZTVN10__cxxabiv120__si_class_type_infoE) for vtable for __cxxabiv1::__si_class_type_info
    rwstdexcept.o(.constdata__ZTISt14__rw_exception) refers to rwstdexcept.o(.constdata__ZTSSt14__rw_exception) for typeinfo name for std::__rw_exception
    rwstdexcept.o(.constdata__ZTISt14__rw_exception) refers to exception_dtor.o(.constdata__ZTISt9exception) for typeinfo for std::exception
    rwstdexcept.o(.constdata__ZTISt18__rw_messages_base) refers to lib_rtti_impl.o(.constdata__ZTVN10__cxxabiv120__si_class_type_infoE) for vtable for __cxxabiv1::__si_class_type_info
    rwstdexcept.o(.constdata__ZTISt18__rw_messages_base) refers to rwstdexcept.o(.constdata__ZTSSt18__rw_messages_base) for typeinfo name for std::__rw_messages_base
    rwstdexcept.o(.constdata__ZTISt18__rw_messages_base) refers to rwstdexcept.o(.constdata__ZTISt13messages_base) for typeinfo for std::messages_base
    rwstdexcept.o(.constdata__ZTISt13messages_base) refers to lib_rtti_impl.o(.constdata__ZTVN10__cxxabiv117__class_type_infoE) for vtable for __cxxabiv1::__class_type_info
    rwstdexcept.o(.constdata__ZTISt13messages_base) refers to rwstdexcept.o(.constdata__ZTSSt13messages_base) for typeinfo name for std::messages_base
    rwstdexcept.o(i._ZNSt6locale5facetD0Ev) refers to delete.o(i._ZdlPv) for operator delete (void*)
    rwstdexcept.o(.ARM.exidx) refers to rwstdexcept.o(i._ZNSt6locale5facetD0Ev) for i._ZNSt6locale5facetD0Ev
    rwstdexcept.o(i._ZNSt14__rw_exceptionD1Ev) refers to array_del.o(i._ZdaPv) for operator delete[] (void*)
    rwstdexcept.o(i._ZNSt14__rw_exceptionD1Ev) refers to rwstdexcept.o(.constdata__ZTVSt14__rw_exception) for vtable for std::__rw_exception
    rwstdexcept.o(.ARM.exidx) refers to rwstdexcept.o(i._ZNSt14__rw_exceptionD1Ev) for i._ZNSt14__rw_exceptionD1Ev
    rwstdexcept.o(i._ZNSt14__rw_exceptionD0Ev) refers to rwstdexcept.o(i._ZNSt14__rw_exceptionD1Ev) for std::__rw_exception::~__rw_exception()
    rwstdexcept.o(i._ZNSt14__rw_exceptionD0Ev) refers to delete.o(i._ZdlPv) for operator delete (void*)
    rwstdexcept.o(.ARM.exidx) refers to rwstdexcept.o(i._ZNSt14__rw_exceptionD0Ev) for i._ZNSt14__rw_exceptionD0Ev
    rwstdexcept.o(.ARM.exidx) refers to rwstdexcept.o(i._ZNKSt14__rw_exception4whatEv) for i._ZNKSt14__rw_exception4whatEv
    char.o(.constdata__ZTVSt5ctypeIcE) refers to char.o(.constdata__ZTISt5ctypeIcE) for typeinfo for std::ctype<char>
    char.o(.constdata__ZTVSt5ctypeIcE) refers to char.o(i._ZNSt5ctypeIcED1Ev) for std::ctype<char>::~ctype()
    char.o(.constdata__ZTVSt5ctypeIcE) refers to char.o(i._ZNSt5ctypeIcED0Ev) for std::ctype<char>::~ctype__deallocating()
    char.o(.constdata__ZTVSt5ctypeIcE) refers to char.o(i._ZNSt5ctypeIcE12_C_initfacetERKSt6locale) for std::ctype<char>::_C_initfacet(const std::locale&)
    char.o(.constdata__ZTVSt5ctypeIcE) refers to char.o(i._ZNKSt5ctypeIcE10do_toupperEPcPKc) for std::ctype<char>::do_toupper(char*, const char*) const
    char.o(.constdata__ZTVSt5ctypeIcE) refers to char.o(i._ZNKSt5ctypeIcE10do_tolowerEPcPKc) for std::ctype<char>::do_tolower(char*, const char*) const
    char.o(.constdata__ZTVSt5ctypeIcE) refers to char.o(i._ZNKSt5ctypeIcE10do_toupperEc) for std::ctype<char>::do_toupper(char) const
    char.o(.constdata__ZTVSt5ctypeIcE) refers to char.o(i._ZNKSt5ctypeIcE10do_tolowerEc) for std::ctype<char>::do_tolower(char) const
    char.o(.constdata__ZTVSt5ctypeIcE) refers to char.o(i._ZNKSt5ctypeIcE8do_widenEc) for std::ctype<char>::do_widen(char) const
    char.o(.constdata__ZTVSt5ctypeIcE) refers to char.o(i._ZNKSt5ctypeIcE8do_widenEPKcS2_Pc) for std::ctype<char>::do_widen(const char*, const char*, char*) const
    char.o(.constdata__ZTVSt5ctypeIcE) refers to char.o(i._ZNKSt5ctypeIcE9do_narrowEcc) for std::ctype<char>::do_narrow(char, char) const
    char.o(.constdata__ZTVSt5ctypeIcE) refers to char.o(i._ZNKSt5ctypeIcE9do_narrowEPKcS2_cPc) for std::ctype<char>::do_narrow(const char*, const char*, char, char*) const
    char.o(.constdata__ZTVSt7collateIcE) refers to char.o(.constdata__ZTISt7collateIcE) for typeinfo for std::collate<char>
    char.o(.constdata__ZTVSt7collateIcE) refers to char.o(i._ZNSt7collateIcED1Ev) for std::collate<char>::~collate()
    char.o(.constdata__ZTVSt7collateIcE) refers to char.o(i._ZNSt7collateIcED0Ev) for std::collate<char>::~collate__deallocating()
    char.o(.constdata__ZTVSt7collateIcE) refers to char.o(i._ZN4__rw15__rw_facet_base12_C_initfacetERKSt6locale) for __rw::__rw_facet_base::_C_initfacet(const std::locale&)
    char.o(.constdata__ZTVSt7collateIcE) refers to char.o(t._ZNKSt7collateIcE10do_compareEPKcS2_S2_S2_) for std::collate<char>::do_compare(const char*, const char*, const char*, const char*) const
    char.o(.constdata__ZTVSt7collateIcE) refers to char.o(t._ZNKSt7collateIcE12do_transformEPKcS2_) for std::collate<char>::do_transform(const char*, const char*) const
    char.o(.constdata__ZTVSt7collateIcE) refers to char.o(t._ZNKSt7collateIcE7do_hashEPKcS2_) for std::collate<char>::do_hash(const char*, const char*) const
    char.o(.constdata__ZTVSt14collate_bynameIcE) refers to char.o(.constdata__ZTISt14collate_bynameIcE) for typeinfo for std::collate_byname<char>
    char.o(.constdata__ZTVSt14collate_bynameIcE) refers to char.o(i._ZNSt14collate_bynameIcED1Ev) for std::collate_byname<char>::~collate_byname()
    char.o(.constdata__ZTVSt14collate_bynameIcE) refers to char.o(i._ZNSt14collate_bynameIcED0Ev) for std::collate_byname<char>::~collate_byname__deallocating()
    char.o(.constdata__ZTVSt14collate_bynameIcE) refers to char.o(i._ZN4__rw15__rw_facet_base12_C_initfacetERKSt6locale) for __rw::__rw_facet_base::_C_initfacet(const std::locale&)
    char.o(.constdata__ZTVSt14collate_bynameIcE) refers to char.o(i._ZNKSt14collate_bynameIcE10do_compareEPKcS2_S2_S2_) for std::collate_byname<char>::do_compare(const char*, const char*, const char*, const char*) const
    char.o(.constdata__ZTVSt14collate_bynameIcE) refers to char.o(i._ZNKSt14collate_bynameIcE12do_transformEPKcS2_) for std::collate_byname<char>::do_transform(const char*, const char*) const
    char.o(.constdata__ZTVSt14collate_bynameIcE) refers to char.o(t._ZNKSt7collateIcE7do_hashEPKcS2_) for std::collate<char>::do_hash(const char*, const char*) const
    char.o(.constdata__ZTVSt8numpunctIcE) refers to char.o(.constdata__ZTISt8numpunctIcE) for typeinfo for std::numpunct<char>
    char.o(.constdata__ZTVSt8numpunctIcE) refers to char.o(i._ZNSt8numpunctIcED1Ev) for std::numpunct<char>::~numpunct()
    char.o(.constdata__ZTVSt8numpunctIcE) refers to char.o(i._ZNSt8numpunctIcED0Ev) for std::numpunct<char>::~numpunct__deallocating()
    char.o(.constdata__ZTVSt8numpunctIcE) refers to char.o(t._ZNSt8numpunctIcE12_C_initfacetERKSt6locale) for std::numpunct<char>::_C_initfacet(const std::locale&)
    char.o(.constdata__ZTVSt8numpunctIcE) refers to char.o(t._ZNKSt8numpunctIcE16do_decimal_pointEv) for std::numpunct<char>::do_decimal_point() const
    char.o(.constdata__ZTVSt8numpunctIcE) refers to char.o(t._ZNKSt8numpunctIcE16do_thousands_sepEv) for std::numpunct<char>::do_thousands_sep() const
    char.o(.constdata__ZTVSt8numpunctIcE) refers to char.o(t._ZNKSt8numpunctIcE11do_groupingEv) for std::numpunct<char>::do_grouping() const
    char.o(.constdata__ZTVSt8numpunctIcE) refers to char.o(t._ZNKSt8numpunctIcE11do_truenameEv) for std::numpunct<char>::do_truename() const
    char.o(.constdata__ZTVSt8numpunctIcE) refers to char.o(t._ZNKSt8numpunctIcE12do_falsenameEv) for std::numpunct<char>::do_falsename() const
    char.o(t._ZNSs9_C_getRepEjj) refers to rwstdexcept.o(i._ZN4__rw10__rw_throwEiz) for __rw::__rw_throw(int, ...)
    char.o(t._ZNSs9_C_getRepEjj) refers to rwalloc.o(i._ZN4__rw13__rw_allocateEji) for __rw::__rw_allocate(unsigned, int)
    char.o(t._ZNSs9_C_getRepEjj) refers to char.o(.constdata__ZZNSs9_C_getRepEjjEs) for std::basic_string<char, std::char_traits<char>, std::allocator<char>>::_C_getRep(unsigned, unsigned)::string
    char.o(t._ZNSs9_C_getRepEjj) refers to vendor.o(.bss__ZNSs9__nullrefE) for std::basic_string<char, std::char_traits<char>, std::allocator<char>>::__nullref
    char.o(.ARM.exidx) refers to char.o(t._ZNSs9_C_getRepEjj) for t._ZNSs9_C_getRepEjj
    char.o(.ARM.exidx) refers to unwind_pr0.o(.text) for __aeabi_unwind_cpp_pr0
    char.o(t._ZNSsC1ERKSs) refers to char.o(t._ZN4__rw12__string_refIcSt11char_traitsIcESaIcEE10_C_inc_refEv) for __rw::__string_ref<char, std::char_traits<char>, std::allocator<char>>::_C_inc_ref()
    char.o(t._ZNSsC1ERKSs) refers to char.o(t._ZNSs9_C_getRepEjj) for std::basic_string<char, std::char_traits<char>, std::allocator<char>>::_C_getRep(unsigned, unsigned)
    char.o(t._ZNSsC1ERKSs) refers to char.o(i._ZNSt11char_traitsIcE4copyEPcPKcj) for std::char_traits<char>::copy(char*, const char*, unsigned)
    char.o(.ARM.exidx) refers to char.o(t._ZNSsC1ERKSs) for t._ZNSsC1ERKSs
    char.o(.ARM.exidx) refers to unwind_pr0.o(.text) for __aeabi_unwind_cpp_pr0
    char.o(t._ZNSsC1EPKcjRKSaIcE) refers to rwstdexcept.o(i._ZN4__rw10__rw_throwEiz) for __rw::__rw_throw(int, ...)
    char.o(t._ZNSsC1EPKcjRKSaIcE) refers to char.o(t._ZSt3maxIjERKT_S2_S2_) for const T1& std::max<unsigned>(const T1&, const T1&)
    char.o(t._ZNSsC1EPKcjRKSaIcE) refers to char.o(t._ZNSs9_C_getRepEjj) for std::basic_string<char, std::char_traits<char>, std::allocator<char>>::_C_getRep(unsigned, unsigned)
    char.o(t._ZNSsC1EPKcjRKSaIcE) refers to char.o(i._ZNSt11char_traitsIcE4copyEPcPKcj) for std::char_traits<char>::copy(char*, const char*, unsigned)
    char.o(t._ZNSsC1EPKcjRKSaIcE) refers to char.o(.constdata__ZZNSsC1EPKcjRKSaIcEEs) for std::basic_string<char, std::char_traits<char>, std::allocator<char>>::basic_string(const char*, unsigned, const std::allocator<char>&)::string
    char.o(t._ZNSsC1EPKcjRKSaIcE) refers to vendor.o(.bss__ZNSs9__nullrefE) for std::basic_string<char, std::char_traits<char>, std::allocator<char>>::__nullref
    char.o(.ARM.exidx) refers to char.o(t._ZNSsC1EPKcjRKSaIcE) for t._ZNSsC1EPKcjRKSaIcE
    char.o(.ARM.exidx) refers to unwind_pr0.o(.text) for __aeabi_unwind_cpp_pr0
    char.o(t._ZNSs9_C_unlinkEv) refers to rwalloc.o(i._ZN4__rw15__rw_deallocateEPvji) for __rw::__rw_deallocate(void*, unsigned, int)
    char.o(t._ZNSs9_C_unlinkEv) refers to vendor.o(.bss__ZNSs9__nullrefE) for std::basic_string<char, std::char_traits<char>, std::allocator<char>>::__nullref
    char.o(.ARM.exidx) refers to char.o(t._ZNSs9_C_unlinkEv) for t._ZNSs9_C_unlinkEv
    char.o(.ARM.exidx) refers to unwind_pr0.o(.text) for __aeabi_unwind_cpp_pr0
    char.o(t._ZNSs7replaceEjjPKcjjj) refers to rwstdexcept.o(i._ZN4__rw10__rw_throwEiz) for __rw::__rw_throw(int, ...)
    char.o(t._ZNSs7replaceEjjPKcjjj) refers to char.o(t._ZSt3maxIjERKT_S2_S2_) for const T1& std::max<unsigned>(const T1&, const T1&)
    char.o(t._ZNSs7replaceEjjPKcjjj) refers to char.o(t._ZNSs9_C_getRepEjj) for std::basic_string<char, std::char_traits<char>, std::allocator<char>>::_C_getRep(unsigned, unsigned)
    char.o(t._ZNSs7replaceEjjPKcjjj) refers to char.o(i._ZNSt11char_traitsIcE4copyEPcPKcj) for std::char_traits<char>::copy(char*, const char*, unsigned)
    char.o(t._ZNSs7replaceEjjPKcjjj) refers to char.o(t._ZNSs9_C_unlinkEv) for std::basic_string<char, std::char_traits<char>, std::allocator<char>>::_C_unlink()
    char.o(t._ZNSs7replaceEjjPKcjjj) refers to memmove.o(.text) for __aeabi_memmove
    char.o(t._ZNSs7replaceEjjPKcjjj) refers to char.o(.constdata__ZZNSs7replaceEjjPKcjjjEs) for std::basic_string<char, std::char_traits<char>, std::allocator<char>>::replace(unsigned, unsigned, const char*, unsigned, unsigned, unsigned)::string
    char.o(t._ZNSs7replaceEjjPKcjjj) refers to vendor.o(.bss__ZNSs9__nullrefE) for std::basic_string<char, std::char_traits<char>, std::allocator<char>>::__nullref
    char.o(.ARM.exidx) refers to char.o(t._ZNSs7replaceEjjPKcjjj) for t._ZNSs7replaceEjjPKcjjj
    char.o(.ARM.exidx) refers to unwind_pr1.o(.text) for __aeabi_unwind_cpp_pr1
    char.o(.ARM.exidx) refers to char.o(.ARM.extab) for .extab._ZNSs7replaceEjjPKcjjj
    char.o(t._ZNSs5beginEv) refers to char.o(t._ZNSs9_C_getRepEjj) for std::basic_string<char, std::char_traits<char>, std::allocator<char>>::_C_getRep(unsigned, unsigned)
    char.o(t._ZNSs5beginEv) refers to char.o(i._ZNSt11char_traitsIcE4copyEPcPKcj) for std::char_traits<char>::copy(char*, const char*, unsigned)
    char.o(t._ZNSs5beginEv) refers to char.o(t._ZNSs9_C_unlinkEv) for std::basic_string<char, std::char_traits<char>, std::allocator<char>>::_C_unlink()
    char.o(t._ZNSs5beginEv) refers to vendor.o(.bss__ZNSs9__nullrefE) for std::basic_string<char, std::char_traits<char>, std::allocator<char>>::__nullref
    char.o(.ARM.exidx) refers to char.o(t._ZNSs5beginEv) for t._ZNSs5beginEv
    char.o(.ARM.exidx) refers to unwind_pr0.o(.text) for __aeabi_unwind_cpp_pr0
    char.o(i._ZNSt5ctypeIcED1Ev) refers to array_del.o(i._ZdaPv) for operator delete[] (void*)
    char.o(i._ZNSt5ctypeIcED1Ev) refers to char.o(.constdata__ZTVSt5ctypeIcE) for vtable for std::ctype<char>
    char.o(.ARM.exidx) refers to char.o(i._ZNSt5ctypeIcED1Ev) for i._ZNSt5ctypeIcED1Ev
    char.o(.ARM.exidx) refers to char.o(t._ZNK4__rw17__rw_collate_dataIcE13_C_coll_orderEc) for t._ZNK4__rw17__rw_collate_dataIcE13_C_coll_orderEc
    char.o(t._ZNKSt7collateIcE10do_compareEPKcS2_S2_S2_) refers to char.o(t._ZNK4__rw17__rw_collate_dataIcE13_C_coll_orderEc) for __rw::__rw_collate_data<char>::_C_coll_order(char) const
    char.o(.ARM.exidx) refers to char.o(t._ZNKSt7collateIcE10do_compareEPKcS2_S2_S2_) for t._ZNKSt7collateIcE10do_compareEPKcS2_S2_S2_
    char.o(.ARM.exidx) refers to unwind_pr1.o(.text) for __aeabi_unwind_cpp_pr1
    char.o(.ARM.exidx) refers to char.o(.ARM.extab) for .extab._ZNKSt7collateIcE10do_compareEPKcS2_S2_S2_
    char.o(t._ZNKSt7collateIcE12do_transformEPKcS2_) refers to char.o(t._ZNSsC1EPKcjRKSaIcE) for std::basic_string<char, std::char_traits<char>, std::allocator<char>>::basic_string(const char*, unsigned, const std::allocator<char>&)
    char.o(t._ZNKSt7collateIcE12do_transformEPKcS2_) refers to char.o(t._ZNSs5beginEv) for std::basic_string<char, std::char_traits<char>, std::allocator<char>>::begin()
    char.o(t._ZNKSt7collateIcE12do_transformEPKcS2_) refers to char.o(t._ZNK4__rw17__rw_collate_dataIcE13_C_coll_orderEc) for __rw::__rw_collate_data<char>::_C_coll_order(char) const
    char.o(t._ZNKSt7collateIcE12do_transformEPKcS2_.clean) refers to char.o(t._ZNSsD1Ev) for std::basic_string<char, std::char_traits<char>, std::allocator<char>>::~basic_string()
    char.o(t._ZNKSt7collateIcE12do_transformEPKcS2_.clean) refers to arm_exceptions_cleanup.o(.emb_text) for __cxa_end_cleanup
    char.o(.ARM.extab) refers to char.o(t._ZNKSt7collateIcE12do_transformEPKcS2_.clean) for t._ZNKSt7collateIcE12do_transformEPKcS2_.clean
    char.o(.ARM.exidx) refers to char.o(t._ZNKSt7collateIcE12do_transformEPKcS2_) for t._ZNKSt7collateIcE12do_transformEPKcS2_
    char.o(.ARM.exidx) refers to unwind_pr0.o(.text) for __aeabi_unwind_cpp_pr0
    char.o(.ARM.exidx) refers to char.o(.ARM.extab) for .extab._ZNKSt7collateIcE12do_transformEPKcS2_
    char.o(.ARM.exidx) refers to char.o(t._ZNKSt7collateIcE12do_transformEPKcS2_.clean) for t._ZNKSt7collateIcE12do_transformEPKcS2_.clean
    char.o(t._ZNKSt7collateIcE7do_hashEPKcS2_) refers to char.o(t._ZNSsD1Ev) for std::basic_string<char, std::char_traits<char>, std::allocator<char>>::~basic_string()
    char.o(t._ZNKSt7collateIcE7do_hashEPKcS2_.clean) refers to arm_exceptions_cleanup.o(.emb_text) for __cxa_end_cleanup
    char.o(.ARM.exidx) refers to char.o(t._ZNKSt7collateIcE7do_hashEPKcS2_) for t._ZNKSt7collateIcE7do_hashEPKcS2_
    char.o(.ARM.exidx) refers to unwind_pr0.o(.text) for __aeabi_unwind_cpp_pr0
    char.o(.ARM.exidx) refers to char.o(t._ZNKSt7collateIcE7do_hashEPKcS2_.clean) for t._ZNKSt7collateIcE7do_hashEPKcS2_.clean
    char.o(.ARM.exidx) refers to char.o(i._ZNSt7collateIcED1Ev) for i._ZNSt7collateIcED1Ev
    char.o(i._ZNSt14collate_bynameIcED1Ev) refers to char.o(t._ZNSsD1Ev) for std::basic_string<char, std::char_traits<char>, std::allocator<char>>::~basic_string()
    char.o(i._ZNSt14collate_bynameIcED1Ev) refers to char.o(i._ZNSt7collateIcED1Ev) for std::collate<char>::~collate()
    char.o(i._ZNSt14collate_bynameIcED1Ev) refers to char.o(.constdata__ZTVSt14collate_bynameIcE) for vtable for std::collate_byname<char>
    char.o(.ARM.exidx) refers to char.o(i._ZNSt14collate_bynameIcED1Ev) for i._ZNSt14collate_bynameIcED1Ev
    char.o(t._ZNSt8numpunctIcE12_C_initfacetERKSt6locale) refers to locale.o(t._ZNSsaSERKSs) for std::basic_string<char, std::char_traits<char>, std::allocator<char>>::operator =(const std::basic_string<char, std::char_traits<char>, std::allocator<char>>&)
    char.o(t._ZNSt8numpunctIcE12_C_initfacetERKSt6locale) refers to char.o(t._ZNSsD1Ev) for std::basic_string<char, std::char_traits<char>, std::allocator<char>>::~basic_string()
    char.o(t._ZNSt8numpunctIcE12_C_initfacetERKSt6locale.clean) refers to char.o(t._ZNSsD1Ev) for std::basic_string<char, std::char_traits<char>, std::allocator<char>>::~basic_string()
    char.o(t._ZNSt8numpunctIcE12_C_initfacetERKSt6locale.clean) refers to arm_exceptions_cleanup.o(.emb_text) for __cxa_end_cleanup
    char.o(.ARM.extab) refers to char.o(t._ZNSt8numpunctIcE12_C_initfacetERKSt6locale.clean) for t._ZNSt8numpunctIcE12_C_initfacetERKSt6locale.clean
    char.o(.ARM.exidx) refers to char.o(t._ZNSt8numpunctIcE12_C_initfacetERKSt6locale) for t._ZNSt8numpunctIcE12_C_initfacetERKSt6locale
    char.o(.ARM.exidx) refers to unwind_pr0.o(.text) for __aeabi_unwind_cpp_pr0
    char.o(.ARM.exidx) refers to char.o(.ARM.extab) for .extab._ZNSt8numpunctIcE12_C_initfacetERKSt6locale
    char.o(.ARM.exidx) refers to char.o(t._ZNSt8numpunctIcE12_C_initfacetERKSt6locale.clean) for t._ZNSt8numpunctIcE12_C_initfacetERKSt6locale.clean
    char.o(i._ZNSt8numpunctIcED1Ev) refers to char.o(i._ZN4__rw18__rw_numpunct_implIcED1Ev) for __rw::__rw_numpunct_impl<char>::~__rw_numpunct_impl()
    char.o(.ARM.exidx) refers to char.o(i._ZNSt8numpunctIcED1Ev) for i._ZNSt8numpunctIcED1Ev
    char.o(.ARM.exidx) refers to char.o(i._ZnwjPv) for i._ZnwjPv
    char.o(i._ZNSt11char_traitsIcE4copyEPcPKcj) refers to memmove.o(.text) for __aeabi_memcpy
    char.o(.ARM.exidx) refers to char.o(i._ZNSt11char_traitsIcE4copyEPcPKcj) for i._ZNSt11char_traitsIcE4copyEPcPKcj
    char.o(.ARM.exidx) refers to char.o(t._ZNSaIcEC1Ev) for t._ZNSaIcEC1Ev
    char.o(.ARM.exidx) refers to char.o(t._ZNSaIcEC1ERKS_) for t._ZNSaIcEC1ERKS_
    char.o(t._ZN4__rw12__string_refIcSt11char_traitsIcESaIcEE10_C_inc_refEv) refers to vendor.o(.bss__ZNSs9__nullrefE) for std::basic_string<char, std::char_traits<char>, std::allocator<char>>::__nullref
    char.o(.ARM.exidx) refers to char.o(t._ZN4__rw12__string_refIcSt11char_traitsIcESaIcEE10_C_inc_refEv) for t._ZN4__rw12__string_refIcSt11char_traitsIcESaIcEE10_C_inc_refEv
    char.o(.ARM.exidx) refers to char.o(t._ZSt3maxIjERKT_S2_S2_) for t._ZSt3maxIjERKT_S2_S2_
    char.o(.ARM.exidx) refers to char.o(t._ZNSaIN4__rw12__string_refIcSt11char_traitsIcESaIcEEEEC1IcEERKSaIT_E) for t._ZNSaIN4__rw12__string_refIcSt11char_traitsIcESaIcEEEEC1IcEERKSaIT_E
    char.o(t._ZNSsD1Ev) refers to char.o(t._ZNSs9_C_unlinkEv) for std::basic_string<char, std::char_traits<char>, std::allocator<char>>::_C_unlink()
    char.o(.ARM.extab) refers to arm_callunex_noexceptions.o(.text) for __cxa_call_unexpected
    char.o(.ARM.exidx) refers to char.o(t._ZNSsD1Ev) for t._ZNSsD1Ev
    char.o(.ARM.exidx) refers to unwind_pr0.o(.text) for __aeabi_unwind_cpp_pr0
    char.o(.ARM.exidx) refers to char.o(.ARM.extab) for .extab._ZNSsD1Ev
    char.o(.ARM.exidx) refers to char.o(i._ZNSt6locale5facetD1Ev) for i._ZNSt6locale5facetD1Ev
    char.o(.ARM.exidx) refers to char.o(i._ZNKSt5ctypeIcE2isENSt10ctype_base4maskEc) for i._ZNKSt5ctypeIcE2isENSt10ctype_base4maskEc
    char.o(i._ZNSt5ctypeIcED0Ev) refers to char.o(i._ZNSt5ctypeIcED1Ev) for std::ctype<char>::~ctype()
    char.o(i._ZNSt5ctypeIcED0Ev) refers to delete.o(i._ZdlPv) for operator delete (void*)
    char.o(.ARM.exidx) refers to char.o(i._ZNSt5ctypeIcED0Ev) for i._ZNSt5ctypeIcED0Ev
    char.o(i._ZNKSt5ctypeIcE10do_toupperEPcPKc) refers to char.o(i._ZNKSt5ctypeIcE2isENSt10ctype_base4maskEc) for std::ctype<char>::is(std::ctype_base::mask, char) const
    char.o(.ARM.exidx) refers to char.o(i._ZNKSt5ctypeIcE10do_toupperEPcPKc) for i._ZNKSt5ctypeIcE10do_toupperEPcPKc
    char.o(.ARM.exidx) refers to unwind_pr0.o(.text) for __aeabi_unwind_cpp_pr0
    char.o(i._ZNKSt5ctypeIcE10do_tolowerEPcPKc) refers to char.o(i._ZNKSt5ctypeIcE2isENSt10ctype_base4maskEc) for std::ctype<char>::is(std::ctype_base::mask, char) const
    char.o(.ARM.exidx) refers to char.o(i._ZNKSt5ctypeIcE10do_tolowerEPcPKc) for i._ZNKSt5ctypeIcE10do_tolowerEPcPKc
    char.o(.ARM.exidx) refers to unwind_pr0.o(.text) for __aeabi_unwind_cpp_pr0
    char.o(i._ZNKSt5ctypeIcE10do_toupperEc) refers to char.o(i._ZNKSt5ctypeIcE2isENSt10ctype_base4maskEc) for std::ctype<char>::is(std::ctype_base::mask, char) const
    char.o(.ARM.exidx) refers to char.o(i._ZNKSt5ctypeIcE10do_toupperEc) for i._ZNKSt5ctypeIcE10do_toupperEc
    char.o(.ARM.exidx) refers to unwind_pr0.o(.text) for __aeabi_unwind_cpp_pr0
    char.o(i._ZNKSt5ctypeIcE10do_tolowerEc) refers to char.o(i._ZNKSt5ctypeIcE2isENSt10ctype_base4maskEc) for std::ctype<char>::is(std::ctype_base::mask, char) const
    char.o(.ARM.exidx) refers to char.o(i._ZNKSt5ctypeIcE10do_tolowerEc) for i._ZNKSt5ctypeIcE10do_tolowerEc
    char.o(.ARM.exidx) refers to unwind_pr0.o(.text) for __aeabi_unwind_cpp_pr0
    char.o(.ARM.exidx) refers to char.o(i._ZNKSt5ctypeIcE8do_widenEc) for i._ZNKSt5ctypeIcE8do_widenEc
    char.o(i._ZNKSt5ctypeIcE8do_widenEPKcS2_Pc) refers to memmove.o(.text) for __aeabi_memcpy
    char.o(.ARM.exidx) refers to char.o(i._ZNKSt5ctypeIcE8do_widenEPKcS2_Pc) for i._ZNKSt5ctypeIcE8do_widenEPKcS2_Pc
    char.o(.ARM.exidx) refers to char.o(i._ZNKSt5ctypeIcE9do_narrowEcc) for i._ZNKSt5ctypeIcE9do_narrowEcc
    char.o(i._ZNKSt5ctypeIcE9do_narrowEPKcS2_cPc) refers to memmove.o(.text) for __aeabi_memcpy
    char.o(.ARM.exidx) refers to char.o(i._ZNKSt5ctypeIcE9do_narrowEPKcS2_cPc) for i._ZNKSt5ctypeIcE9do_narrowEPKcS2_cPc
    char.o(i._ZN4__rw21__rw_use_c_lib_localeD1Ev) refers to array_del.o(i._ZdaPv) for operator delete[] (void*)
    char.o(.ARM.exidx) refers to char.o(i._ZN4__rw21__rw_use_c_lib_localeD1Ev) for i._ZN4__rw21__rw_use_c_lib_localeD1Ev
    char.o(i._ZNSt7collateIcED0Ev) refers to char.o(i._ZNSt7collateIcED1Ev) for std::collate<char>::~collate()
    char.o(i._ZNSt7collateIcED0Ev) refers to delete.o(i._ZdlPv) for operator delete (void*)
    char.o(.ARM.exidx) refers to char.o(i._ZNSt7collateIcED0Ev) for i._ZNSt7collateIcED0Ev
    char.o(i._ZNSt14collate_bynameIcED0Ev) refers to char.o(i._ZNSt14collate_bynameIcED1Ev) for std::collate_byname<char>::~collate_byname()
    char.o(i._ZNSt14collate_bynameIcED0Ev) refers to delete.o(i._ZdlPv) for operator delete (void*)
    char.o(.ARM.exidx) refers to char.o(i._ZNSt14collate_bynameIcED0Ev) for i._ZNSt14collate_bynameIcED0Ev
    char.o(.ARM.exidx) refers to char.o(t._ZNKSt8numpunctIcE16do_decimal_pointEv) for t._ZNKSt8numpunctIcE16do_decimal_pointEv
    char.o(.ARM.exidx) refers to char.o(t._ZNKSt8numpunctIcE16do_thousands_sepEv) for t._ZNKSt8numpunctIcE16do_thousands_sepEv
    char.o(t._ZNKSt8numpunctIcE11do_groupingEv) refers to char.o(t._ZNSsC1ERKSs) for std::basic_string<char, std::char_traits<char>, std::allocator<char>>::basic_string(const std::basic_string<char, std::char_traits<char>, std::allocator<char>>&)
    char.o(.ARM.exidx) refers to char.o(t._ZNKSt8numpunctIcE11do_groupingEv) for t._ZNKSt8numpunctIcE11do_groupingEv
    char.o(t._ZNKSt8numpunctIcE11do_truenameEv) refers to char.o(t._ZNSsC1ERKSs) for std::basic_string<char, std::char_traits<char>, std::allocator<char>>::basic_string(const std::basic_string<char, std::char_traits<char>, std::allocator<char>>&)
    char.o(.ARM.exidx) refers to char.o(t._ZNKSt8numpunctIcE11do_truenameEv) for t._ZNKSt8numpunctIcE11do_truenameEv
    char.o(t._ZNKSt8numpunctIcE12do_falsenameEv) refers to char.o(t._ZNSsC1ERKSs) for std::basic_string<char, std::char_traits<char>, std::allocator<char>>::basic_string(const std::basic_string<char, std::char_traits<char>, std::allocator<char>>&)
    char.o(.ARM.exidx) refers to char.o(t._ZNKSt8numpunctIcE12do_falsenameEv) for t._ZNKSt8numpunctIcE12do_falsenameEv
    char.o(i._ZN4__rw18__rw_numpunct_implIcED1Ev) refers to char.o(i._ZN4__rw23__rw_numpunct_impl_dataIcED1Ev) for __rw::__rw_numpunct_impl_data<char>::~__rw_numpunct_impl_data()
    char.o(.ARM.exidx) refers to char.o(i._ZN4__rw18__rw_numpunct_implIcED1Ev) for i._ZN4__rw18__rw_numpunct_implIcED1Ev
    char.o(i._ZNSt8numpunctIcED0Ev) refers to char.o(i._ZNSt8numpunctIcED1Ev) for std::numpunct<char>::~numpunct()
    char.o(i._ZNSt8numpunctIcED0Ev) refers to delete.o(i._ZdlPv) for operator delete (void*)
    char.o(.ARM.exidx) refers to char.o(i._ZNSt8numpunctIcED0Ev) for i._ZNSt8numpunctIcED0Ev
    char.o(.ARM.exidx) refers to char.o(i._ZN4__rw15__rw_facet_base12_C_initfacetERKSt6locale) for i._ZN4__rw15__rw_facet_base12_C_initfacetERKSt6locale
    char.o(i._ZN4__rw23__rw_numpunct_impl_dataIcED1Ev) refers to char.o(t._ZNSsD1Ev) for std::basic_string<char, std::char_traits<char>, std::allocator<char>>::~basic_string()
    char.o(i._ZN4__rw23__rw_numpunct_impl_dataIcED1Ev) refers to char.o(i._ZN4__rw15__rw_punct_dataIcED1Ev) for __rw::__rw_punct_data<char>::~__rw_punct_data()
    char.o(.ARM.exidx) refers to char.o(i._ZN4__rw23__rw_numpunct_impl_dataIcED1Ev) for i._ZN4__rw23__rw_numpunct_impl_dataIcED1Ev
    char.o(i._ZN4__rw15__rw_punct_dataIcED1Ev) refers to char.o(t._ZNSsD1Ev) for std::basic_string<char, std::char_traits<char>, std::allocator<char>>::~basic_string()
    char.o(.ARM.exidx) refers to char.o(i._ZN4__rw15__rw_punct_dataIcED1Ev) for i._ZN4__rw15__rw_punct_dataIcED1Ev
    char.o(.constdata__ZTISt5ctypeIcE) refers to lib_rtti_impl.o(.constdata__ZTVN10__cxxabiv121__vmi_class_type_infoE) for vtable for __cxxabiv1::__vmi_class_type_info
    char.o(.constdata__ZTISt5ctypeIcE) refers to char.o(.constdata__ZTSSt5ctypeIcE) for typeinfo name for std::ctype<char>
    char.o(.constdata__ZTISt5ctypeIcE) refers to char.o(.constdata__ZTINSt6locale5facetE) for typeinfo for std::locale::facet
    char.o(.constdata__ZTISt5ctypeIcE) refers to char.o(.constdata__ZTISt10ctype_base) for typeinfo for std::ctype_base
    char.o(.constdata__ZTISt5ctypeIcE) refers to char.o(.constdata__ZTIN4__rw17__rw_ctype_helperIcEE) for typeinfo for __rw::__rw_ctype_helper<char>
    char.o(.constdata__ZTVSt12ctype_bynameIcE) refers to char.o(.constdata__ZTISt12ctype_bynameIcE) for typeinfo for std::ctype_byname<char>
    char.o(.constdata__ZTVSt12ctype_bynameIcE) refers to char.o(i._ZNSt12ctype_bynameIcED1Ev) for std::ctype_byname<char>::~ctype_byname()
    char.o(.constdata__ZTVSt12ctype_bynameIcE) refers to char.o(i._ZNSt12ctype_bynameIcED0Ev) for std::ctype_byname<char>::~ctype_byname__deallocating()
    char.o(.constdata__ZTVSt12ctype_bynameIcE) refers to char.o(i._ZNSt5ctypeIcE12_C_initfacetERKSt6locale) for std::ctype<char>::_C_initfacet(const std::locale&)
    char.o(.constdata__ZTVSt12ctype_bynameIcE) refers to char.o(i._ZNKSt5ctypeIcE10do_toupperEPcPKc) for std::ctype<char>::do_toupper(char*, const char*) const
    char.o(.constdata__ZTVSt12ctype_bynameIcE) refers to char.o(i._ZNKSt5ctypeIcE10do_tolowerEPcPKc) for std::ctype<char>::do_tolower(char*, const char*) const
    char.o(.constdata__ZTVSt12ctype_bynameIcE) refers to char.o(i._ZNKSt5ctypeIcE10do_toupperEc) for std::ctype<char>::do_toupper(char) const
    char.o(.constdata__ZTVSt12ctype_bynameIcE) refers to char.o(i._ZNKSt5ctypeIcE10do_tolowerEc) for std::ctype<char>::do_tolower(char) const
    char.o(.constdata__ZTVSt12ctype_bynameIcE) refers to char.o(i._ZNKSt5ctypeIcE8do_widenEc) for std::ctype<char>::do_widen(char) const
    char.o(.constdata__ZTVSt12ctype_bynameIcE) refers to char.o(i._ZNKSt5ctypeIcE8do_widenEPKcS2_Pc) for std::ctype<char>::do_widen(const char*, const char*, char*) const
    char.o(.constdata__ZTVSt12ctype_bynameIcE) refers to char.o(i._ZNKSt5ctypeIcE9do_narrowEcc) for std::ctype<char>::do_narrow(char, char) const
    char.o(.constdata__ZTVSt12ctype_bynameIcE) refers to char.o(i._ZNKSt5ctypeIcE9do_narrowEPKcS2_cPc) for std::ctype<char>::do_narrow(const char*, const char*, char, char*) const
    char.o(.constdata__ZTISt7collateIcE) refers to lib_rtti_impl.o(.constdata__ZTVN10__cxxabiv121__vmi_class_type_infoE) for vtable for __cxxabiv1::__vmi_class_type_info
    char.o(.constdata__ZTISt7collateIcE) refers to char.o(.constdata__ZTSSt7collateIcE) for typeinfo name for std::collate<char>
    char.o(.constdata__ZTISt7collateIcE) refers to char.o(.constdata__ZTINSt6locale5facetE) for typeinfo for std::locale::facet
    char.o(.constdata__ZTISt7collateIcE) refers to char.o(.constdata__ZTIN4__rw17__rw_collate_implIcEE) for typeinfo for __rw::__rw_collate_impl<char>
    char.o(.constdata__ZTISt8numpunctIcE) refers to lib_rtti_impl.o(.constdata__ZTVN10__cxxabiv121__vmi_class_type_infoE) for vtable for __cxxabiv1::__vmi_class_type_info
    char.o(.constdata__ZTISt8numpunctIcE) refers to char.o(.constdata__ZTSSt8numpunctIcE) for typeinfo name for std::numpunct<char>
    char.o(.constdata__ZTISt8numpunctIcE) refers to char.o(.constdata__ZTINSt6locale5facetE) for typeinfo for std::locale::facet
    char.o(.constdata__ZTISt8numpunctIcE) refers to char.o(.constdata__ZTIN4__rw18__rw_numpunct_implIcEE) for typeinfo for __rw::__rw_numpunct_impl<char>
    char.o(.constdata__ZTISt14collate_bynameIcE) refers to lib_rtti_impl.o(.constdata__ZTVN10__cxxabiv120__si_class_type_infoE) for vtable for __cxxabiv1::__si_class_type_info
    char.o(.constdata__ZTISt14collate_bynameIcE) refers to char.o(.constdata__ZTSSt14collate_bynameIcE) for typeinfo name for std::collate_byname<char>
    char.o(.constdata__ZTISt14collate_bynameIcE) refers to char.o(.constdata__ZTISt7collateIcE) for typeinfo for std::collate<char>
    char.o(.constdata__ZTINSt6locale5facetE) refers to lib_rtti_impl.o(.constdata__ZTVN10__cxxabiv120__si_class_type_infoE) for vtable for __cxxabiv1::__si_class_type_info
    char.o(.constdata__ZTINSt6locale5facetE) refers to char.o(.constdata__ZTSNSt6locale5facetE) for typeinfo name for std::locale::facet
    char.o(.constdata__ZTINSt6locale5facetE) refers to char.o(.constdata__ZTIN4__rw15__rw_facet_baseE) for typeinfo for __rw::__rw_facet_base
    char.o(.constdata__ZTISt12ctype_bynameIcE) refers to lib_rtti_impl.o(.constdata__ZTVN10__cxxabiv120__si_class_type_infoE) for vtable for __cxxabiv1::__si_class_type_info
    char.o(.constdata__ZTISt12ctype_bynameIcE) refers to char.o(.constdata__ZTSSt12ctype_bynameIcE) for typeinfo name for std::ctype_byname<char>
    char.o(.constdata__ZTISt12ctype_bynameIcE) refers to char.o(.constdata__ZTISt5ctypeIcE) for typeinfo for std::ctype<char>
    char.o(.constdata__ZTISt10ctype_base) refers to lib_rtti_impl.o(.constdata__ZTVN10__cxxabiv117__class_type_infoE) for vtable for __cxxabiv1::__class_type_info
    char.o(.constdata__ZTISt10ctype_base) refers to char.o(.constdata__ZTSSt10ctype_base) for typeinfo name for std::ctype_base
    char.o(.constdata__ZTIN4__rw17__rw_ctype_helperIcEE) refers to lib_rtti_impl.o(.constdata__ZTVN10__cxxabiv117__class_type_infoE) for vtable for __cxxabiv1::__class_type_info
    char.o(.constdata__ZTIN4__rw17__rw_ctype_helperIcEE) refers to char.o(.constdata__ZTSN4__rw17__rw_ctype_helperIcEE) for typeinfo name for __rw::__rw_ctype_helper<char>
    char.o(.constdata__ZTIN4__rw17__rw_collate_implIcEE) refers to lib_rtti_impl.o(.constdata__ZTVN10__cxxabiv120__si_class_type_infoE) for vtable for __cxxabiv1::__si_class_type_info
    char.o(.constdata__ZTIN4__rw17__rw_collate_implIcEE) refers to char.o(.constdata__ZTSN4__rw17__rw_collate_implIcEE) for typeinfo name for __rw::__rw_collate_impl<char>
    char.o(.constdata__ZTIN4__rw17__rw_collate_implIcEE) refers to char.o(.constdata__ZTIN4__rw17__rw_collate_dataIcEE) for typeinfo for __rw::__rw_collate_data<char>
    char.o(.constdata__ZTIN4__rw18__rw_numpunct_implIcEE) refers to lib_rtti_impl.o(.constdata__ZTVN10__cxxabiv120__si_class_type_infoE) for vtable for __cxxabiv1::__si_class_type_info
    char.o(.constdata__ZTIN4__rw18__rw_numpunct_implIcEE) refers to char.o(.constdata__ZTSN4__rw18__rw_numpunct_implIcEE) for typeinfo name for __rw::__rw_numpunct_impl<char>
    char.o(.constdata__ZTIN4__rw18__rw_numpunct_implIcEE) refers to char.o(.constdata__ZTIN4__rw23__rw_numpunct_impl_dataIcEE) for typeinfo for __rw::__rw_numpunct_impl_data<char>
    char.o(.constdata__ZTIN4__rw15__rw_facet_baseE) refers to lib_rtti_impl.o(.constdata__ZTVN10__cxxabiv120__si_class_type_infoE) for vtable for __cxxabiv1::__si_class_type_info
    char.o(.constdata__ZTIN4__rw15__rw_facet_baseE) refers to char.o(.constdata__ZTSN4__rw15__rw_facet_baseE) for typeinfo name for __rw::__rw_facet_base
    char.o(.constdata__ZTIN4__rw15__rw_facet_baseE) refers to char.o(.constdata__ZTIN4__rw17__rw_synchronizedE) for typeinfo for __rw::__rw_synchronized
    char.o(.constdata__ZTIN4__rw17__rw_collate_dataIcEE) refers to lib_rtti_impl.o(.constdata__ZTVN10__cxxabiv117__class_type_infoE) for vtable for __cxxabiv1::__class_type_info
    char.o(.constdata__ZTIN4__rw17__rw_collate_dataIcEE) refers to char.o(.constdata__ZTSN4__rw17__rw_collate_dataIcEE) for typeinfo name for __rw::__rw_collate_data<char>
    char.o(.constdata__ZTIN4__rw23__rw_numpunct_impl_dataIcEE) refers to lib_rtti_impl.o(.constdata__ZTVN10__cxxabiv121__vmi_class_type_infoE) for vtable for __cxxabiv1::__vmi_class_type_info
    char.o(.constdata__ZTIN4__rw23__rw_numpunct_impl_dataIcEE) refers to char.o(.constdata__ZTSN4__rw23__rw_numpunct_impl_dataIcEE) for typeinfo name for __rw::__rw_numpunct_impl_data<char>
    char.o(.constdata__ZTIN4__rw23__rw_numpunct_impl_dataIcEE) refers to char.o(.constdata__ZTIN4__rw23__rw_numpunct_impl_baseE) for typeinfo for __rw::__rw_numpunct_impl_base
    char.o(.constdata__ZTIN4__rw23__rw_numpunct_impl_dataIcEE) refers to char.o(.constdata__ZTIN4__rw15__rw_punct_dataIcEE) for typeinfo for __rw::__rw_punct_data<char>
    char.o(.constdata__ZTIN4__rw17__rw_synchronizedE) refers to lib_rtti_impl.o(.constdata__ZTVN10__cxxabiv117__class_type_infoE) for vtable for __cxxabiv1::__class_type_info
    char.o(.constdata__ZTIN4__rw17__rw_synchronizedE) refers to char.o(.constdata__ZTSN4__rw17__rw_synchronizedE) for typeinfo name for __rw::__rw_synchronized
    char.o(.constdata__ZTIN4__rw23__rw_numpunct_impl_baseE) refers to lib_rtti_impl.o(.constdata__ZTVN10__cxxabiv117__class_type_infoE) for vtable for __cxxabiv1::__class_type_info
    char.o(.constdata__ZTIN4__rw23__rw_numpunct_impl_baseE) refers to char.o(.constdata__ZTSN4__rw23__rw_numpunct_impl_baseE) for typeinfo name for __rw::__rw_numpunct_impl_base
    char.o(.constdata__ZTIN4__rw15__rw_punct_dataIcEE) refers to lib_rtti_impl.o(.constdata__ZTVN10__cxxabiv117__class_type_infoE) for vtable for __cxxabiv1::__class_type_info
    char.o(.constdata__ZTIN4__rw15__rw_punct_dataIcEE) refers to char.o(.constdata__ZTSN4__rw15__rw_punct_dataIcEE) for typeinfo name for __rw::__rw_punct_data<char>
    char.o(i._ZNSt12ctype_bynameIcED1Ev) refers to char.o(i._ZNSt5ctypeIcED1Ev) for std::ctype<char>::~ctype()
    char.o(.ARM.exidx) refers to char.o(i._ZNSt12ctype_bynameIcED1Ev) for i._ZNSt12ctype_bynameIcED1Ev
    char.o(i._ZNSt12ctype_bynameIcED0Ev) refers to char.o(i._ZNSt12ctype_bynameIcED1Ev) for std::ctype_byname<char>::~ctype_byname()
    char.o(i._ZNSt12ctype_bynameIcED0Ev) refers to delete.o(i._ZdlPv) for operator delete (void*)
    char.o(.ARM.exidx) refers to char.o(i._ZNSt12ctype_bynameIcED0Ev) for i._ZNSt12ctype_bynameIcED0Ev
    char.o(i.__ARM_common_noexcept_landing) refers to arm_exceptions_callterm.o(.text) for __cxa_call_terminate
    char.o(.ARM.exidx) refers to char.o(i.__ARM_common_noexcept_landing) for i.__ARM_common_noexcept_landing
    locale.o(.constdata__ZTVSt14codecvt_bynameIwcSt11__mbstate_tE) refers to locale.o(.constdata__ZTISt14codecvt_bynameIwcSt11__mbstate_tE) for typeinfo for std::codecvt_byname<wchar_t, char, std::__mbstate_t>
    locale.o(.constdata__ZTVSt14codecvt_bynameIwcSt11__mbstate_tE) refers to locale.o(i._ZNSt14codecvt_bynameIwcSt11__mbstate_tED1Ev) for std::codecvt_byname<wchar_t, char, std::__mbstate_t>::~codecvt_byname()
    locale.o(.constdata__ZTVSt14codecvt_bynameIwcSt11__mbstate_tE) refers to locale.o(i._ZNSt14codecvt_bynameIwcSt11__mbstate_tED0Ev) for std::codecvt_byname<wchar_t, char, std::__mbstate_t>::~codecvt_byname__deallocating()
    locale.o(.constdata__ZTVSt14codecvt_bynameIwcSt11__mbstate_tE) refers to char.o(i._ZN4__rw15__rw_facet_base12_C_initfacetERKSt6locale) for __rw::__rw_facet_base::_C_initfacet(const std::locale&)
    locale.o(.constdata__ZTVSt14codecvt_bynameIwcSt11__mbstate_tE) refers to locale.o(i._ZNKSt14codecvt_bynameIwcSt11__mbstate_tE6do_outERS0_PKwS4_RS4_PcS6_RS6_) for std::codecvt_byname<wchar_t, char, std::__mbstate_t>::do_out(std::__mbstate_t&, const wchar_t*, const wchar_t*, const wchar_t*&, char*, char*, char*&) const
    locale.o(.constdata__ZTVSt14codecvt_bynameIwcSt11__mbstate_tE) refers to locale.o(i._ZNKSt14codecvt_bynameIwcSt11__mbstate_tE5do_inERS0_PKcS4_RS4_PwS6_RS6_) for std::codecvt_byname<wchar_t, char, std::__mbstate_t>::do_in(std::__mbstate_t&, const char*, const char*, const char*&, wchar_t*, wchar_t*, wchar_t*&) const
    locale.o(.constdata__ZTVSt14codecvt_bynameIwcSt11__mbstate_tE) refers to locale.o(i._ZNKSt14codecvt_bynameIwcSt11__mbstate_tE10do_unshiftERS0_PcS3_RS3_) for std::codecvt_byname<wchar_t, char, std::__mbstate_t>::do_unshift(std::__mbstate_t&, char*, char*, char*&) const
    locale.o(.constdata__ZTVSt14codecvt_bynameIwcSt11__mbstate_tE) refers to locale.o(i._ZNKSt14codecvt_bynameIwcSt11__mbstate_tE16do_always_noconvEv) for std::codecvt_byname<wchar_t, char, std::__mbstate_t>::do_always_noconv() const
    locale.o(.constdata__ZTVSt14codecvt_bynameIwcSt11__mbstate_tE) refers to locale.o(i._ZNKSt14codecvt_bynameIwcSt11__mbstate_tE11do_encodingEv) for std::codecvt_byname<wchar_t, char, std::__mbstate_t>::do_encoding() const
    locale.o(.constdata__ZTVSt14codecvt_bynameIwcSt11__mbstate_tE) refers to locale.o(i._ZNKSt7codecvtIwcSt11__mbstate_tE9do_lengthERKS0_PKcS5_j) for std::codecvt<wchar_t, char, std::__mbstate_t>::do_length(const std::__mbstate_t&, const char*, const char*, unsigned) const
    locale.o(.constdata__ZTVSt14codecvt_bynameIwcSt11__mbstate_tE) refers to locale.o(i._ZNKSt14codecvt_bynameIwcSt11__mbstate_tE13do_max_lengthEv) for std::codecvt_byname<wchar_t, char, std::__mbstate_t>::do_max_length() const
    locale.o(t._ZNSs11_C_allocateEjjj) refers to char.o(t._ZSt3maxIjERKT_S2_S2_) for const T1& std::max<unsigned>(const T1&, const T1&)
    locale.o(t._ZNSs11_C_allocateEjjj) refers to char.o(t._ZNSs9_C_getRepEjj) for std::basic_string<char, std::char_traits<char>, std::allocator<char>>::_C_getRep(unsigned, unsigned)
    locale.o(.ARM.exidx) refers to locale.o(t._ZNSs11_C_allocateEjjj) for t._ZNSs11_C_allocateEjjj
    locale.o(.ARM.exidx) refers to unwind_pr0.o(.text) for __aeabi_unwind_cpp_pr0
    locale.o(t._ZNSsC1EPKcRKSaIcE) refers to strlen.o(.text) for strlen
    locale.o(t._ZNSsC1EPKcRKSaIcE) refers to locale.o(t._ZNSs11_C_allocateEjjj) for std::basic_string<char, std::char_traits<char>, std::allocator<char>>::_C_allocate(unsigned, unsigned, unsigned)
    locale.o(t._ZNSsC1EPKcRKSaIcE) refers to char.o(i._ZNSt11char_traitsIcE4copyEPcPKcj) for std::char_traits<char>::copy(char*, const char*, unsigned)
    locale.o(t._ZNSsC1EPKcRKSaIcE) refers to vendor.o(.bss__ZNSs9__nullrefE) for std::basic_string<char, std::char_traits<char>, std::allocator<char>>::__nullref
    locale.o(.ARM.exidx) refers to locale.o(t._ZNSsC1EPKcRKSaIcE) for t._ZNSsC1EPKcRKSaIcE
    locale.o(.ARM.exidx) refers to unwind_pr0.o(.text) for __aeabi_unwind_cpp_pr0
    locale.o(t._ZNSsaSERKSs) refers to char.o(t._ZN4__rw12__string_refIcSt11char_traitsIcESaIcEE10_C_inc_refEv) for __rw::__string_ref<char, std::char_traits<char>, std::allocator<char>>::_C_inc_ref()
    locale.o(t._ZNSsaSERKSs) refers to char.o(t._ZNSs9_C_unlinkEv) for std::basic_string<char, std::char_traits<char>, std::allocator<char>>::_C_unlink()
    locale.o(t._ZNSsaSERKSs) refers to locale.o(t._ZNSs7replaceEjjPKcj) for std::basic_string<char, std::char_traits<char>, std::allocator<char>>::replace(unsigned, unsigned, const char*, unsigned)
    locale.o(.ARM.exidx) refers to locale.o(t._ZNSsaSERKSs) for t._ZNSsaSERKSs
    locale.o(.ARM.exidx) refers to unwind_pr0.o(.text) for __aeabi_unwind_cpp_pr0
    locale.o(t._ZNSsaSEPKc) refers to strlen.o(.text) for strlen
    locale.o(t._ZNSsaSEPKc) refers to locale.o(t._ZNSs7replaceEjjPKcj) for std::basic_string<char, std::char_traits<char>, std::allocator<char>>::replace(unsigned, unsigned, const char*, unsigned)
    locale.o(t._ZNSsaSEPKc) refers to char.o(t._ZNSs9_C_unlinkEv) for std::basic_string<char, std::char_traits<char>, std::allocator<char>>::_C_unlink()
    locale.o(t._ZNSsaSEPKc) refers to vendor.o(.bss__ZNSs9__nullrefE) for std::basic_string<char, std::char_traits<char>, std::allocator<char>>::__nullref
    locale.o(.ARM.exidx) refers to locale.o(t._ZNSsaSEPKc) for t._ZNSsaSEPKc
    locale.o(.ARM.exidx) refers to unwind_pr0.o(.text) for __aeabi_unwind_cpp_pr0
    locale.o(i._ZN4__rw15__rw_locale_impC1EPKcjj) refers to array_new.o(i._Znaj) for operator new[] (unsigned)
    locale.o(i._ZN4__rw15__rw_locale_impC1EPKcjj) refers to strlen.o(.text) for strlen
    locale.o(i._ZN4__rw15__rw_locale_impC1EPKcjj) refers to memmove.o(.text) for memcpy
    locale.o(i._ZN4__rw15__rw_locale_impC1EPKcjj) refers to locale.o(t._ZNSsC1ERKSaIcE) for std::basic_string<char, std::char_traits<char>, std::allocator<char>>::basic_string(const std::allocator<char>&)
    locale.o(i._ZN4__rw15__rw_locale_impC1EPKcjj) refers to aeabi_vec_new_cookie.o(i.__aeabi_vec_new_cookie) for __aeabi_vec_new_cookie
    locale.o(i._ZN4__rw15__rw_locale_impC1EPKcjj) refers to locale.o(t._ZNSsaSERKSs) for std::basic_string<char, std::char_traits<char>, std::allocator<char>>::operator =(const std::basic_string<char, std::char_traits<char>, std::allocator<char>>&)
    locale.o(i._ZN4__rw15__rw_locale_impC1EPKcjj) refers to aeabi_vec_delete_noexceptions.o(.text) for __aeabi_vec_delete
    locale.o(i._ZN4__rw15__rw_locale_impC1EPKcjj) refers to char.o(t._ZNSsD1Ev) for std::basic_string<char, std::char_traits<char>, std::allocator<char>>::~basic_string()
    locale.o(i._ZN4__rw15__rw_locale_impC1EPKcjj) refers to locale.o(i.<Func5>) for <Func5>
    locale.o(i._ZN4__rw15__rw_locale_impC1EPKcjj.clean) refers to char.o(t._ZNSsD1Ev) for std::basic_string<char, std::char_traits<char>, std::allocator<char>>::~basic_string()
    locale.o(i._ZN4__rw15__rw_locale_impC1EPKcjj.clean) refers to locale.o(t._ZN4__rw18__rw_locale_vectorIPNS_15__rw_facet_baseEED1Ev) for __rw::__rw_locale_vector<__rw::__rw_facet_base*>::~__rw_locale_vector()
    locale.o(i._ZN4__rw15__rw_locale_impC1EPKcjj.clean) refers to locale.o(t._ZN4__rw18__rw_locale_vectorISsED1Ev) for __rw::__rw_locale_vector<std::basic_string<char, std::char_traits<char>, std::allocator<char>>>::~__rw_locale_vector()
    locale.o(i._ZN4__rw15__rw_locale_impC1EPKcjj.clean) refers to arm_exceptions_cleanup.o(.emb_text) for __cxa_end_cleanup
    locale.o(.ARM.extab) refers to locale.o(i._ZN4__rw15__rw_locale_impC1EPKcjj.clean) for i._ZN4__rw15__rw_locale_impC1EPKcjj.clean
    locale.o(.ARM.exidx) refers to locale.o(i._ZN4__rw15__rw_locale_impC1EPKcjj) for i._ZN4__rw15__rw_locale_impC1EPKcjj
    locale.o(.ARM.exidx) refers to unwind_pr0.o(.text) for __aeabi_unwind_cpp_pr0
    locale.o(.ARM.exidx) refers to locale.o(.ARM.extab) for .extab._ZN4__rw15__rw_locale_impC1EPKcjj
    locale.o(.ARM.exidx) refers to locale.o(i._ZN4__rw15__rw_locale_impC1EPKcjj.clean) for i._ZN4__rw15__rw_locale_impC1EPKcjj.clean
    locale.o(i._ZNSt6locale16_C_remove_facetsEi) refers to vendor.o(i._ZN4__rw15__rw_locale_imp15_C_map_categoryEi) for __rw::__rw_locale_imp::_C_map_category(int)
    locale.o(.ARM.exidx) refers to locale.o(i._ZNSt6locale16_C_remove_facetsEi) for i._ZNSt6locale16_C_remove_facetsEi
    locale.o(.ARM.exidx) refers to unwind_pr0.o(.text) for __aeabi_unwind_cpp_pr0
    locale.o(i._ZN4__rw15__rw_locale_impC1ERKS0_PKcj) refers to aeabi_vec_new_cookie.o(i.__aeabi_vec_new_cookie) for __aeabi_vec_new_cookie
    locale.o(i._ZN4__rw15__rw_locale_impC1ERKS0_PKcj) refers to locale.o(t._ZNSsaSERKSs) for std::basic_string<char, std::char_traits<char>, std::allocator<char>>::operator =(const std::basic_string<char, std::char_traits<char>, std::allocator<char>>&)
    locale.o(i._ZN4__rw15__rw_locale_impC1ERKS0_PKcj) refers to array_new.o(i._Znaj) for operator new[] (unsigned)
    locale.o(i._ZN4__rw15__rw_locale_impC1ERKS0_PKcj) refers to strlen.o(.text) for strlen
    locale.o(i._ZN4__rw15__rw_locale_impC1ERKS0_PKcj) refers to memmove.o(.text) for memcpy
    locale.o(i._ZN4__rw15__rw_locale_impC1ERKS0_PKcj) refers to char.o(t._ZNSsD1Ev) for std::basic_string<char, std::char_traits<char>, std::allocator<char>>::~basic_string()
    locale.o(i._ZN4__rw15__rw_locale_impC1ERKS0_PKcj) refers to locale.o(i.<Func5>) for <Func5>
    locale.o(i._ZN4__rw15__rw_locale_impC1ERKS0_PKcj.clean) refers to locale.o(t._ZN4__rw18__rw_locale_vectorIPNS_15__rw_facet_baseEED1Ev) for __rw::__rw_locale_vector<__rw::__rw_facet_base*>::~__rw_locale_vector()
    locale.o(i._ZN4__rw15__rw_locale_impC1ERKS0_PKcj.clean) refers to locale.o(t._ZN4__rw18__rw_locale_vectorISsED1Ev) for __rw::__rw_locale_vector<std::basic_string<char, std::char_traits<char>, std::allocator<char>>>::~__rw_locale_vector()
    locale.o(i._ZN4__rw15__rw_locale_impC1ERKS0_PKcj.clean) refers to arm_exceptions_cleanup.o(.emb_text) for __cxa_end_cleanup
    locale.o(.ARM.extab) refers to locale.o(i._ZN4__rw15__rw_locale_impC1ERKS0_PKcj.clean) for i._ZN4__rw15__rw_locale_impC1ERKS0_PKcj.clean
    locale.o(.ARM.exidx) refers to locale.o(i._ZN4__rw15__rw_locale_impC1ERKS0_PKcj) for i._ZN4__rw15__rw_locale_impC1ERKS0_PKcj
    locale.o(.ARM.exidx) refers to unwind_pr0.o(.text) for __aeabi_unwind_cpp_pr0
    locale.o(.ARM.exidx) refers to locale.o(.ARM.extab) for .extab._ZN4__rw15__rw_locale_impC1ERKS0_PKcj
    locale.o(.ARM.exidx) refers to locale.o(i._ZN4__rw15__rw_locale_impC1ERKS0_PKcj.clean) for i._ZN4__rw15__rw_locale_impC1ERKS0_PKcj.clean
    locale.o(i._ZNSt6localeD1Ev) refers to locale.o(i._ZN4__rw15__rw_locale_impD1Ev) for __rw::__rw_locale_imp::~__rw_locale_imp()
    locale.o(i._ZNSt6localeD1Ev) refers to delete.o(i._ZdlPv) for operator delete (void*)
    locale.o(.ARM.exidx) refers to locale.o(i._ZNSt6localeD1Ev) for i._ZNSt6localeD1Ev
    locale.o(t._ZN4__rw18__rw_locale_vectorIPNS_15__rw_facet_baseEE6resizeEjRKS2_) refers to array_new.o(i._Znaj) for operator new[] (unsigned)
    locale.o(t._ZN4__rw18__rw_locale_vectorIPNS_15__rw_facet_baseEE6resizeEjRKS2_) refers to array_del.o(i._ZdaPv) for operator delete[] (void*)
    locale.o(.ARM.exidx) refers to locale.o(t._ZN4__rw18__rw_locale_vectorIPNS_15__rw_facet_baseEE6resizeEjRKS2_) for t._ZN4__rw18__rw_locale_vectorIPNS_15__rw_facet_baseEE6resizeEjRKS2_
    locale.o(.ARM.exidx) refers to unwind_pr0.o(.text) for __aeabi_unwind_cpp_pr0
    locale.o(i._ZNSt14codecvt_bynameIwcSt11__mbstate_tED1Ev) refers to locale.o(i._ZNSt7codecvtIwcSt11__mbstate_tED1Ev) for std::codecvt<wchar_t, char, std::__mbstate_t>::~codecvt()
    locale.o(.ARM.exidx) refers to locale.o(i._ZNSt14codecvt_bynameIwcSt11__mbstate_tED1Ev) for i._ZNSt14codecvt_bynameIwcSt11__mbstate_tED1Ev
    locale.o(t._ZNSsC1ERKSaIcE) refers to vendor.o(.bss__ZNSs9__nullrefE) for std::basic_string<char, std::char_traits<char>, std::allocator<char>>::__nullref
    locale.o(.ARM.exidx) refers to locale.o(t._ZNSsC1ERKSaIcE) for t._ZNSsC1ERKSaIcE
    locale.o(t._ZNSs7replaceEjjPKcj) refers to char.o(t._ZNSs7replaceEjjPKcjjj) for std::basic_string<char, std::char_traits<char>, std::allocator<char>>::replace(unsigned, unsigned, const char*, unsigned, unsigned, unsigned)
    locale.o(.ARM.exidx) refers to locale.o(t._ZNSs7replaceEjjPKcj) for t._ZNSs7replaceEjjPKcj
    locale.o(.ARM.exidx) refers to unwind_pr0.o(.text) for __aeabi_unwind_cpp_pr0
    locale.o(t._ZN4__rw18__rw_locale_vectorIPNS_15__rw_facet_baseEED1Ev) refers to array_del.o(i._ZdaPv) for operator delete[] (void*)
    locale.o(.ARM.exidx) refers to locale.o(t._ZN4__rw18__rw_locale_vectorIPNS_15__rw_facet_baseEED1Ev) for t._ZN4__rw18__rw_locale_vectorIPNS_15__rw_facet_baseEED1Ev
    locale.o(t._ZN4__rw18__rw_locale_vectorISsED1Ev) refers to aeabi_vec_delete_noexceptions.o(.text) for __aeabi_vec_delete
    locale.o(t._ZN4__rw18__rw_locale_vectorISsED1Ev) refers to char.o(t._ZNSsD1Ev) for std::basic_string<char, std::char_traits<char>, std::allocator<char>>::~basic_string()
    locale.o(.ARM.extab) refers to arm_callunex_noexceptions.o(.text) for __cxa_call_unexpected
    locale.o(.ARM.exidx) refers to locale.o(t._ZN4__rw18__rw_locale_vectorISsED1Ev) for t._ZN4__rw18__rw_locale_vectorISsED1Ev
    locale.o(.ARM.exidx) refers to unwind_pr0.o(.text) for __aeabi_unwind_cpp_pr0
    locale.o(.ARM.exidx) refers to locale.o(.ARM.extab) for .extab._ZN4__rw18__rw_locale_vectorISsED1Ev
    locale.o(i._ZN4__rw15__rw_locale_impD1Ev) refers to array_del.o(i._ZdaPv) for operator delete[] (void*)
    locale.o(i._ZN4__rw15__rw_locale_impD1Ev) refers to locale.o(t._ZN4__rw18__rw_locale_vectorIPNS_15__rw_facet_baseEED1Ev) for __rw::__rw_locale_vector<__rw::__rw_facet_base*>::~__rw_locale_vector()
    locale.o(i._ZN4__rw15__rw_locale_impD1Ev) refers to locale.o(t._ZN4__rw18__rw_locale_vectorISsED1Ev) for __rw::__rw_locale_vector<std::basic_string<char, std::char_traits<char>, std::allocator<char>>>::~__rw_locale_vector()
    locale.o(.ARM.exidx) refers to locale.o(i._ZN4__rw15__rw_locale_impD1Ev) for i._ZN4__rw15__rw_locale_impD1Ev
    locale.o(i._ZNSt6localeC1EPN4__rw15__rw_locale_impE) refers to locale.o(i._ZNSt6locale7_C_initEv) for std::locale::_C_init()
    locale.o(i._ZNSt6localeC1EPN4__rw15__rw_locale_impE) refers to locale.o(.data) for .data
    locale.o(.ARM.exidx) refers to locale.o(i._ZNSt6localeC1EPN4__rw15__rw_locale_impE) for i._ZNSt6localeC1EPN4__rw15__rw_locale_impE
    locale.o(.ARM.exidx) refers to unwind_pr0.o(.text) for __aeabi_unwind_cpp_pr0
    locale.o(.ARM.exidx) refers to locale.o(i._ZNKSt7codecvtIwcSt11__mbstate_tE9do_lengthERKS0_PKcS5_j) for i._ZNKSt7codecvtIwcSt11__mbstate_tE9do_lengthERKS0_PKcS5_j
    locale.o(.ARM.exidx) refers to locale.o(i._ZNSt7codecvtIwcSt11__mbstate_tED1Ev) for i._ZNSt7codecvtIwcSt11__mbstate_tED1Ev
    locale.o(.ARM.exidx) refers to locale.o(i._ZNKSt14codecvt_bynameIwcSt11__mbstate_tE10do_unshiftERS0_PcS3_RS3_) for i._ZNKSt14codecvt_bynameIwcSt11__mbstate_tE10do_unshiftERS0_PcS3_RS3_
    locale.o(.ARM.exidx) refers to unwind_pr0.o(.text) for __aeabi_unwind_cpp_pr0
    locale.o(.ARM.extab) refers to arm_callunex_noexceptions.o(.text) for __cxa_call_unexpected
    locale.o(.ARM.exidx) refers to locale.o(i._ZNKSt14codecvt_bynameIwcSt11__mbstate_tE11do_encodingEv) for i._ZNKSt14codecvt_bynameIwcSt11__mbstate_tE11do_encodingEv
    locale.o(.ARM.exidx) refers to unwind_pr0.o(.text) for __aeabi_unwind_cpp_pr0
    locale.o(.ARM.exidx) refers to locale.o(.ARM.extab) for .extab._ZNKSt14codecvt_bynameIwcSt11__mbstate_tE11do_encodingEv
    locale.o(.ARM.exidx) refers to locale.o(i._ZNKSt14codecvt_bynameIwcSt11__mbstate_tE16do_always_noconvEv) for i._ZNKSt14codecvt_bynameIwcSt11__mbstate_tE16do_always_noconvEv
    locale.o(.ARM.exidx) refers to locale.o(i._ZNKSt14codecvt_bynameIwcSt11__mbstate_tE13do_max_lengthEv) for i._ZNKSt14codecvt_bynameIwcSt11__mbstate_tE13do_max_lengthEv
    locale.o(i._ZNSt14codecvt_bynameIwcSt11__mbstate_tED0Ev) refers to locale.o(i._ZNSt14codecvt_bynameIwcSt11__mbstate_tED1Ev) for std::codecvt_byname<wchar_t, char, std::__mbstate_t>::~codecvt_byname()
    locale.o(i._ZNSt14codecvt_bynameIwcSt11__mbstate_tED0Ev) refers to delete.o(i._ZdlPv) for operator delete (void*)
    locale.o(.ARM.exidx) refers to locale.o(i._ZNSt14codecvt_bynameIwcSt11__mbstate_tED0Ev) for i._ZNSt14codecvt_bynameIwcSt11__mbstate_tED0Ev
    locale.o(.constdata__ZTISt14codecvt_bynameIwcSt11__mbstate_tE) refers to lib_rtti_impl.o(.constdata__ZTVN10__cxxabiv120__si_class_type_infoE) for vtable for __cxxabiv1::__si_class_type_info
    locale.o(.constdata__ZTISt14codecvt_bynameIwcSt11__mbstate_tE) refers to locale.o(.constdata__ZTSSt14codecvt_bynameIwcSt11__mbstate_tE) for typeinfo name for std::codecvt_byname<wchar_t, char, std::__mbstate_t>
    locale.o(.constdata__ZTISt14codecvt_bynameIwcSt11__mbstate_tE) refers to locale.o(.constdata__ZTISt7codecvtIwcSt11__mbstate_tE) for typeinfo for std::codecvt<wchar_t, char, std::__mbstate_t>
    locale.o(.constdata__ZTISt7codecvtIwcSt11__mbstate_tE) refers to lib_rtti_impl.o(.constdata__ZTVN10__cxxabiv121__vmi_class_type_infoE) for vtable for __cxxabiv1::__vmi_class_type_info
    locale.o(.constdata__ZTISt7codecvtIwcSt11__mbstate_tE) refers to locale.o(.constdata__ZTSSt7codecvtIwcSt11__mbstate_tE) for typeinfo name for std::codecvt<wchar_t, char, std::__mbstate_t>
    locale.o(.constdata__ZTISt7codecvtIwcSt11__mbstate_tE) refers to char.o(.constdata__ZTINSt6locale5facetE) for typeinfo for std::locale::facet
    locale.o(.constdata__ZTISt7codecvtIwcSt11__mbstate_tE) refers to locale.o(.constdata__ZTISt12codecvt_base) for typeinfo for std::codecvt_base
    locale.o(.constdata__ZTISt12codecvt_base) refers to lib_rtti_impl.o(.constdata__ZTVN10__cxxabiv117__class_type_infoE) for vtable for __cxxabiv1::__class_type_info
    locale.o(.constdata__ZTISt12codecvt_base) refers to locale.o(.constdata__ZTSSt12codecvt_base) for typeinfo name for std::codecvt_base
    messages.o(i._ZSt13__rw_get_catsv) refers to cxa_guard_acquire.o(i.__cxa_guard_acquire) for __cxa_guard_acquire
    messages.o(i._ZSt13__rw_get_catsv) refers to aeabi_atexit.o(.text) for __aeabi_atexit
    messages.o(i._ZSt13__rw_get_catsv) refers to messages.o(.data__ZZSt13__rw_get_catsvE11__open_cats) for guard variable for std::__rw_get_cats()::__open_cats
    messages.o(i._ZSt13__rw_get_catsv) refers to messages.o(t._ZN4__rw18__rw_locale_vectorISt18__rw_open_cat_dataED1Ev) for __rw::__rw_locale_vector<std::__rw_open_cat_data>::~__rw_locale_vector()
    messages.o(i._ZSt13__rw_get_catsv.clean) refers to arm_exceptions_cleanup.o(.emb_text) for __cxa_end_cleanup
    messages.o(i._ZSt13__rw_get_catsv.clean) refers to messages.o(.data__ZZSt13__rw_get_catsvE11__open_cats) for guard variable for std::__rw_get_cats()::__open_cats
    messages.o(.ARM.extab) refers to messages.o(i._ZSt13__rw_get_catsv.clean) for i._ZSt13__rw_get_catsv.clean
    messages.o(.ARM.exidx) refers to messages.o(i._ZSt13__rw_get_catsv) for i._ZSt13__rw_get_catsv
    messages.o(.ARM.exidx) refers to unwind_pr0.o(.text) for __aeabi_unwind_cpp_pr0
    messages.o(.ARM.exidx) refers to messages.o(.ARM.extab) for .extab._ZSt13__rw_get_catsv
    messages.o(.ARM.exidx) refers to messages.o(i._ZSt13__rw_get_catsv.clean) for i._ZSt13__rw_get_catsv.clean
    messages.o(t._ZN4__rw18__rw_locale_vectorISt18__rw_open_cat_dataE6resizeEj) refers to messages.o(i._ZNSt18__rw_open_cat_dataC1Ev) for std::__rw_open_cat_data::__rw_open_cat_data()
    messages.o(t._ZN4__rw18__rw_locale_vectorISt18__rw_open_cat_dataE6resizeEj) refers to aeabi_vec_new_cookie.o(i.__aeabi_vec_new_cookie) for __aeabi_vec_new_cookie
    messages.o(t._ZN4__rw18__rw_locale_vectorISt18__rw_open_cat_dataE6resizeEj) refers to messages.o(i._ZNSt18__rw_open_cat_dataaSERKS_) for std::__rw_open_cat_data::operator =(const std::__rw_open_cat_data&)
    messages.o(t._ZN4__rw18__rw_locale_vectorISt18__rw_open_cat_dataE6resizeEj) refers to aeabi_vec_delete_noexceptions.o(.text) for __aeabi_vec_delete
    messages.o(t._ZN4__rw18__rw_locale_vectorISt18__rw_open_cat_dataE6resizeEj) refers to messages.o(i._ZNSt18__rw_open_cat_dataD1Ev) for std::__rw_open_cat_data::~__rw_open_cat_data()
    messages.o(t._ZN4__rw18__rw_locale_vectorISt18__rw_open_cat_dataE6resizeEj.clean) refers to messages.o(i._ZNSt18__rw_open_cat_dataD1Ev) for std::__rw_open_cat_data::~__rw_open_cat_data()
    messages.o(t._ZN4__rw18__rw_locale_vectorISt18__rw_open_cat_dataE6resizeEj.clean) refers to arm_exceptions_cleanup.o(.emb_text) for __cxa_end_cleanup
    messages.o(.ARM.extab) refers to messages.o(t._ZN4__rw18__rw_locale_vectorISt18__rw_open_cat_dataE6resizeEj.clean) for t._ZN4__rw18__rw_locale_vectorISt18__rw_open_cat_dataE6resizeEj.clean
    messages.o(.ARM.exidx) refers to messages.o(t._ZN4__rw18__rw_locale_vectorISt18__rw_open_cat_dataE6resizeEj) for t._ZN4__rw18__rw_locale_vectorISt18__rw_open_cat_dataE6resizeEj
    messages.o(.ARM.exidx) refers to unwind_pr0.o(.text) for __aeabi_unwind_cpp_pr0
    messages.o(.ARM.exidx) refers to messages.o(.ARM.extab) for .extab._ZN4__rw18__rw_locale_vectorISt18__rw_open_cat_dataE6resizeEj
    messages.o(.ARM.exidx) refers to messages.o(t._ZN4__rw18__rw_locale_vectorISt18__rw_open_cat_dataE6resizeEj.clean) for t._ZN4__rw18__rw_locale_vectorISt18__rw_open_cat_dataE6resizeEj.clean
    messages.o(t._ZN4__rw18__rw_locale_vectorISt18__rw_open_cat_dataED1Ev) refers to aeabi_vec_delete_noexceptions.o(.text) for __aeabi_vec_delete
    messages.o(t._ZN4__rw18__rw_locale_vectorISt18__rw_open_cat_dataED1Ev) refers to messages.o(i._ZNSt18__rw_open_cat_dataD1Ev) for std::__rw_open_cat_data::~__rw_open_cat_data()
    messages.o(.ARM.extab) refers to arm_callunex_noexceptions.o(.text) for __cxa_call_unexpected
    messages.o(.ARM.extab) refers to arm_exceptions_callterm.o(.text) for __cxa_call_terminate
    messages.o(.ARM.extab) refers to char.o(i.__ARM_common_noexcept_landing) for __ARM_common_noexcept_landing
    messages.o(.ARM.exidx) refers to messages.o(t._ZN4__rw18__rw_locale_vectorISt18__rw_open_cat_dataED1Ev) for t._ZN4__rw18__rw_locale_vectorISt18__rw_open_cat_dataED1Ev
    messages.o(.ARM.exidx) refers to unwind_pr0.o(.text) for __aeabi_unwind_cpp_pr0
    messages.o(.ARM.exidx) refers to messages.o(.ARM.extab) for .extab._ZN4__rw18__rw_locale_vectorISt18__rw_open_cat_dataED1Ev
    messages.o(i._ZNSt18__rw_open_cat_dataD1Ev) refers to locale.o(i._ZNSt6localeD1Ev) for std::locale::~locale()
    messages.o(.ARM.exidx) refers to messages.o(i._ZNSt18__rw_open_cat_dataD1Ev) for i._ZNSt18__rw_open_cat_dataD1Ev
    messages.o(i._ZNSt18__rw_open_cat_dataC1Ev) refers to locale.o(i._ZNSt6locale7classicEv) for std::locale::classic()
    messages.o(i._ZNSt18__rw_open_cat_dataC1Ev) refers to messages.o(i._ZNSt6localeC1ERKS_) for std::locale::locale(const std::locale&)
    messages.o(.ARM.exidx) refers to messages.o(i._ZNSt18__rw_open_cat_dataC1Ev) for i._ZNSt18__rw_open_cat_dataC1Ev
    messages.o(.ARM.exidx) refers to unwind_pr0.o(.text) for __aeabi_unwind_cpp_pr0
    messages.o(i._ZNSt18__rw_open_cat_dataaSERKS_) refers to locale.o(i._ZNSt6localeaSERKS_) for std::locale::operator =(const std::locale&)
    messages.o(.ARM.exidx) refers to messages.o(i._ZNSt18__rw_open_cat_dataaSERKS_) for i._ZNSt18__rw_open_cat_dataaSERKS_
    messages.o(.ARM.exidx) refers to messages.o(i._ZNSt6localeC1ERKS_) for i._ZNSt6localeC1ERKS_
    exception_dtor.o(.constdata__ZTVSt9exception) refers to exception_dtor.o(.constdata__ZTISt9exception) for typeinfo for std::exception
    exception_dtor.o(.constdata__ZTVSt9exception) refers to exception_dtor.o(i._ZNSt9exceptionD1Ev) for std::exception::~exception()
    exception_dtor.o(.constdata__ZTVSt9exception) refers to exception_dtor.o(i._ZNSt9exceptionD0Ev) for std::exception::~exception__deallocating()
    exception_dtor.o(.constdata__ZTVSt9exception) refers to exception_what.o(i._ZNKSt9exception4whatEv) for std::exception::what() const
    exception_dtor.o(.constdata__ZTISt9exception) refers to lib_rtti_impl.o(.constdata__ZTVN10__cxxabiv117__class_type_infoE) for vtable for __cxxabiv1::__class_type_info
    exception_dtor.o(.constdata__ZTISt9exception) refers to exception_dtor.o(.constdata__ZTSSt9exception) for typeinfo name for std::exception
    lib_rtti_impl.o(.constdata__ZTVN10__cxxabiv123__fundamental_type_infoE) refers to lib_rtti_impl.o(.constdata__ZTIN10__cxxabiv123__fundamental_type_infoE) for typeinfo for __cxxabiv1::__fundamental_type_info
    lib_rtti_impl.o(.constdata__ZTVN10__cxxabiv123__fundamental_type_infoE) refers to lib_rtti_impl.o(i._ZN10__cxxabiv123__fundamental_type_infoD1Ev) for __cxxabiv1::__fundamental_type_info::~__fundamental_type_info()
    lib_rtti_impl.o(.constdata__ZTVN10__cxxabiv123__fundamental_type_infoE) refers to lib_rtti_impl.o(i._ZN10__cxxabiv123__fundamental_type_infoD0Ev) for __cxxabiv1::__fundamental_type_info::~__fundamental_type_info__deallocating()
    lib_rtti_impl.o(.constdata__ZTVN10__cxxabiv117__array_type_infoE) refers to lib_rtti_impl.o(.constdata__ZTIN10__cxxabiv117__array_type_infoE) for typeinfo for __cxxabiv1::__array_type_info
    lib_rtti_impl.o(.constdata__ZTVN10__cxxabiv117__array_type_infoE) refers to lib_rtti_impl.o(i._ZN10__cxxabiv117__array_type_infoD1Ev) for __cxxabiv1::__array_type_info::~__array_type_info()
    lib_rtti_impl.o(.constdata__ZTVN10__cxxabiv117__array_type_infoE) refers to lib_rtti_impl.o(i._ZN10__cxxabiv117__array_type_infoD0Ev) for __cxxabiv1::__array_type_info::~__array_type_info__deallocating()
    lib_rtti_impl.o(.constdata__ZTVN10__cxxabiv120__function_type_infoE) refers to lib_rtti_impl.o(.constdata__ZTIN10__cxxabiv120__function_type_infoE) for typeinfo for __cxxabiv1::__function_type_info
    lib_rtti_impl.o(.constdata__ZTVN10__cxxabiv120__function_type_infoE) refers to lib_rtti_impl.o(i._ZN10__cxxabiv120__function_type_infoD1Ev) for __cxxabiv1::__function_type_info::~__function_type_info()
    lib_rtti_impl.o(.constdata__ZTVN10__cxxabiv120__function_type_infoE) refers to lib_rtti_impl.o(i._ZN10__cxxabiv120__function_type_infoD0Ev) for __cxxabiv1::__function_type_info::~__function_type_info__deallocating()
    lib_rtti_impl.o(.constdata__ZTVN10__cxxabiv116__enum_type_infoE) refers to lib_rtti_impl.o(.constdata__ZTIN10__cxxabiv116__enum_type_infoE) for typeinfo for __cxxabiv1::__enum_type_info
    lib_rtti_impl.o(.constdata__ZTVN10__cxxabiv116__enum_type_infoE) refers to lib_rtti_impl.o(i._ZN10__cxxabiv116__enum_type_infoD1Ev) for __cxxabiv1::__enum_type_info::~__enum_type_info()
    lib_rtti_impl.o(.constdata__ZTVN10__cxxabiv116__enum_type_infoE) refers to lib_rtti_impl.o(i._ZN10__cxxabiv116__enum_type_infoD0Ev) for __cxxabiv1::__enum_type_info::~__enum_type_info__deallocating()
    lib_rtti_impl.o(.constdata__ZTVN10__cxxabiv117__class_type_infoE) refers to lib_rtti_impl.o(.constdata__ZTIN10__cxxabiv117__class_type_infoE) for typeinfo for __cxxabiv1::__class_type_info
    lib_rtti_impl.o(.constdata__ZTVN10__cxxabiv117__class_type_infoE) refers to lib_rtti_impl.o(i._ZN10__cxxabiv117__class_type_infoD1Ev) for __cxxabiv1::__class_type_info::~__class_type_info()
    lib_rtti_impl.o(.constdata__ZTVN10__cxxabiv117__class_type_infoE) refers to lib_rtti_impl.o(i._ZN10__cxxabiv117__class_type_infoD0Ev) for __cxxabiv1::__class_type_info::~__class_type_info__deallocating()
    lib_rtti_impl.o(.constdata__ZTVN10__cxxabiv120__si_class_type_infoE) refers to lib_rtti_impl.o(.constdata__ZTIN10__cxxabiv120__si_class_type_infoE) for typeinfo for __cxxabiv1::__si_class_type_info
    lib_rtti_impl.o(.constdata__ZTVN10__cxxabiv120__si_class_type_infoE) refers to lib_rtti_impl.o(i._ZN10__cxxabiv120__si_class_type_infoD1Ev) for __cxxabiv1::__si_class_type_info::~__si_class_type_info()
    lib_rtti_impl.o(.constdata__ZTVN10__cxxabiv120__si_class_type_infoE) refers to lib_rtti_impl.o(i._ZN10__cxxabiv120__si_class_type_infoD0Ev) for __cxxabiv1::__si_class_type_info::~__si_class_type_info__deallocating()
    lib_rtti_impl.o(.constdata__ZTVN10__cxxabiv121__vmi_class_type_infoE) refers to lib_rtti_impl.o(.constdata__ZTIN10__cxxabiv121__vmi_class_type_infoE) for typeinfo for __cxxabiv1::__vmi_class_type_info
    lib_rtti_impl.o(.constdata__ZTVN10__cxxabiv121__vmi_class_type_infoE) refers to lib_rtti_impl.o(i._ZN10__cxxabiv121__vmi_class_type_infoD1Ev) for __cxxabiv1::__vmi_class_type_info::~__vmi_class_type_info()
    lib_rtti_impl.o(.constdata__ZTVN10__cxxabiv121__vmi_class_type_infoE) refers to lib_rtti_impl.o(i._ZN10__cxxabiv121__vmi_class_type_infoD0Ev) for __cxxabiv1::__vmi_class_type_info::~__vmi_class_type_info__deallocating()
    lib_rtti_impl.o(.constdata__ZTVN10__cxxabiv117__pbase_type_infoE) refers to lib_rtti_impl.o(.constdata__ZTIN10__cxxabiv117__pbase_type_infoE) for typeinfo for __cxxabiv1::__pbase_type_info
    lib_rtti_impl.o(.constdata__ZTVN10__cxxabiv117__pbase_type_infoE) refers to lib_rtti_impl.o(i._ZN10__cxxabiv117__pbase_type_infoD1Ev) for __cxxabiv1::__pbase_type_info::~__pbase_type_info()
    lib_rtti_impl.o(.constdata__ZTVN10__cxxabiv117__pbase_type_infoE) refers to lib_rtti_impl.o(i._ZN10__cxxabiv117__pbase_type_infoD0Ev) for __cxxabiv1::__pbase_type_info::~__pbase_type_info__deallocating()
    lib_rtti_impl.o(.constdata__ZTVN10__cxxabiv119__pointer_type_infoE) refers to lib_rtti_impl.o(.constdata__ZTIN10__cxxabiv119__pointer_type_infoE) for typeinfo for __cxxabiv1::__pointer_type_info
    lib_rtti_impl.o(.constdata__ZTVN10__cxxabiv119__pointer_type_infoE) refers to lib_rtti_impl.o(i._ZN10__cxxabiv119__pointer_type_infoD1Ev) for __cxxabiv1::__pointer_type_info::~__pointer_type_info()
    lib_rtti_impl.o(.constdata__ZTVN10__cxxabiv119__pointer_type_infoE) refers to lib_rtti_impl.o(i._ZN10__cxxabiv119__pointer_type_infoD0Ev) for __cxxabiv1::__pointer_type_info::~__pointer_type_info__deallocating()
    lib_rtti_impl.o(.constdata__ZTVN10__cxxabiv129__pointer_to_member_type_infoE) refers to lib_rtti_impl.o(.constdata__ZTIN10__cxxabiv129__pointer_to_member_type_infoE) for typeinfo for __cxxabiv1::__pointer_to_member_type_info
    lib_rtti_impl.o(.constdata__ZTVN10__cxxabiv129__pointer_to_member_type_infoE) refers to lib_rtti_impl.o(i._ZN10__cxxabiv129__pointer_to_member_type_infoD1Ev) for __cxxabiv1::__pointer_to_member_type_info::~__pointer_to_member_type_info()
    lib_rtti_impl.o(.constdata__ZTVN10__cxxabiv129__pointer_to_member_type_infoE) refers to lib_rtti_impl.o(i._ZN10__cxxabiv129__pointer_to_member_type_infoD0Ev) for __cxxabiv1::__pointer_to_member_type_info::~__pointer_to_member_type_info__deallocating()
    lib_rtti_impl.o(.ARM.exidx) refers to lib_rtti_impl.o(i._ZNSt9type_infodlEPv) for i._ZNSt9type_infodlEPv
    lib_rtti_impl.o(.constdata__ZTIN10__cxxabiv123__fundamental_type_infoE) refers to lib_rtti_impl.o(.constdata__ZTVN10__cxxabiv120__si_class_type_infoE) for vtable for __cxxabiv1::__si_class_type_info
    lib_rtti_impl.o(.constdata__ZTIN10__cxxabiv123__fundamental_type_infoE) refers to lib_rtti_impl.o(.constdata__ZTSN10__cxxabiv123__fundamental_type_infoE) for typeinfo name for __cxxabiv1::__fundamental_type_info
    lib_rtti_impl.o(.constdata__ZTIN10__cxxabiv123__fundamental_type_infoE) refers to type_info_dtor.o(.constdata__ZTISt9type_info) for typeinfo for std::type_info
    lib_rtti_impl.o(.constdata__ZTIN10__cxxabiv117__array_type_infoE) refers to lib_rtti_impl.o(.constdata__ZTVN10__cxxabiv120__si_class_type_infoE) for vtable for __cxxabiv1::__si_class_type_info
    lib_rtti_impl.o(.constdata__ZTIN10__cxxabiv117__array_type_infoE) refers to lib_rtti_impl.o(.constdata__ZTSN10__cxxabiv117__array_type_infoE) for typeinfo name for __cxxabiv1::__array_type_info
    lib_rtti_impl.o(.constdata__ZTIN10__cxxabiv117__array_type_infoE) refers to type_info_dtor.o(.constdata__ZTISt9type_info) for typeinfo for std::type_info
    lib_rtti_impl.o(.constdata__ZTIN10__cxxabiv120__function_type_infoE) refers to lib_rtti_impl.o(.constdata__ZTVN10__cxxabiv120__si_class_type_infoE) for vtable for __cxxabiv1::__si_class_type_info
    lib_rtti_impl.o(.constdata__ZTIN10__cxxabiv120__function_type_infoE) refers to lib_rtti_impl.o(.constdata__ZTSN10__cxxabiv120__function_type_infoE) for typeinfo name for __cxxabiv1::__function_type_info
    lib_rtti_impl.o(.constdata__ZTIN10__cxxabiv120__function_type_infoE) refers to type_info_dtor.o(.constdata__ZTISt9type_info) for typeinfo for std::type_info
    lib_rtti_impl.o(.constdata__ZTIN10__cxxabiv116__enum_type_infoE) refers to lib_rtti_impl.o(.constdata__ZTVN10__cxxabiv120__si_class_type_infoE) for vtable for __cxxabiv1::__si_class_type_info
    lib_rtti_impl.o(.constdata__ZTIN10__cxxabiv116__enum_type_infoE) refers to lib_rtti_impl.o(.constdata__ZTSN10__cxxabiv116__enum_type_infoE) for typeinfo name for __cxxabiv1::__enum_type_info
    lib_rtti_impl.o(.constdata__ZTIN10__cxxabiv116__enum_type_infoE) refers to type_info_dtor.o(.constdata__ZTISt9type_info) for typeinfo for std::type_info
    lib_rtti_impl.o(.constdata__ZTIN10__cxxabiv117__class_type_infoE) refers to lib_rtti_impl.o(.constdata__ZTVN10__cxxabiv120__si_class_type_infoE) for vtable for __cxxabiv1::__si_class_type_info
    lib_rtti_impl.o(.constdata__ZTIN10__cxxabiv117__class_type_infoE) refers to lib_rtti_impl.o(.constdata__ZTSN10__cxxabiv117__class_type_infoE) for typeinfo name for __cxxabiv1::__class_type_info
    lib_rtti_impl.o(.constdata__ZTIN10__cxxabiv117__class_type_infoE) refers to type_info_dtor.o(.constdata__ZTISt9type_info) for typeinfo for std::type_info
    lib_rtti_impl.o(.constdata__ZTIN10__cxxabiv120__si_class_type_infoE) refers to lib_rtti_impl.o(.constdata__ZTVN10__cxxabiv120__si_class_type_infoE) for vtable for __cxxabiv1::__si_class_type_info
    lib_rtti_impl.o(.constdata__ZTIN10__cxxabiv120__si_class_type_infoE) refers to lib_rtti_impl.o(.constdata__ZTSN10__cxxabiv120__si_class_type_infoE) for typeinfo name for __cxxabiv1::__si_class_type_info
    lib_rtti_impl.o(.constdata__ZTIN10__cxxabiv120__si_class_type_infoE) refers to lib_rtti_impl.o(.constdata__ZTIN10__cxxabiv117__class_type_infoE) for typeinfo for __cxxabiv1::__class_type_info
    lib_rtti_impl.o(.constdata__ZTIN10__cxxabiv121__vmi_class_type_infoE) refers to lib_rtti_impl.o(.constdata__ZTVN10__cxxabiv120__si_class_type_infoE) for vtable for __cxxabiv1::__si_class_type_info
    lib_rtti_impl.o(.constdata__ZTIN10__cxxabiv121__vmi_class_type_infoE) refers to lib_rtti_impl.o(.constdata__ZTSN10__cxxabiv121__vmi_class_type_infoE) for typeinfo name for __cxxabiv1::__vmi_class_type_info
    lib_rtti_impl.o(.constdata__ZTIN10__cxxabiv121__vmi_class_type_infoE) refers to lib_rtti_impl.o(.constdata__ZTIN10__cxxabiv117__class_type_infoE) for typeinfo for __cxxabiv1::__class_type_info
    lib_rtti_impl.o(.constdata__ZTIN10__cxxabiv117__pbase_type_infoE) refers to lib_rtti_impl.o(.constdata__ZTVN10__cxxabiv120__si_class_type_infoE) for vtable for __cxxabiv1::__si_class_type_info
    lib_rtti_impl.o(.constdata__ZTIN10__cxxabiv117__pbase_type_infoE) refers to lib_rtti_impl.o(.constdata__ZTSN10__cxxabiv117__pbase_type_infoE) for typeinfo name for __cxxabiv1::__pbase_type_info
    lib_rtti_impl.o(.constdata__ZTIN10__cxxabiv117__pbase_type_infoE) refers to type_info_dtor.o(.constdata__ZTISt9type_info) for typeinfo for std::type_info
    lib_rtti_impl.o(.constdata__ZTIN10__cxxabiv119__pointer_type_infoE) refers to lib_rtti_impl.o(.constdata__ZTVN10__cxxabiv120__si_class_type_infoE) for vtable for __cxxabiv1::__si_class_type_info
    lib_rtti_impl.o(.constdata__ZTIN10__cxxabiv119__pointer_type_infoE) refers to lib_rtti_impl.o(.constdata__ZTSN10__cxxabiv119__pointer_type_infoE) for typeinfo name for __cxxabiv1::__pointer_type_info
    lib_rtti_impl.o(.constdata__ZTIN10__cxxabiv119__pointer_type_infoE) refers to lib_rtti_impl.o(.constdata__ZTIN10__cxxabiv117__pbase_type_infoE) for typeinfo for __cxxabiv1::__pbase_type_info
    lib_rtti_impl.o(.constdata__ZTIN10__cxxabiv129__pointer_to_member_type_infoE) refers to lib_rtti_impl.o(.constdata__ZTVN10__cxxabiv120__si_class_type_infoE) for vtable for __cxxabiv1::__si_class_type_info
    lib_rtti_impl.o(.constdata__ZTIN10__cxxabiv129__pointer_to_member_type_infoE) refers to lib_rtti_impl.o(.constdata__ZTSN10__cxxabiv129__pointer_to_member_type_infoE) for typeinfo name for __cxxabiv1::__pointer_to_member_type_info
    lib_rtti_impl.o(.constdata__ZTIN10__cxxabiv129__pointer_to_member_type_infoE) refers to lib_rtti_impl.o(.constdata__ZTIN10__cxxabiv117__pbase_type_infoE) for typeinfo for __cxxabiv1::__pbase_type_info
    rwcats.o(t._ZN4__rw18__rw_locale_vectorIPNS_8__rw_catEED1Ev) refers to array_del.o(i._ZdaPv) for operator delete[] (void*)
    rwcats.o(.ARM.exidx) refers to rwcats.o(t._ZN4__rw18__rw_locale_vectorIPNS_8__rw_catEED1Ev) for t._ZN4__rw18__rw_locale_vectorIPNS_8__rw_catEED1Ev
    bad_alloc_dtor.o(.constdata__ZTVSt9bad_alloc) refers to bad_alloc_dtor.o(.constdata__ZTISt9bad_alloc) for typeinfo for std::bad_alloc
    bad_alloc_dtor.o(.constdata__ZTVSt9bad_alloc) refers to bad_alloc_dtor.o(i._ZNSt9bad_allocD1Ev) for std::bad_alloc::~bad_alloc()
    bad_alloc_dtor.o(.constdata__ZTVSt9bad_alloc) refers to bad_alloc_dtor.o(i._ZNSt9bad_allocD0Ev) for std::bad_alloc::~bad_alloc__deallocating()
    bad_alloc_dtor.o(.constdata__ZTVSt9bad_alloc) refers to bad_alloc_what.o(i._ZNKSt9bad_alloc4whatEv) for std::bad_alloc::what() const
    bad_alloc_dtor.o(.constdata__ZTISt9bad_alloc) refers to lib_rtti_impl.o(.constdata__ZTVN10__cxxabiv120__si_class_type_infoE) for vtable for __cxxabiv1::__si_class_type_info
    bad_alloc_dtor.o(.constdata__ZTISt9bad_alloc) refers to bad_alloc_dtor.o(.constdata__ZTSSt9bad_alloc) for typeinfo name for std::bad_alloc
    bad_alloc_dtor.o(.constdata__ZTISt9bad_alloc) refers to exception_dtor.o(.constdata__ZTISt9exception) for typeinfo for std::exception
    type_info_dtor.o(.constdata__ZTVSt9type_info) refers to type_info_dtor.o(.constdata__ZTISt9type_info) for typeinfo for std::type_info
    type_info_dtor.o(.constdata__ZTVSt9type_info) refers to type_info_dtor.o(i._ZNSt9type_infoD1Ev) for std::type_info::~type_info()
    type_info_dtor.o(.constdata__ZTVSt9type_info) refers to type_info_dtor.o(i._ZNSt9type_infoD0Ev) for std::type_info::~type_info__deallocating()
    type_info_dtor.o(.constdata__ZTISt9type_info) refers to lib_rtti_impl.o(.constdata__ZTVN10__cxxabiv117__class_type_infoE) for vtable for __cxxabiv1::__class_type_info
    type_info_dtor.o(.constdata__ZTISt9type_info) refers to type_info_dtor.o(.constdata__ZTSSt9type_info) for typeinfo name for std::type_info
    scanf_fp.o(i._is_digit) refers (Special) to iusefp.o(.text) for __I$use$fp

