13:17:59 **** Incremental Build of configuration Debug for project Dolken-FligtController ****
Info: Internal Builder is used for build
arm-atollic-eabi-g++ -c ..\src\main.cpp -std=gnu++98 -O0 -g -fstack-usage -Wall -fno-threadsafe-statics -o src\main.o 
arm-atollic-eabi-g++ -o Dolken-FligtController.elf src\main.o -specs=nosys.specs -static -Wl,-cref,-u,Reset_Handler -Wl,-Map=Dolken-FligtController.map -Wl,--defsym=malloc_getpagesize_P=0x1000 -Wl,--start-group -lc -lm -lstdc++ -lsupc++ -Wl,--end-group 
d:/attolic/truestudio for stm32 9.1.0/armtools/bin/../lib/gcc/arm-atollic-eabi/6.3.1/../../../../arm-atollic-eabi/bin/ld.exe: warning: cannot find entry symbol _start; defaulting to 00008018
D:\Attolic\TrueSTUDIO for STM32 9.1.0\ide\jre\bin\java -jar D:\Attolic\TrueSTUDIO for STM32 9.1.0\Tools\arm-atollic-reports.jar sizeinfo list Dolken-FligtController.elf 
Generate build reports...
Print size information
   text	   data	    bss	    dec	    hex	filename
    200	     12	     28	    240	     f0	Dolken-FligtController.elf
Print size information done
Generate listing file
Output sent to: Dolken-FligtController.list
Generate listing file done
Generate build reports done
