Archive member included to satisfy reference by file (symbol)

c:/users/jakob/scoop/apps/gcc-arm-none-eabi/current/bin/../lib/gcc/arm-none-eabi/7.3.1/../../../../arm-none-eabi/lib/thumb/v7e-m/fpv4-sp/hard\libm.a(lib_a-s_round.o)
                              CMakeFiles/MAX31855.dir/modm/src/modm/math/utils/pc/operator.cpp.obj (round)
c:/users/jakob/scoop/apps/gcc-arm-none-eabi/current/bin/../lib/gcc/arm-none-eabi/7.3.1/../../../../arm-none-eabi/lib/thumb/v7e-m/fpv4-sp/hard\libm.a(lib_a-w_sqrt.o)
                              CMakeFiles/MAX31855.dir/modm/src/modm/math/utils/pc/operator.cpp.obj (sqrt)
c:/users/jakob/scoop/apps/gcc-arm-none-eabi/current/bin/../lib/gcc/arm-none-eabi/7.3.1/../../../../arm-none-eabi/lib/thumb/v7e-m/fpv4-sp/hard\libm.a(lib_a-e_sqrt.o)
                              c:/users/jakob/scoop/apps/gcc-arm-none-eabi/current/bin/../lib/gcc/arm-none-eabi/7.3.1/../../../../arm-none-eabi/lib/thumb/v7e-m/fpv4-sp/hard\libm.a(lib_a-w_sqrt.o) (__ieee754_sqrt)
c:/users/jakob/scoop/apps/gcc-arm-none-eabi/current/bin/../lib/gcc/arm-none-eabi/7.3.1/../../../../arm-none-eabi/lib/thumb/v7e-m/fpv4-sp/hard\libm.a(lib_a-s_lib_ver.o)
                              c:/users/jakob/scoop/apps/gcc-arm-none-eabi/current/bin/../lib/gcc/arm-none-eabi/7.3.1/../../../../arm-none-eabi/lib/thumb/v7e-m/fpv4-sp/hard\libm.a(lib_a-w_sqrt.o) (__fdlib_version)
c:/users/jakob/scoop/apps/gcc-arm-none-eabi/current/bin/../lib/gcc/arm-none-eabi/7.3.1/../../../../arm-none-eabi/lib/thumb/v7e-m/fpv4-sp/hard\libm.a(lib_a-s_matherr.o)
                              c:/users/jakob/scoop/apps/gcc-arm-none-eabi/current/bin/../lib/gcc/arm-none-eabi/7.3.1/../../../../arm-none-eabi/lib/thumb/v7e-m/fpv4-sp/hard\libm.a(lib_a-w_sqrt.o) (matherr)
c:/users/jakob/scoop/apps/gcc-arm-none-eabi/current/bin/../lib/gcc/arm-none-eabi/7.3.1/thumb/v7e-m/fpv4-sp/hard\libgcc.a(_arm_addsubdf3.o)
                              c:/users/jakob/scoop/apps/gcc-arm-none-eabi/current/bin/../lib/gcc/arm-none-eabi/7.3.1/../../../../arm-none-eabi/lib/thumb/v7e-m/fpv4-sp/hard\libm.a(lib_a-e_sqrt.o) (__aeabi_dsub)
c:/users/jakob/scoop/apps/gcc-arm-none-eabi/current/bin/../lib/gcc/arm-none-eabi/7.3.1/thumb/v7e-m/fpv4-sp/hard\libgcc.a(_arm_muldivdf3.o)
                              c:/users/jakob/scoop/apps/gcc-arm-none-eabi/current/bin/../lib/gcc/arm-none-eabi/7.3.1/../../../../arm-none-eabi/lib/thumb/v7e-m/fpv4-sp/hard\libm.a(lib_a-e_sqrt.o) (__aeabi_dmul)
c:/users/jakob/scoop/apps/gcc-arm-none-eabi/current/bin/../lib/gcc/arm-none-eabi/7.3.1/thumb/v7e-m/fpv4-sp/hard\libgcc.a(_arm_cmpdf2.o)
                              c:/users/jakob/scoop/apps/gcc-arm-none-eabi/current/bin/../lib/gcc/arm-none-eabi/7.3.1/../../../../arm-none-eabi/lib/thumb/v7e-m/fpv4-sp/hard\libm.a(lib_a-w_sqrt.o) (__aeabi_dcmplt)
c:/users/jakob/scoop/apps/gcc-arm-none-eabi/current/bin/../lib/gcc/arm-none-eabi/7.3.1/thumb/v7e-m/fpv4-sp/hard\libgcc.a(_arm_unorddf2.o)
                              c:/users/jakob/scoop/apps/gcc-arm-none-eabi/current/bin/../lib/gcc/arm-none-eabi/7.3.1/../../../../arm-none-eabi/lib/thumb/v7e-m/fpv4-sp/hard\libm.a(lib_a-w_sqrt.o) (__aeabi_dcmpun)
c:/users/jakob/scoop/apps/gcc-arm-none-eabi/current/bin/../lib/gcc/arm-none-eabi/7.3.1/thumb/v7e-m/fpv4-sp/hard\libgcc.a(_arm_fixunsdfsi.o)
                              CMakeFiles/MAX31855.dir/modm/src/modm/math/utils/pc/operator.cpp.obj (__aeabi_d2uiz)
c:/users/jakob/scoop/apps/gcc-arm-none-eabi/current/bin/../lib/gcc/arm-none-eabi/7.3.1/thumb/v7e-m/fpv4-sp/hard\libgcc.a(_arm_truncdfsf2.o)
                              CMakeFiles/MAX31855.dir/modm/src/modm/io/iostream_float.cpp.obj (__aeabi_d2f)
c:/users/jakob/scoop/apps/gcc-arm-none-eabi/current/bin/../lib/gcc/arm-none-eabi/7.3.1/thumb/v7e-m/fpv4-sp/hard\libgcc.a(_aeabi_uldivmod.o)
                              CMakeFiles/MAX31855.dir/modm/src/modm/io/iostream.cpp.obj (__aeabi_uldivmod)
c:/users/jakob/scoop/apps/gcc-arm-none-eabi/current/bin/../lib/gcc/arm-none-eabi/7.3.1/thumb/v7e-m/fpv4-sp/hard\libgcc.a(_udivmoddi4.o)
                              c:/users/jakob/scoop/apps/gcc-arm-none-eabi/current/bin/../lib/gcc/arm-none-eabi/7.3.1/thumb/v7e-m/fpv4-sp/hard\libgcc.a(_aeabi_uldivmod.o) (__udivmoddi4)
c:/users/jakob/scoop/apps/gcc-arm-none-eabi/current/bin/../lib/gcc/arm-none-eabi/7.3.1/thumb/v7e-m/fpv4-sp/hard\libgcc.a(_dvmd_tls.o)
                              c:/users/jakob/scoop/apps/gcc-arm-none-eabi/current/bin/../lib/gcc/arm-none-eabi/7.3.1/thumb/v7e-m/fpv4-sp/hard\libgcc.a(_aeabi_uldivmod.o) (__aeabi_ldiv0)
c:/users/jakob/scoop/apps/gcc-arm-none-eabi/current/bin/../lib/gcc/arm-none-eabi/7.3.1/../../../../arm-none-eabi/lib/thumb/v7e-m/fpv4-sp/hard\libg_nano.a(lib_a-errno.o)
                              c:/users/jakob/scoop/apps/gcc-arm-none-eabi/current/bin/../lib/gcc/arm-none-eabi/7.3.1/../../../../arm-none-eabi/lib/thumb/v7e-m/fpv4-sp/hard\libm.a(lib_a-w_sqrt.o) (__errno)
[...]
Memory Configuration

Name             Origin             Length             Attributes
FLASH            0x08000000         0x00080000         xr
SRAM1            0x20000000         0x00020000         xrw
RAM              0x20000000         0x00020000         xrw
*default*        0x00000000         0xffffffff

Linker script and memory map

LOAD CMakeFiles/MAX31855.dir/modm/src/modm/architecture/driver/atomic/flag.cpp.obj
LOAD CMakeFiles/MAX31855.dir/modm/src/modm/architecture/interface/can.cpp.obj
LOAD CMakeFiles/MAX31855.dir/modm/src/modm/architecture/interface/can_message.cpp.obj
LOAD CMakeFiles/MAX31855.dir/modm/src/modm/architecture/interface/i2c.cpp.obj
LOAD CMakeFiles/MAX31855.dir/modm/src/modm/container/smart_pointer.cpp.obj
LOAD CMakeFiles/MAX31855.dir/modm/src/modm/debug/error_report.cpp.obj
LOAD CMakeFiles/MAX31855.dir/modm/src/modm/io/iodevice.cpp.obj
LOAD CMakeFiles/MAX31855.dir/modm/src/modm/io/iostream.cpp.obj
LOAD CMakeFiles/MAX31855.dir/modm/src/modm/io/iostream_float.cpp.obj
LOAD CMakeFiles/MAX31855.dir/modm/src/modm/io/iostream_printf.cpp.obj
LOAD CMakeFiles/MAX31855.dir/modm/src/modm/math/utils/bit_operation.cpp.obj
LOAD CMakeFiles/MAX31855.dir/modm/src/modm/math/utils/pc/operator.cpp.obj
LOAD CMakeFiles/MAX31855.dir/modm/src/modm/platform/can/can_1.cpp.obj
LOAD CMakeFiles/MAX31855.dir/modm/src/modm/platform/can/can_filter.cpp.obj
LOAD CMakeFiles/MAX31855.dir/modm/src/modm/platform/clock/clock.cpp.obj
LOAD CMakeFiles/MAX31855.dir/modm/src/modm/platform/clock/delay.cpp.obj
LOAD CMakeFiles/MAX31855.dir/modm/src/modm/platform/clock/latency.cpp.obj
LOAD CMakeFiles/MAX31855.dir/modm/src/modm/platform/clock/modm_clock.cpp.obj
LOAD CMakeFiles/MAX31855.dir/modm/src/modm/platform/clock/systick_timer.cpp.obj
LOAD CMakeFiles/MAX31855.dir/modm/src/modm/platform/core/assert.cpp.obj
LOAD CMakeFiles/MAX31855.dir/modm/src/modm/platform/core/cxxabi.cpp.obj
LOAD CMakeFiles/MAX31855.dir/modm/src/modm/platform/core/default_handler.sx.obj
LOAD CMakeFiles/MAX31855.dir/modm/src/modm/platform/core/heap_newlib.c.obj
LOAD CMakeFiles/MAX31855.dir/modm/src/modm/platform/core/heap_table.c.obj
LOAD CMakeFiles/MAX31855.dir/modm/src/modm/platform/core/startup.c.obj
LOAD CMakeFiles/MAX31855.dir/modm/src/modm/platform/core/vectors.c.obj
LOAD CMakeFiles/MAX31855.dir/modm/src/modm/platform/gpio/enable.cpp.obj
LOAD CMakeFiles/MAX31855.dir/modm/src/modm/platform/i2c/i2c_master_1.cpp.obj
LOAD CMakeFiles/MAX31855.dir/modm/src/modm/platform/i2c/i2c_master_2.cpp.obj
LOAD CMakeFiles/MAX31855.dir/modm/src/modm/platform/spi/spi_master_1.cpp.obj
LOAD CMakeFiles/MAX31855.dir/modm/src/modm/platform/spi/spi_master_2.cpp.obj
LOAD CMakeFiles/MAX31855.dir/modm/src/modm/platform/uart/uart_1.cpp.obj
LOAD CMakeFiles/MAX31855.dir/modm/src/modm/platform/uart/uart_2.cpp.obj
LOAD CMakeFiles/MAX31855.dir/modm/src/modm/utils/dummy.cpp.obj
LOAD CMakeFiles/MAX31855.dir/src/common/board.cpp.obj
LOAD CMakeFiles/MAX31855.dir/src/MAX31855/MAX31855.cpp.obj
LOAD CMakeFiles/MAX31855.dir/src/MAX31855/main.cpp.obj
LOAD c:/users/jakob/scoop/apps/gcc-arm-none-eabi/current/bin/../lib/gcc/arm-none-eabi/7.3.1/../../../../arm-none-eabi/lib/thumb/v7e-m/fpv4-sp/hard\libstdc++_nano.a
LOAD c:/users/jakob/scoop/apps/gcc-arm-none-eabi/current/bin/../lib/gcc/arm-none-eabi/7.3.1/../../../../arm-none-eabi/lib/thumb/v7e-m/fpv4-sp/hard\libm.a
START GROUP
LOAD c:/users/jakob/scoop/apps/gcc-arm-none-eabi/current/bin/../lib/gcc/arm-none-eabi/7.3.1/thumb/v7e-m/fpv4-sp/hard\libgcc.a
LOAD c:/users/jakob/scoop/apps/gcc-arm-none-eabi/current/bin/../lib/gcc/arm-none-eabi/7.3.1/../../../../arm-none-eabi/lib/thumb/v7e-m/fpv4-sp/hard\libg_nano.a
LOAD c:/users/jakob/scoop/apps/gcc-arm-none-eabi/current/bin/../lib/gcc/arm-none-eabi/7.3.1/../../../../arm-none-eabi/lib/thumb/v7e-m/fpv4-sp/hard\libc_nano.a
END GROUP
START GROUP
LOAD c:/users/jakob/scoop/apps/gcc-arm-none-eabi/current/bin/../lib/gcc/arm-none-eabi/7.3.1/thumb/v7e-m/fpv4-sp/hard\libgcc.a
LOAD c:/users/jakob/scoop/apps/gcc-arm-none-eabi/current/bin/../lib/gcc/arm-none-eabi/7.3.1/../../../../arm-none-eabi/lib/thumb/v7e-m/fpv4-sp/hard\libc_nano.a
LOAD c:/users/jakob/scoop/apps/gcc-arm-none-eabi/current/bin/../lib/gcc/arm-none-eabi/7.3.1/../../../../arm-none-eabi/lib/thumb/v7e-m/fpv4-sp/hard\libnosys.a
END GROUP
START GROUP
LOAD c:/users/jakob/scoop/apps/gcc-arm-none-eabi/current/bin/../lib/gcc/arm-none-eabi/7.3.1/thumb/v7e-m/fpv4-sp/hard\libgcc.a
LOAD c:/users/jakob/scoop/apps/gcc-arm-none-eabi/current/bin/../lib/gcc/arm-none-eabi/7.3.1/../../../../arm-none-eabi/lib/thumb/v7e-m/fpv4-sp/hard\libc_nano.a
LOAD c:/users/jakob/scoop/apps/gcc-arm-none-eabi/current/bin/../lib/gcc/arm-none-eabi/7.3.1/../../../../arm-none-eabi/lib/thumb/v7e-m/fpv4-sp/hard\libnosys.a
END GROUP
                0x00000000                PROCESS_STACK_SIZE = 0x0
                0x00000be0                MAIN_STACK_SIZE = 0xbe0
                0x00000be0                TOTAL_STACK_SIZE = (MAIN_STACK_SIZE + PROCESS_STACK_SIZE)
                0x00000be0                VECTOR_TABLE_OFFSET = TOTAL_STACK_SIZE

.vector_rom     0x08000000      0x1c4
                0x08000000                __vector_table_rom_start = .
                0x08000000                __vector_table_ram_load = .
 *(.vector_rom)
 .vector_rom    0x08000000      0x1c4 CMakeFiles/MAX31855.dir/modm/src/modm/platform/core/vectors.c.obj
                0x08000000                vectorsRom
                0x080001c4                . = ALIGN (0x4)

.stack          0x20000000      0xbe0
                0x00000000                . = (VECTOR_TABLE_OFFSET - TOTAL_STACK_SIZE)
                0x00000000                __stack_start = .
                0x00000be0                . = (. + MAIN_STACK_SIZE)
 *fill*         0x20000000      0xbe0 
                0x20000be0                . = ALIGN (0x8)
                0x20000be0                __main_stack_top = .
                0x20000be0                . = (. + PROCESS_STACK_SIZE)
                0x20000be0                . = ALIGN (0x8)
                0x20000be0                __process_stack_top = .
                0x20000be0                __stack_end = .

.vector_ram     0x20000be0        0x0
                0x20000be0                __vector_table_ram_start = .
 *(.vector_ram)
                0x20000be0                . = ALIGN (0x4)
                0x20000be0                __vector_table_ram_end = .

.text           0x080001d0     0x1d38
 *(.text .text.* .gnu.linkonce.t.*)
 .text._ZL17dummyErrorHandlert
                0x080001d0        0x2 CMakeFiles/MAX31855.dir/modm/src/modm/debug/error_report.cpp.obj
 .text._ZN4modm8IOStreamC2ERNS_8IODeviceE
                0x080001d2        0x8 CMakeFiles/MAX31855.dir/modm/src/modm/io/iostream.cpp.obj
                0x080001d2                modm::IOStream::IOStream(modm::IODevice&)
                0x080001d2                modm::IOStream::IOStream(modm::IODevice&)
 .text._ZN4modm8IOStream14writeHexNibbleEh
                0x080001da       0x1a CMakeFiles/MAX31855.dir/modm/src/modm/io/iostream.cpp.obj
                0x080001da                modm::IOStream::writeHexNibble(unsigned char)
 .text._ZN4modm8IOStream8writeHexEh
                0x080001f4       0x18 CMakeFiles/MAX31855.dir/modm/src/modm/io/iostream.cpp.obj
                0x080001f4                modm::IOStream::writeHex(unsigned char)
 .text._ZN4modm8IOStream8writeHexEPKc
                0x0800020c       0x16 CMakeFiles/MAX31855.dir/modm/src/modm/io/iostream.cpp.obj
                0x0800020c                modm::IOStream::writeHex(char const*)
 .text._ZN4modm8IOStream8writeBinEh
                0x08000222       0x32 CMakeFiles/MAX31855.dir/modm/src/modm/io/iostream.cpp.obj
                0x08000222                modm::IOStream::writeBin(unsigned char)
 .text._ZN4modm8IOStream8writeBinEPKc
                0x08000254       0x16 CMakeFiles/MAX31855.dir/modm/src/modm/io/iostream.cpp.obj
                0x08000254                modm::IOStream::writeBin(char const*)
 .text._ZL11sendMailboxRKN4modm3can7MessageEm
                0x0800026a       0x4a CMakeFiles/MAX31855.dir/modm/src/modm/platform/can/can_1.cpp.obj
 .text._ZL11readMailboxRN4modm3can7MessageEm
                0x080002b4       0x4c CMakeFiles/MAX31855.dir/modm/src/modm/platform/can/can_1.cpp.obj
 .text.CAN1_TX_IRQHandler
                0x08000300       0x6c CMakeFiles/MAX31855.dir/modm/src/modm/platform/can/can_1.cpp.obj
                0x08000300                CAN1_TX_IRQHandler
 .text.CAN1_RX0_IRQHandler
                0x0800036c       0x8c CMakeFiles/MAX31855.dir/modm/src/modm/platform/can/can_1.cpp.obj
                0x0800036c                CAN1_RX0_IRQHandler
 .text.CAN1_RX1_IRQHandler
                0x080003f8       0x8c CMakeFiles/MAX31855.dir/modm/src/modm/platform/can/can_1.cpp.obj
                0x080003f8                CAN1_RX1_IRQHandler
 .text._ZN4modm6atomic5QueueINS_3can7MessageELj32EEC2Ev
                0x08000484       0x32 CMakeFiles/MAX31855.dir/modm/src/modm/platform/can/can_1.cpp.obj
                0x08000484                modm::atomic::Queue<modm::can::Message, 32u>::Queue()
                0x08000484                modm::atomic::Queue<modm::can::Message, 32u>::Queue()
 *fill*         0x080004b6        0x2 
 .text._Z41__static_initialization_and_destruction_0ii
                0x080004b8       0x28 CMakeFiles/MAX31855.dir/modm/src/modm/platform/can/can_1.cpp.obj
 .text._GLOBAL__sub_I__ZN4modm8platform4Can123initializeWithPrescalerEthhmNS1_4ModeEb
                0x080004e0        0xe CMakeFiles/MAX31855.dir/modm/src/modm/platform/can/can_1.cpp.obj
 *fill*         0x080004ee        0x2 
 .text._ZN4modm8platform12ClockControl19enableInternalClockEm
                0x080004f0       0x28 CMakeFiles/MAX31855.dir/modm/src/modm/platform/clock/clock.cpp.obj
                0x080004f0                modm::platform::ClockControl::enableInternalClock(unsigned long)
 .text._ZN4modm8platform12ClockControl9enablePllENS1_9PllSourceEhthhm
                0x08000518       0x68 CMakeFiles/MAX31855.dir/modm/src/modm/platform/clock/clock.cpp.obj
                0x08000518                modm::platform::ClockControl::enablePll(modm::platform::ClockControl::PllSource, unsigned char, unsigned short, unsigned char, unsigned char, unsigned long)
 .text._ZN4modm8platform12ClockControl17enableSystemClockENS1_17SystemClockSourceEm
                0x08000580       0x2c CMakeFiles/MAX31855.dir/modm/src/modm/platform/clock/clock.cpp.obj
                0x08000580                modm::platform::ClockControl::enableSystemClock(modm::platform::ClockControl::SystemClockSource, unsigned long)
 .text._Z15modm_dwt_enablev
                0x080005ac       0x24 CMakeFiles/MAX31855.dir/modm/src/modm/platform/clock/delay.cpp.obj
                0x080005ac                modm_dwt_enable()
 .text._ZN4modm8platform12ClockControl15setFlashLatencyEmt
                0x080005d0       0x74 CMakeFiles/MAX31855.dir/modm/src/modm/platform/clock/latency.cpp.obj
                0x080005d0                modm::platform::ClockControl::setFlashLatency(unsigned long, unsigned short)
 .text._ZN4modm5Clock9incrementEj
                0x08000644       0x10 CMakeFiles/MAX31855.dir/modm/src/modm/platform/clock/modm_clock.cpp.obj
                0x08000644                modm::Clock::increment(unsigned int)
 .text._ZN4modm5Clock3nowINS_16GenericTimestampItEEEET_v
                0x08000654        0xc CMakeFiles/MAX31855.dir/modm/src/modm/platform/clock/modm_clock.cpp.obj
                0x08000654                modm::GenericTimestamp<unsigned short> modm::Clock::now<modm::GenericTimestamp<unsigned short> >()
 .text.SysTick_Handler
                0x08000660       0x18 CMakeFiles/MAX31855.dir/modm/src/modm/platform/clock/systick_timer.cpp.obj
                0x08000660                SysTick_Handler
 .text._ZN4modm6cortex12SysTickTimer6enableEm
                0x08000678       0x20 CMakeFiles/MAX31855.dir/modm/src/modm/platform/clock/systick_timer.cpp.obj
                0x08000678                modm::cortex::SysTickTimer::enable(unsigned long)
 .text.modm_abandon
                0x08000698        0x2 CMakeFiles/MAX31855.dir/modm/src/modm/platform/core/assert.cpp.obj
                0x08000698                modm_abandon
 *fill*         0x0800069a        0x2 
 .text.modm_assert_fail_context
                0x0800069c       0x60 CMakeFiles/MAX31855.dir/modm/src/modm/platform/core/assert.cpp.obj
                0x0800069c                modm_assert_fail_context
 .text.modm_assert_fail
                0x080006fc        0xa CMakeFiles/MAX31855.dir/modm/src/modm/platform/core/assert.cpp.obj
                0x080006fc                modm_assert_fail
 .text.__aeabi_atexit
                0x08000706        0x4 CMakeFiles/MAX31855.dir/modm/src/modm/platform/core/cxxabi.cpp.obj
                0x08000706                __aeabi_atexit
 .text._ZdlPvj  0x0800070a        0x8 CMakeFiles/MAX31855.dir/modm/src/modm/platform/core/cxxabi.cpp.obj
                0x0800070a                operator delete(void*, unsigned int)
 *fill*         0x08000712        0xe 
 .text          0x08000720        0x4 CMakeFiles/MAX31855.dir/modm/src/modm/platform/core/default_handler.sx.obj
                0x08000720                _init
                0x08000720                _fini
                0x08000720                _defaultHandler
                0x08000722                _exit
                0x08000722                exit
 .text.__modm_initialize_memory
                0x08000724       0x28 CMakeFiles/MAX31855.dir/modm/src/modm/platform/core/heap_newlib.c.obj
                0x08000724                __modm_initialize_memory
 .text.__wrap__free_r
                0x0800074c        0x8 CMakeFiles/MAX31855.dir/modm/src/modm/platform/core/heap_newlib.c.obj
                0x0800074c                __wrap__free_r
 .text.modm_heap_table_find_largest
                0x08000754       0x48 CMakeFiles/MAX31855.dir/modm/src/modm/platform/core/heap_table.c.obj
                0x08000754                modm_heap_table_find_largest
 .text.table_copy
                0x0800079c       0x2a CMakeFiles/MAX31855.dir/modm/src/modm/platform/core/startup.c.obj
 .text.table_zero
                0x080007c6       0x1a CMakeFiles/MAX31855.dir/modm/src/modm/platform/core/startup.c.obj
 .text.Reset_Handler
                0x080007e0       0xb8 CMakeFiles/MAX31855.dir/modm/src/modm/platform/core/startup.c.obj
                0x080007e0                Reset_Handler
 .text.Undefined_Handler
                0x08000898       0x14 CMakeFiles/MAX31855.dir/modm/src/modm/platform/core/vectors.c.obj
                0x08000898                RTC_Alarm_IRQHandler
                0x08000898                EXTI2_IRQHandler
                0x08000898                TIM8_CC_IRQHandler
                0x08000898                DebugMon_Handler
                0x08000898                FMPI2C1_EV_IRQHandler
                0x08000898                SPI4_IRQHandler
                0x08000898                TIM1_CC_IRQHandler
                0x08000898                DMA2_Stream5_IRQHandler
                0x08000898                HardFault_Handler
                0x08000898                DMA1_Stream5_IRQHandler
                0x08000898                PVD_IRQHandler
                0x08000898                SDIO_IRQHandler
                0x08000898                TAMP_STAMP_IRQHandler
                0x08000898                PendSV_Handler
                0x08000898                NMI_Handler
                0x08000898                CAN2_RX1_IRQHandler
                0x08000898                EXTI3_IRQHandler
                0x08000898                TIM8_TRG_COM_TIM14_IRQHandler
                0x08000898                TIM1_UP_TIM10_IRQHandler
                0x08000898                TIM8_UP_TIM13_IRQHandler
                0x08000898                I2C3_ER_IRQHandler
                0x08000898                Undefined_Handler
                0x08000898                EXTI0_IRQHandler
                0x08000898                DMA1_Stream2_IRQHandler
                0x08000898                FPU_IRQHandler
                0x08000898                OTG_HS_WKUP_IRQHandler
                0x08000898                UsageFault_Handler
                0x08000898                CAN2_SCE_IRQHandler
                0x08000898                DMA2_Stream2_IRQHandler
                0x08000898                SPI1_IRQHandler
                0x08000898                TIM6_DAC_IRQHandler
                0x08000898                TIM1_BRK_TIM9_IRQHandler
                0x08000898                DCMI_IRQHandler
                0x08000898                CAN2_RX0_IRQHandler
                0x08000898                DMA2_Stream3_IRQHandler
                0x08000898                SAI2_IRQHandler
                0x08000898                USART6_IRQHandler
                0x08000898                USART3_IRQHandler
                0x08000898                UART5_IRQHandler
                0x08000898                DMA2_Stream0_IRQHandler
                0x08000898                TIM4_IRQHandler
                0x08000898                QUADSPI_IRQHandler
                0x08000898                DMA1_Stream6_IRQHandler
                0x08000898                DMA1_Stream1_IRQHandler
                0x08000898                UART4_IRQHandler
                0x08000898                TIM3_IRQHandler
                0x08000898                RCC_IRQHandler
                0x08000898                TIM8_BRK_TIM12_IRQHandler
                0x08000898                CEC_IRQHandler
                0x08000898                EXTI15_10_IRQHandler
                0x08000898                ADC_IRQHandler
                0x08000898                DMA1_Stream7_IRQHandler
                0x08000898                TIM7_IRQHandler
                0x08000898                CAN2_TX_IRQHandler
                0x08000898                TIM5_IRQHandler
                0x08000898                DMA2_Stream7_IRQHandler
                0x08000898                I2C3_EV_IRQHandler
                0x08000898                EXTI9_5_IRQHandler
                0x08000898                RTC_WKUP_IRQHandler
                0x08000898                SPDIF_RX_IRQHandler
                0x08000898                SPI2_IRQHandler
                0x08000898                OTG_HS_EP1_IN_IRQHandler
                0x08000898                MemManage_Handler
                0x08000898                DMA1_Stream0_IRQHandler
                0x08000898                SVC_Handler
                0x08000898                FMPI2C1_ER_IRQHandler
                0x08000898                EXTI4_IRQHandler
                0x08000898                OTG_HS_EP1_OUT_IRQHandler
                0x08000898                WWDG_IRQHandler
                0x08000898                TIM2_IRQHandler
                0x08000898                OTG_FS_WKUP_IRQHandler
                0x08000898                TIM1_TRG_COM_TIM11_IRQHandler
                0x08000898                OTG_HS_IRQHandler
                0x08000898                EXTI1_IRQHandler
                0x08000898                DMA2_Stream1_IRQHandler
                0x08000898                CAN1_SCE_IRQHandler
                0x08000898                FLASH_IRQHandler
                0x08000898                DMA2_Stream4_IRQHandler
                0x08000898                BusFault_Handler
                0x08000898                OTG_FS_IRQHandler
                0x08000898                SPI3_IRQHandler
                0x08000898                DMA1_Stream4_IRQHandler
                0x08000898                FMC_IRQHandler
                0x08000898                DMA2_Stream6_IRQHandler
                0x08000898                SAI1_IRQHandler
                0x08000898                DMA1_Stream3_IRQHandler
 .text._Z16modm_gpio_enablev
                0x080008ac       0x34 CMakeFiles/MAX31855.dir/modm/src/modm/platform/gpio/enable.cpp.obj
                0x080008ac                modm_gpio_enable()
 .text._ZN4modm12BoundedDequeIN12_GLOBAL__N_121ConfiguredTransactionELj8EEC2Ev
                0x080008e0       0x22 CMakeFiles/MAX31855.dir/modm/src/modm/platform/i2c/i2c_master_1.cpp.obj
 .text._ZN4modm12BoundedDequeIN12_GLOBAL__N_121ConfiguredTransactionELj8EE11removeFrontEv
                0x08000902       0x18 CMakeFiles/MAX31855.dir/modm/src/modm/platform/i2c/i2c_master_1.cpp.obj
 *fill*         0x0800091a        0x2 
 .text._Z41__static_initialization_and_destruction_0ii
                0x0800091c       0x44 CMakeFiles/MAX31855.dir/modm/src/modm/platform/i2c/i2c_master_1.cpp.obj
 .text.I2C1_ER_IRQHandler
                0x08000960      0x1a0 CMakeFiles/MAX31855.dir/modm/src/modm/platform/i2c/i2c_master_1.cpp.obj
                0x08000960                I2C1_ER_IRQHandler
 .text.I2C1_EV_IRQHandler
                0x08000b00      0x498 CMakeFiles/MAX31855.dir/modm/src/modm/platform/i2c/i2c_master_1.cpp.obj
                0x08000b00                I2C1_EV_IRQHandler
 .text._ZN4modm8platform10I2cMaster123initializeWithPrescalerEhht
                0x08000f98       0x50 CMakeFiles/MAX31855.dir/modm/src/modm/platform/i2c/i2c_master_1.cpp.obj
                0x08000f98                modm::platform::I2cMaster1::initializeWithPrescaler(unsigned char, unsigned char, unsigned short)
 .text._GLOBAL__sub_I_I2C1_EV_IRQHandler
                0x08000fe8        0xe CMakeFiles/MAX31855.dir/modm/src/modm/platform/i2c/i2c_master_1.cpp.obj
 .text._ZN4modm12BoundedDequeIN12_GLOBAL__N_121ConfiguredTransactionELj8EEC2Ev
                0x08000ff6       0x22 CMakeFiles/MAX31855.dir/modm/src/modm/platform/i2c/i2c_master_2.cpp.obj
 .text._ZN4modm12BoundedDequeIN12_GLOBAL__N_121ConfiguredTransactionELj8EE11removeFrontEv
                0x08001018       0x18 CMakeFiles/MAX31855.dir/modm/src/modm/platform/i2c/i2c_master_2.cpp.obj
 .text._Z41__static_initialization_and_destruction_0ii
                0x08001030       0x44 CMakeFiles/MAX31855.dir/modm/src/modm/platform/i2c/i2c_master_2.cpp.obj
 .text.I2C2_ER_IRQHandler
                0x08001074      0x1a0 CMakeFiles/MAX31855.dir/modm/src/modm/platform/i2c/i2c_master_2.cpp.obj
                0x08001074                I2C2_ER_IRQHandler
 .text.I2C2_EV_IRQHandler
                0x08001214      0x498 CMakeFiles/MAX31855.dir/modm/src/modm/platform/i2c/i2c_master_2.cpp.obj
                0x08001214                I2C2_EV_IRQHandler
 .text._GLOBAL__sub_I_I2C2_EV_IRQHandler
                0x080016ac        0xe CMakeFiles/MAX31855.dir/modm/src/modm/platform/i2c/i2c_master_2.cpp.obj
 *fill*         0x080016ba        0x2 
 .text._ZN4modm8platform6Usart118initializeBufferedEm
                0x080016bc       0x24 CMakeFiles/MAX31855.dir/modm/src/modm/platform/uart/uart_1.cpp.obj
                0x080016bc                modm::platform::Usart1::initializeBuffered(unsigned long)
 .text._ZN4modm8platform6Usart15writeEh
                0x080016e0       0x70 CMakeFiles/MAX31855.dir/modm/src/modm/platform/uart/uart_1.cpp.obj
                0x080016e0                modm::platform::Usart1::write(unsigned char)
 .text._ZN4modm8platform6Usart14readERh
                0x08001750       0x38 CMakeFiles/MAX31855.dir/modm/src/modm/platform/uart/uart_1.cpp.obj
                0x08001750                modm::platform::Usart1::read(unsigned char&)
 .text.USART1_IRQHandler
                0x08001788       0x80 CMakeFiles/MAX31855.dir/modm/src/modm/platform/uart/uart_1.cpp.obj
                0x08001788                USART1_IRQHandler
 .text._ZN4modm6atomic5QueueIhLj16EEC2Ev
                0x08001808        0x8 CMakeFiles/MAX31855.dir/modm/src/modm/platform/uart/uart_1.cpp.obj
                0x08001808                modm::atomic::Queue<unsigned char, 16u>::Queue()
                0x08001808                modm::atomic::Queue<unsigned char, 16u>::Queue()
 .text._ZN4modm6atomic5QueueIhLj250EEC2Ev
                0x08001810        0x8 CMakeFiles/MAX31855.dir/modm/src/modm/platform/uart/uart_1.cpp.obj
                0x08001810                modm::atomic::Queue<unsigned char, 250u>::Queue()
                0x08001810                modm::atomic::Queue<unsigned char, 250u>::Queue()
 .text._Z41__static_initialization_and_destruction_0ii
                0x08001818       0x28 CMakeFiles/MAX31855.dir/modm/src/modm/platform/uart/uart_1.cpp.obj
 .text._GLOBAL__sub_I__ZN4modm8platform6Usart118initializeBufferedEm
                0x08001840        0xe CMakeFiles/MAX31855.dir/modm/src/modm/platform/uart/uart_1.cpp.obj
 *fill*         0x0800184e        0x2 
 .text.USART2_IRQHandler
                0x08001850       0x80 CMakeFiles/MAX31855.dir/modm/src/modm/platform/uart/uart_2.cpp.obj
                0x08001850                USART2_IRQHandler
 .text._Z41__static_initialization_and_destruction_0ii
                0x080018d0       0x28 CMakeFiles/MAX31855.dir/modm/src/modm/platform/uart/uart_2.cpp.obj
 .text._GLOBAL__sub_I__ZN4modm8platform6Usart218initializeBufferedEm
                0x080018f8        0xe CMakeFiles/MAX31855.dir/modm/src/modm/platform/uart/uart_2.cpp.obj
 .text._ZN4modm15IODeviceWrapperINS_8platform6Usart1ELNS_8IOBufferE1EED2Ev
                0x08001906        0x2 CMakeFiles/MAX31855.dir/src/common/board.cpp.obj
                0x08001906                modm::IODeviceWrapper<modm::platform::Usart1, (modm::IOBuffer)1>::~IODeviceWrapper()
                0x08001906                modm::IODeviceWrapper<modm::platform::Usart1, (modm::IOBuffer)1>::~IODeviceWrapper()
 .text._ZN4modm15IODeviceWrapperINS_8platform6Usart1ELNS_8IOBufferE1EE5flushEv
                0x08001908        0x2 CMakeFiles/MAX31855.dir/src/common/board.cpp.obj
                0x08001908                modm::IODeviceWrapper<modm::platform::Usart1, (modm::IOBuffer)1>::flush()
 .text._ZN4modm15IODeviceWrapperINS_8platform6Usart1ELNS_8IOBufferE1EE4readERc
                0x0800190a        0xa CMakeFiles/MAX31855.dir/src/common/board.cpp.obj
                0x0800190a                modm::IODeviceWrapper<modm::platform::Usart1, (modm::IOBuffer)1>::read(char&)
 .text._ZN4modm15IODeviceWrapperINS_8platform6Usart1ELNS_8IOBufferE1EE5writeEPKc
                0x08001914       0x18 CMakeFiles/MAX31855.dir/src/common/board.cpp.obj
                0x08001914                modm::IODeviceWrapper<modm::platform::Usart1, (modm::IOBuffer)1>::write(char const*)
 .text._ZN4modm15IODeviceWrapperINS_8platform6Usart1ELNS_8IOBufferE1EE5writeEc
                0x0800192c       0x10 CMakeFiles/MAX31855.dir/src/common/board.cpp.obj
                0x0800192c                modm::IODeviceWrapper<modm::platform::Usart1, (modm::IOBuffer)1>::write(char)
 .text._ZN4modm15IODeviceWrapperINS_8platform6Usart1ELNS_8IOBufferE1EED0Ev
                0x0800193c        0xe CMakeFiles/MAX31855.dir/src/common/board.cpp.obj
                0x0800193c                modm::IODeviceWrapper<modm::platform::Usart1, (modm::IOBuffer)1>::~IODeviceWrapper()
 *fill*         0x0800194a        0x2 
 .text._Z41__static_initialization_and_destruction_0ii
                0x0800194c       0x64 CMakeFiles/MAX31855.dir/src/common/board.cpp.obj
 .text._Z10initCommonv
                0x080019b0      0x264 CMakeFiles/MAX31855.dir/src/common/board.cpp.obj
                0x080019b0                initCommon()
 .text._GLOBAL__sub_I_debugLogger
                0x08001c14        0xe CMakeFiles/MAX31855.dir/src/common/board.cpp.obj
 .text._ZN4modm8IOStreamlsEPKc
                0x08001c22       0x24 CMakeFiles/MAX31855.dir/src/MAX31855/main.cpp.obj
                0x08001c22                modm::IOStream::operator<<(char const*)
 .text._ZN4modm14GenericTimeoutINS_5ClockENS_16GenericTimestampItEEE7restartES3_
                0x08001c46       0x20 CMakeFiles/MAX31855.dir/src/MAX31855/main.cpp.obj
                0x08001c46                modm::GenericTimeout<modm::Clock, modm::GenericTimestamp<unsigned short> >::restart(modm::GenericTimestamp<unsigned short>)
 .text._ZN4modm14GenericTimeoutINS_5ClockENS_16GenericTimestampItEEEC2Ev
                0x08001c66        0x8 CMakeFiles/MAX31855.dir/src/MAX31855/main.cpp.obj
                0x08001c66                modm::GenericTimeout<modm::Clock, modm::GenericTimestamp<unsigned short> >::GenericTimeout()
                0x08001c66                modm::GenericTimeout<modm::Clock, modm::GenericTimestamp<unsigned short> >::GenericTimeout()
 .text._ZNK4modm14GenericTimeoutINS_5ClockENS_16GenericTimestampItEEE8getStateEv
                0x08001c6e       0x3a CMakeFiles/MAX31855.dir/src/MAX31855/main.cpp.obj
                0x08001c6e                modm::GenericTimeout<modm::Clock, modm::GenericTimestamp<unsigned short> >::getState() const
 .text.main     0x08001ca8      0x158 CMakeFiles/MAX31855.dir/src/MAX31855/main.cpp.obj
                0x08001ca8                main
 .text.__libc_init_array
                0x08001e00       0x48 c:/users/jakob/scoop/apps/gcc-arm-none-eabi/current/bin/../lib/gcc/arm-none-eabi/7.3.1/../../../../arm-none-eabi/lib/thumb/v7e-m/fpv4-sp/hard\libg_nano.a(lib_a-init.o)
                0x08001e00                __libc_init_array
 .text.free     0x08001e48       0x10 c:/users/jakob/scoop/apps/gcc-arm-none-eabi/current/bin/../lib/gcc/arm-none-eabi/7.3.1/../../../../arm-none-eabi/lib/thumb/v7e-m/fpv4-sp/hard\libg_nano.a(lib_a-malloc.o)
                0x08001e48                free
 .text._free_r  0x08001e58       0x9c c:/users/jakob/scoop/apps/gcc-arm-none-eabi/current/bin/../lib/gcc/arm-none-eabi/7.3.1/../../../../arm-none-eabi/lib/thumb/v7e-m/fpv4-sp/hard\libg_nano.a(lib_a-nano-freer.o)
                0x08001e58                _free_r
 .text          0x08001ef4       0x10 c:/users/jakob/scoop/apps/gcc-arm-none-eabi/current/bin/../lib/gcc/arm-none-eabi/7.3.1/../../../../arm-none-eabi/lib/thumb/v7e-m/fpv4-sp/hard\libg_nano.a(lib_a-strlen.o)
                0x08001ef4                strlen
 .text.__malloc_lock
                0x08001f04        0x2 c:/users/jakob/scoop/apps/gcc-arm-none-eabi/current/bin/../lib/gcc/arm-none-eabi/7.3.1/../../../../arm-none-eabi/lib/thumb/v7e-m/fpv4-sp/hard\libg_nano.a(lib_a-mlock.o)
                0x08001f04                __malloc_lock
 .text.__malloc_unlock
                0x08001f06        0x2 c:/users/jakob/scoop/apps/gcc-arm-none-eabi/current/bin/../lib/gcc/arm-none-eabi/7.3.1/../../../../arm-none-eabi/lib/thumb/v7e-m/fpv4-sp/hard\libg_nano.a(lib_a-mlock.o)
                0x08001f06                __malloc_unlock

.glue_7         0x08001f08        0x0
 .glue_7        0x08001f08        0x0 linker stubs

.glue_7t        0x08001f08        0x0
 .glue_7t       0x08001f08        0x0 linker stubs

.vfp11_veneer   0x08001f08        0x0
 .vfp11_veneer  0x08001f08        0x0 linker stubs

.v4_bx          0x08001f08        0x0
 .v4_bx         0x08001f08        0x0 linker stubs

.iplt           0x08001f08        0x0
 .iplt          0x08001f08        0x0 CMakeFiles/MAX31855.dir/modm/src/modm/debug/error_report.cpp.obj

.rodata         0x08001f08      0x194
 *(.rodata .rodata.* .gnu.linkonce.r.*)
 .rodata._ZL18flash_latency_2100
                0x08001f08       0x24 CMakeFiles/MAX31855.dir/modm/src/modm/platform/clock/latency.cpp.obj
 .rodata._ZL18flash_latency_2400
                0x08001f2c       0x24 CMakeFiles/MAX31855.dir/modm/src/modm/platform/clock/latency.cpp.obj
 .rodata._ZL18flash_latency_2700
                0x08001f50       0x20 CMakeFiles/MAX31855.dir/modm/src/modm/platform/clock/latency.cpp.obj
 .rodata._ZL18flash_latency_3600
                0x08001f70       0x18 CMakeFiles/MAX31855.dir/modm/src/modm/platform/clock/latency.cpp.obj
 .rodata        0x08001f88       0x5a CMakeFiles/MAX31855.dir/modm/src/modm/platform/core/heap_newlib.c.obj
 *fill*         0x08001fe2        0x2 
 .rodata        0x08001fe4       0x14 CMakeFiles/MAX31855.dir/modm/src/modm/platform/core/vectors.c.obj
 .rodata._ZTVN4modm15IODeviceWrapperINS_8platform6Usart1ELNS_8IOBufferE1EEE
                0x08001ff8       0x20 CMakeFiles/MAX31855.dir/src/common/board.cpp.obj
                0x08001ff8                vtable for modm::IODeviceWrapper<modm::platform::Usart1, (modm::IOBuffer)1>
 .rodata.main.str1.4
                0x08002018       0x6c CMakeFiles/MAX31855.dir/src/MAX31855/main.cpp.obj
                                 0x69 (size before relaxing)
 *(.init)
                0x08002084                . = ALIGN (0x4)
                0x08002084                PROVIDE (__preinit_array_start = .)
 *(.preinit_array)
                0x08002084                PROVIDE (__preinit_array_end = .)
                0x08002084                . = ALIGN (0x4)
                0x08002084                PROVIDE (__init_array_start = .)
 *(SORT_BY_NAME(.init_array.*))
 *(.init_array)
 .init_array    0x08002084        0x4 CMakeFiles/MAX31855.dir/modm/src/modm/platform/can/can_1.cpp.obj
 .init_array    0x08002088        0x4 CMakeFiles/MAX31855.dir/modm/src/modm/platform/i2c/i2c_master_1.cpp.obj
 .init_array    0x0800208c        0x4 CMakeFiles/MAX31855.dir/modm/src/modm/platform/i2c/i2c_master_2.cpp.obj
 .init_array    0x08002090        0x4 CMakeFiles/MAX31855.dir/modm/src/modm/platform/uart/uart_1.cpp.obj
 .init_array    0x08002094        0x4 CMakeFiles/MAX31855.dir/modm/src/modm/platform/uart/uart_2.cpp.obj
 .init_array    0x08002098        0x4 CMakeFiles/MAX31855.dir/src/common/board.cpp.obj
                0x0800209c                PROVIDE (__init_array_end = .)

.hardware_init  0x0800209c        0x8
                0x0800209c                __hardware_init_start = .
 *(SORT_BY_NAME(.hardware_init*))
 .hardware_init.A000100_modm_dwt_enable
                0x0800209c        0x4 CMakeFiles/MAX31855.dir/modm/src/modm/platform/clock/delay.cpp.obj
                0x0800209c                modm_dwt_enable_ptr
 .hardware_init.A000100_modm_gpio_enable
                0x080020a0        0x4 CMakeFiles/MAX31855.dir/modm/src/modm/platform/gpio/enable.cpp.obj
                0x080020a0                modm_gpio_enable_ptr
                0x080020a4                __hardware_init_end = .

.assertion      0x080020a4        0x0
                0x080020a4                __assertion_table_start = .
 *(.assertion)
                0x080020a4                __assertion_table_end = .

.fastcode       0x080020a4       0x64
 *(.fastcode)
 .fastcode      0x080020a4       0x64 CMakeFiles/MAX31855.dir/modm/src/modm/platform/clock/delay.cpp.obj
                0x080020a4                _delay_ns
                0x080020b8                _delay_us
                0x080020e0                _delay_ms

.rel.dyn        0x08002108        0x0
 .rel.iplt      0x08002108        0x0 CMakeFiles/MAX31855.dir/modm/src/modm/debug/error_report.cpp.obj

.data           0x20000be0       0x6c load address 0x08002108
                0x08002108                __data_load = LOADADDR (.data)
                0x20000be0                __data_start = .
 *(.data .data.* .gnu.linkonce.d.*)
 .data._ZN4modm11ErrorReport18globalErrorHandlerE
                0x20000be0        0x4 CMakeFiles/MAX31855.dir/modm/src/modm/debug/error_report.cpp.obj
                0x20000be0                modm::ErrorReport::globalErrorHandler
 .data.__dso_handle
                0x20000be4        0x4 CMakeFiles/MAX31855.dir/modm/src/modm/platform/core/cxxabi.cpp.obj
                0x20000be4                __dso_handle
 .data._impure_ptr
                0x20000be8        0x4 c:/users/jakob/scoop/apps/gcc-arm-none-eabi/current/bin/../lib/gcc/arm-none-eabi/7.3.1/../../../../arm-none-eabi/lib/thumb/v7e-m/fpv4-sp/hard\libg_nano.a(lib_a-impure.o)
                0x20000be8                _impure_ptr
 .data.impure_data
                0x20000bec       0x60 c:/users/jakob/scoop/apps/gcc-arm-none-eabi/current/bin/../lib/gcc/arm-none-eabi/7.3.1/../../../../arm-none-eabi/lib/thumb/v7e-m/fpv4-sp/hard\libg_nano.a(lib_a-impure.o)
                0x20000c4c                . = ALIGN (0x4)
                0x20000c4c                __data_end = .

.igot.plt       0x20000c4c        0x0 load address 0x08002174
 .igot.plt      0x20000c4c        0x0 CMakeFiles/MAX31855.dir/modm/src/modm/debug/error_report.cpp.obj

.fastdata       0x20000c4c        0xc load address 0x08002174
 .fastdata      0x20000c4c        0xc CMakeFiles/MAX31855.dir/modm/src/modm/platform/clock/clock.cpp.obj
                0x20000c4c                modm::clock::ns_per_loop
                0x20000c4e                modm::clock::fcpu_MHz
                0x20000c50                modm::clock::fcpu_kHz
                0x20000c54                modm::clock::fcpu

.bss            0x20000c58      0x770 load address 0x08002180
                0x20000c58                __bss_start = .
 *(.bss .bss.* .gnu.linkonce.b.*)
 .bss._ZL7rxQueue
                0x20000c58      0x214 CMakeFiles/MAX31855.dir/modm/src/modm/platform/can/can_1.cpp.obj
 .bss._ZL7txQueue
                0x20000e6c      0x214 CMakeFiles/MAX31855.dir/modm/src/modm/platform/can/can_1.cpp.obj
 .bss._ZN4modm5Clock4timeE
                0x20001080        0x4 CMakeFiles/MAX31855.dir/modm/src/modm/platform/clock/modm_clock.cpp.obj
                0x20001080                modm::Clock::time
 .bss._ZL14sysTickHandler
                0x20001084        0x4 CMakeFiles/MAX31855.dir/modm/src/modm/platform/clock/systick_timer.cpp.obj
 .bss.__brkval  0x20001088        0x4 CMakeFiles/MAX31855.dir/modm/src/modm/platform/core/heap_newlib.c.obj
                0x20001088                __brkval
 .bss.heap_end  0x2000108c        0x4 CMakeFiles/MAX31855.dir/modm/src/modm/platform/core/heap_newlib.c.obj
                0x2000108c                heap_end
 .bss._ZN12_GLOBAL__N_1L11transactionE
                0x20001090        0x4 CMakeFiles/MAX31855.dir/modm/src/modm/platform/i2c/i2c_master_1.cpp.obj
 .bss._ZN12_GLOBAL__N_1L13configurationE
                0x20001094        0x4 CMakeFiles/MAX31855.dir/modm/src/modm/platform/i2c/i2c_master_1.cpp.obj
 .bss._ZN12_GLOBAL__N_1L13nextOperationE
                0x20001098        0x1 CMakeFiles/MAX31855.dir/modm/src/modm/platform/i2c/i2c_master_1.cpp.obj
 .bss._ZN12_GLOBAL__N_1L18checkNextOperationE
                0x20001099        0x1 CMakeFiles/MAX31855.dir/modm/src/modm/platform/i2c/i2c_master_1.cpp.obj
 .bss._ZN12_GLOBAL__N_1L5errorE
                0x2000109a        0x1 CMakeFiles/MAX31855.dir/modm/src/modm/platform/i2c/i2c_master_1.cpp.obj
 *fill*         0x2000109b        0x1 
 .bss._ZN12_GLOBAL__N_1L5queueE
                0x2000109c       0x4c CMakeFiles/MAX31855.dir/modm/src/modm/platform/i2c/i2c_master_1.cpp.obj
 .bss._ZN12_GLOBAL__N_1L7readingE
                0x200010e8        0xc CMakeFiles/MAX31855.dir/modm/src/modm/platform/i2c/i2c_master_1.cpp.obj
 .bss._ZN12_GLOBAL__N_1L7writingE
                0x200010f4        0xc CMakeFiles/MAX31855.dir/modm/src/modm/platform/i2c/i2c_master_1.cpp.obj
 .bss._ZN12_GLOBAL__N_1L8startingE
                0x20001100        0x2 CMakeFiles/MAX31855.dir/modm/src/modm/platform/i2c/i2c_master_1.cpp.obj
 *fill*         0x20001102        0x2 
 .bss._ZN12_GLOBAL__N_1L11transactionE
                0x20001104        0x4 CMakeFiles/MAX31855.dir/modm/src/modm/platform/i2c/i2c_master_2.cpp.obj
 .bss._ZN12_GLOBAL__N_1L13configurationE
                0x20001108        0x4 CMakeFiles/MAX31855.dir/modm/src/modm/platform/i2c/i2c_master_2.cpp.obj
 .bss._ZN12_GLOBAL__N_1L13nextOperationE
                0x2000110c        0x1 CMakeFiles/MAX31855.dir/modm/src/modm/platform/i2c/i2c_master_2.cpp.obj
 .bss._ZN12_GLOBAL__N_1L18checkNextOperationE
                0x2000110d        0x1 CMakeFiles/MAX31855.dir/modm/src/modm/platform/i2c/i2c_master_2.cpp.obj
 .bss._ZN12_GLOBAL__N_1L5errorE
                0x2000110e        0x1 CMakeFiles/MAX31855.dir/modm/src/modm/platform/i2c/i2c_master_2.cpp.obj
 *fill*         0x2000110f        0x1 
 .bss._ZN12_GLOBAL__N_1L5queueE
                0x20001110       0x4c CMakeFiles/MAX31855.dir/modm/src/modm/platform/i2c/i2c_master_2.cpp.obj
 .bss._ZN12_GLOBAL__N_1L7readingE
                0x2000115c        0xc CMakeFiles/MAX31855.dir/modm/src/modm/platform/i2c/i2c_master_2.cpp.obj
 .bss._ZN12_GLOBAL__N_1L7writingE
                0x20001168        0xc CMakeFiles/MAX31855.dir/modm/src/modm/platform/i2c/i2c_master_2.cpp.obj
 .bss._ZN12_GLOBAL__N_1L8startingE
                0x20001174        0x2 CMakeFiles/MAX31855.dir/modm/src/modm/platform/i2c/i2c_master_2.cpp.obj
 *fill*         0x20001176        0x2 
 .bss._ZN12_GLOBAL__N_1L8rxBufferE
                0x20001178       0x13 CMakeFiles/MAX31855.dir/modm/src/modm/platform/uart/uart_1.cpp.obj
 *fill*         0x2000118b        0x1 
 .bss._ZN12_GLOBAL__N_1L8txBufferE
                0x2000118c       0xfd CMakeFiles/MAX31855.dir/modm/src/modm/platform/uart/uart_1.cpp.obj
 *fill*         0x20001289        0x3 
 .bss._ZN12_GLOBAL__N_1L8rxBufferE
                0x2000128c       0x13 CMakeFiles/MAX31855.dir/modm/src/modm/platform/uart/uart_2.cpp.obj
 *fill*         0x2000129f        0x1 
 .bss._ZN12_GLOBAL__N_1L8txBufferE
                0x200012a0       0xfd CMakeFiles/MAX31855.dir/modm/src/modm/platform/uart/uart_2.cpp.obj
 *fill*         0x2000139d        0x3 
 .bss._ZN4modm3log4infoE
                0x200013a0        0x8 CMakeFiles/MAX31855.dir/src/common/board.cpp.obj
                0x200013a0                modm::log::info
 .bss._ZN4modm3log5debugE
                0x200013a8        0x8 CMakeFiles/MAX31855.dir/src/common/board.cpp.obj
                0x200013a8                modm::log::debug
 .bss._ZN4modm3log5errorE
                0x200013b0        0x8 CMakeFiles/MAX31855.dir/src/common/board.cpp.obj
                0x200013b0                modm::log::error
 .bss._ZN4modm3log7warningE
                0x200013b8        0x8 CMakeFiles/MAX31855.dir/src/common/board.cpp.obj
                0x200013b8                modm::log::warning
 .bss.debugLogger
                0x200013c0        0x4 CMakeFiles/MAX31855.dir/src/common/board.cpp.obj
                0x200013c0                debugLogger
 .bss.__malloc_free_list
                0x200013c4        0x4 c:/users/jakob/scoop/apps/gcc-arm-none-eabi/current/bin/../lib/gcc/arm-none-eabi/7.3.1/../../../../arm-none-eabi/lib/thumb/v7e-m/fpv4-sp/hard\libg_nano.a(lib_a-nano-mallocr.o)
                0x200013c4                __malloc_free_list
                0x200013c8                . = ALIGN (0x4)
                0x200013c8                __bss_end = .

.noinit         0x200013c8        0x0 load address 0x08002180
                0x200013c8                __noinit_start = .
 *(.noinit*)
                0x200013c8                . = ALIGN (0x4)
                0x200013c8                __noinit_end = .

.heap1          0x200013c8    0x1ec38 load address 0x08002180
                0x200013c8                __heap1_start = .
                0x20020000                . = (ORIGIN (SRAM1) + LENGTH (SRAM1))
 *fill*         0x200013c8    0x1ec38 
                0x20020000                __heap1_end = .

.table.zero.intern
                0x08002180        0x8
                0x08002180                __table_zero_intern_start = .
                0x08002180        0x4 LONG 0x20000c58 __bss_start
                0x08002184        0x4 LONG 0x200013c8 __bss_end
                0x08002188                __table_zero_intern_end = .

.table.copy.intern
                0x08002188        0xc
                0x08002188                __table_copy_intern_start = .
                0x08002188        0x4 LONG 0x8002108 __data_load
                0x0800218c        0x4 LONG 0x20000be0 __data_start
                0x08002190        0x4 LONG 0x20000c4c __data_end
                0x08002194                __table_copy_intern_end = .

.table.zero.extern
                0x08002194        0x0
                0x08002194                __table_zero_extern_start = .
                0x08002194                __table_zero_extern_end = .

.table.copy.extern
                0x08002194        0x0
                0x08002194                __table_copy_extern_start = .
                0x08002194                __table_copy_extern_end = .

.table.section_heap
                0x08002194        0xc
                0x08002194                __table_heap_start = .
                0x08002194        0x4 LONG 0xf
                0x08002198        0x4 LONG 0x200013c8 __heap1_start
                0x0800219c        0x4 LONG 0x20020000 __heap1_end
                0x080021a0                __table_heap_end = .

.debug_abbrev   0x00000000     0x7f17
 *(.debug_abbrev)
 .debug_abbrev  0x00000000      0x136 CMakeFiles/MAX31855.dir/modm/src/modm/debug/error_report.cpp.obj
 .debug_abbrev  0x00000136      0x6dc CMakeFiles/MAX31855.dir/modm/src/modm/io/iostream.cpp.obj
 .debug_abbrev  0x00000812      0xaf6 CMakeFiles/MAX31855.dir/modm/src/modm/platform/can/can_1.cpp.obj
 .debug_abbrev  0x00001308      0x269 CMakeFiles/MAX31855.dir/modm/src/modm/platform/clock/clock.cpp.obj
 .debug_abbrev  0x00001571      0x1e2 CMakeFiles/MAX31855.dir/modm/src/modm/platform/clock/delay.cpp.obj
 .debug_abbrev  0x00001753      0x269 CMakeFiles/MAX31855.dir/modm/src/modm/platform/clock/latency.cpp.obj
 .debug_abbrev  0x000019bc      0x5a2 CMakeFiles/MAX31855.dir/modm/src/modm/platform/clock/modm_clock.cpp.obj
 .debug_abbrev  0x00001f5e      0x6fe CMakeFiles/MAX31855.dir/modm/src/modm/platform/clock/systick_timer.cpp.obj
 .debug_abbrev  0x0000265c      0x3fa CMakeFiles/MAX31855.dir/modm/src/modm/platform/core/assert.cpp.obj
 .debug_abbrev  0x00002a56      0x6a2 CMakeFiles/MAX31855.dir/modm/src/modm/platform/core/cxxabi.cpp.obj
 .debug_abbrev  0x000030f8       0x14 CMakeFiles/MAX31855.dir/modm/src/modm/platform/core/default_handler.sx.obj
 .debug_abbrev  0x0000310c      0x261 CMakeFiles/MAX31855.dir/modm/src/modm/platform/core/heap_newlib.c.obj
 .debug_abbrev  0x0000336d       0xfa CMakeFiles/MAX31855.dir/modm/src/modm/platform/core/heap_table.c.obj
 .debug_abbrev  0x00003467      0x252 CMakeFiles/MAX31855.dir/modm/src/modm/platform/core/startup.c.obj
 .debug_abbrev  0x000036b9      0x1bc CMakeFiles/MAX31855.dir/modm/src/modm/platform/core/vectors.c.obj
 .debug_abbrev  0x00003875      0x15c CMakeFiles/MAX31855.dir/modm/src/modm/platform/gpio/enable.cpp.obj
 .debug_abbrev  0x000039d1      0xc05 CMakeFiles/MAX31855.dir/modm/src/modm/platform/i2c/i2c_master_1.cpp.obj
 .debug_abbrev  0x000045d6      0xc05 CMakeFiles/MAX31855.dir/modm/src/modm/platform/i2c/i2c_master_2.cpp.obj
 .debug_abbrev  0x000051db      0x9ea CMakeFiles/MAX31855.dir/modm/src/modm/platform/uart/uart_1.cpp.obj
 .debug_abbrev  0x00005bc5      0x9ea CMakeFiles/MAX31855.dir/modm/src/modm/platform/uart/uart_2.cpp.obj
 .debug_abbrev  0x000065af      0xdaa CMakeFiles/MAX31855.dir/src/common/board.cpp.obj
 .debug_abbrev  0x00007359      0xbbe CMakeFiles/MAX31855.dir/src/MAX31855/main.cpp.obj

.debug_aranges  0x00000000      0x6e8
 *(.debug_aranges)
 .debug_aranges
                0x00000000       0x30 CMakeFiles/MAX31855.dir/modm/src/modm/debug/error_report.cpp.obj
 .debug_aranges
                0x00000030       0x88 CMakeFiles/MAX31855.dir/modm/src/modm/io/iostream.cpp.obj
 .debug_aranges
                0x000000b8       0xa0 CMakeFiles/MAX31855.dir/modm/src/modm/platform/can/can_1.cpp.obj
 .debug_aranges
                0x00000158       0x58 CMakeFiles/MAX31855.dir/modm/src/modm/platform/clock/clock.cpp.obj
 .debug_aranges
                0x000001b0       0x38 CMakeFiles/MAX31855.dir/modm/src/modm/platform/clock/delay.cpp.obj
 .debug_aranges
                0x000001e8       0x20 CMakeFiles/MAX31855.dir/modm/src/modm/platform/clock/latency.cpp.obj
 .debug_aranges
                0x00000208       0x30 CMakeFiles/MAX31855.dir/modm/src/modm/platform/clock/modm_clock.cpp.obj
 .debug_aranges
                0x00000238       0x40 CMakeFiles/MAX31855.dir/modm/src/modm/platform/clock/systick_timer.cpp.obj
 .debug_aranges
                0x00000278       0x30 CMakeFiles/MAX31855.dir/modm/src/modm/platform/core/assert.cpp.obj
 .debug_aranges
                0x000002a8       0x90 CMakeFiles/MAX31855.dir/modm/src/modm/platform/core/cxxabi.cpp.obj
 .debug_aranges
                0x00000338       0x20 CMakeFiles/MAX31855.dir/modm/src/modm/platform/core/default_handler.sx.obj
 .debug_aranges
                0x00000358       0x50 CMakeFiles/MAX31855.dir/modm/src/modm/platform/core/heap_newlib.c.obj
 .debug_aranges
                0x000003a8       0x20 CMakeFiles/MAX31855.dir/modm/src/modm/platform/core/heap_table.c.obj
 .debug_aranges
                0x000003c8       0x30 CMakeFiles/MAX31855.dir/modm/src/modm/platform/core/startup.c.obj
 .debug_aranges
                0x000003f8       0x20 CMakeFiles/MAX31855.dir/modm/src/modm/platform/core/vectors.c.obj
 .debug_aranges
                0x00000418       0x20 CMakeFiles/MAX31855.dir/modm/src/modm/platform/gpio/enable.cpp.obj
 .debug_aranges
                0x00000438       0x70 CMakeFiles/MAX31855.dir/modm/src/modm/platform/i2c/i2c_master_1.cpp.obj
 .debug_aranges
                0x000004a8       0x70 CMakeFiles/MAX31855.dir/modm/src/modm/platform/i2c/i2c_master_2.cpp.obj
 .debug_aranges
                0x00000518       0x98 CMakeFiles/MAX31855.dir/modm/src/modm/platform/uart/uart_1.cpp.obj
 .debug_aranges
                0x000005b0       0x98 CMakeFiles/MAX31855.dir/modm/src/modm/platform/uart/uart_2.cpp.obj
 .debug_aranges
                0x00000648       0x60 CMakeFiles/MAX31855.dir/src/common/board.cpp.obj
 .debug_aranges
                0x000006a8       0x40 CMakeFiles/MAX31855.dir/src/MAX31855/main.cpp.obj

.debug_frame    0x00000000     0x1038
 *(.debug_frame)
 .debug_frame   0x00000000       0x40 CMakeFiles/MAX31855.dir/modm/src/modm/debug/error_report.cpp.obj
 .debug_frame   0x00000040      0x198 CMakeFiles/MAX31855.dir/modm/src/modm/io/iostream.cpp.obj
 .debug_frame   0x000001d8      0x1a4 CMakeFiles/MAX31855.dir/modm/src/modm/platform/can/can_1.cpp.obj
 .debug_frame   0x0000037c       0xa0 CMakeFiles/MAX31855.dir/modm/src/modm/platform/clock/clock.cpp.obj
 .debug_frame   0x0000041c       0x50 CMakeFiles/MAX31855.dir/modm/src/modm/platform/clock/delay.cpp.obj
 .debug_frame   0x0000046c       0x2c CMakeFiles/MAX31855.dir/modm/src/modm/platform/clock/latency.cpp.obj
 .debug_frame   0x00000498       0x40 CMakeFiles/MAX31855.dir/modm/src/modm/platform/clock/modm_clock.cpp.obj
 .debug_frame   0x000004d8       0x78 CMakeFiles/MAX31855.dir/modm/src/modm/platform/clock/systick_timer.cpp.obj
 .debug_frame   0x00000550       0x5c CMakeFiles/MAX31855.dir/modm/src/modm/platform/core/assert.cpp.obj
 .debug_frame   0x000005ac      0x168 CMakeFiles/MAX31855.dir/modm/src/modm/platform/core/cxxabi.cpp.obj
 .debug_frame   0x00000714       0xc4 CMakeFiles/MAX31855.dir/modm/src/modm/platform/core/heap_newlib.c.obj
 .debug_frame   0x000007d8       0x34 CMakeFiles/MAX31855.dir/modm/src/modm/platform/core/heap_table.c.obj
 .debug_frame   0x0000080c       0x54 CMakeFiles/MAX31855.dir/modm/src/modm/platform/core/startup.c.obj
 .debug_frame   0x00000860       0x28 CMakeFiles/MAX31855.dir/modm/src/modm/platform/core/vectors.c.obj
 .debug_frame   0x00000888       0x20 CMakeFiles/MAX31855.dir/modm/src/modm/platform/gpio/enable.cpp.obj
 .debug_frame   0x000008a8      0x138 CMakeFiles/MAX31855.dir/modm/src/modm/platform/i2c/i2c_master_1.cpp.obj
 .debug_frame   0x000009e0      0x138 CMakeFiles/MAX31855.dir/modm/src/modm/platform/i2c/i2c_master_2.cpp.obj
 .debug_frame   0x00000b18      0x15c CMakeFiles/MAX31855.dir/modm/src/modm/platform/uart/uart_1.cpp.obj
 .debug_frame   0x00000c74      0x15c CMakeFiles/MAX31855.dir/modm/src/modm/platform/uart/uart_2.cpp.obj
 .debug_frame   0x00000dd0       0xe4 CMakeFiles/MAX31855.dir/src/common/board.cpp.obj
 .debug_frame   0x00000eb4       0x94 CMakeFiles/MAX31855.dir/src/MAX31855/main.cpp.obj
 .debug_frame   0x00000f48       0x2c c:/users/jakob/scoop/apps/gcc-arm-none-eabi/current/bin/../lib/gcc/arm-none-eabi/7.3.1/../../../../arm-none-eabi/lib/thumb/v7e-m/fpv4-sp/hard\libg_nano.a(lib_a-init.o)
 .debug_frame   0x00000f74       0x30 c:/users/jakob/scoop/apps/gcc-arm-none-eabi/current/bin/../lib/gcc/arm-none-eabi/7.3.1/../../../../arm-none-eabi/lib/thumb/v7e-m/fpv4-sp/hard\libg_nano.a(lib_a-malloc.o)
 .debug_frame   0x00000fa4       0x38 c:/users/jakob/scoop/apps/gcc-arm-none-eabi/current/bin/../lib/gcc/arm-none-eabi/7.3.1/../../../../arm-none-eabi/lib/thumb/v7e-m/fpv4-sp/hard\libg_nano.a(lib_a-nano-freer.o)
 .debug_frame   0x00000fdc       0x2c c:/users/jakob/scoop/apps/gcc-arm-none-eabi/current/bin/../lib/gcc/arm-none-eabi/7.3.1/../../../../arm-none-eabi/lib/thumb/v7e-m/fpv4-sp/hard\libg_nano.a(lib_a-nano-mallocr.o)
 .debug_frame   0x00001008       0x30 c:/users/jakob/scoop/apps/gcc-arm-none-eabi/current/bin/../lib/gcc/arm-none-eabi/7.3.1/../../../../arm-none-eabi/lib/thumb/v7e-m/fpv4-sp/hard\libg_nano.a(lib_a-mlock.o)

.debug_info     0x00000000    0x989fd
 *(.debug_info)
 .debug_info    0x00000000      0x178 CMakeFiles/MAX31855.dir/modm/src/modm/debug/error_report.cpp.obj
 .debug_info    0x00000178     0x5d70 CMakeFiles/MAX31855.dir/modm/src/modm/io/iostream.cpp.obj
 .debug_info    0x00005ee8     0x93fc CMakeFiles/MAX31855.dir/modm/src/modm/platform/can/can_1.cpp.obj
 .debug_info    0x0000f2e4     0x2af0 CMakeFiles/MAX31855.dir/modm/src/modm/platform/clock/clock.cpp.obj
 .debug_info    0x00011dd4     0x2596 CMakeFiles/MAX31855.dir/modm/src/modm/platform/clock/delay.cpp.obj
 .debug_info    0x0001436a     0x29fc CMakeFiles/MAX31855.dir/modm/src/modm/platform/clock/latency.cpp.obj
 .debug_info    0x00016d66     0x5564 CMakeFiles/MAX31855.dir/modm/src/modm/platform/clock/modm_clock.cpp.obj
 .debug_info    0x0001c2ca     0x7b0e CMakeFiles/MAX31855.dir/modm/src/modm/platform/clock/systick_timer.cpp.obj
 .debug_info    0x00023dd8     0x1668 CMakeFiles/MAX31855.dir/modm/src/modm/platform/core/assert.cpp.obj
 .debug_info    0x00025440     0x2b91 CMakeFiles/MAX31855.dir/modm/src/modm/platform/core/cxxabi.cpp.obj
 .debug_info    0x00027fd1       0x26 CMakeFiles/MAX31855.dir/modm/src/modm/platform/core/default_handler.sx.obj
 .debug_info    0x00027ff7      0xcc8 CMakeFiles/MAX31855.dir/modm/src/modm/platform/core/heap_newlib.c.obj
 .debug_info    0x00028cbf      0x184 CMakeFiles/MAX31855.dir/modm/src/modm/platform/core/heap_table.c.obj
 .debug_info    0x00028e43     0x266f CMakeFiles/MAX31855.dir/modm/src/modm/platform/core/startup.c.obj
 .debug_info    0x0002b4b2     0x249a CMakeFiles/MAX31855.dir/modm/src/modm/platform/core/vectors.c.obj
 .debug_info    0x0002d94c     0x24a4 CMakeFiles/MAX31855.dir/modm/src/modm/platform/gpio/enable.cpp.obj
 .debug_info    0x0002fdf0     0x984e CMakeFiles/MAX31855.dir/modm/src/modm/platform/i2c/i2c_master_1.cpp.obj
 .debug_info    0x0003963e     0x984e CMakeFiles/MAX31855.dir/modm/src/modm/platform/i2c/i2c_master_2.cpp.obj
 .debug_info    0x00042e8c     0x9ee3 CMakeFiles/MAX31855.dir/modm/src/modm/platform/uart/uart_1.cpp.obj
 .debug_info    0x0004cd6f     0x9ee3 CMakeFiles/MAX31855.dir/modm/src/modm/platform/uart/uart_2.cpp.obj
 .debug_info    0x00056c52    0x21f65 CMakeFiles/MAX31855.dir/src/common/board.cpp.obj
 .debug_info    0x00078bb7    0x1fe46 CMakeFiles/MAX31855.dir/src/MAX31855/main.cpp.obj

.debug_line     0x00000000     0xee8a
 *(.debug_line)
 .debug_line    0x00000000      0x270 CMakeFiles/MAX31855.dir/modm/src/modm/debug/error_report.cpp.obj
 .debug_line    0x00000270      0xb6f CMakeFiles/MAX31855.dir/modm/src/modm/io/iostream.cpp.obj
 .debug_line    0x00000ddf     0x14d6 CMakeFiles/MAX31855.dir/modm/src/modm/platform/can/can_1.cpp.obj
 .debug_line    0x000022b5      0x521 CMakeFiles/MAX31855.dir/modm/src/modm/platform/clock/clock.cpp.obj
 .debug_line    0x000027d6      0x457 CMakeFiles/MAX31855.dir/modm/src/modm/platform/clock/delay.cpp.obj
 .debug_line    0x00002c2d      0x465 CMakeFiles/MAX31855.dir/modm/src/modm/platform/clock/latency.cpp.obj
 .debug_line    0x00003092      0xa3c CMakeFiles/MAX31855.dir/modm/src/modm/platform/clock/modm_clock.cpp.obj
 .debug_line    0x00003ace      0xd45 CMakeFiles/MAX31855.dir/modm/src/modm/platform/clock/systick_timer.cpp.obj
 .debug_line    0x00004813      0x662 CMakeFiles/MAX31855.dir/modm/src/modm/platform/core/assert.cpp.obj
 .debug_line    0x00004e75      0x8c1 CMakeFiles/MAX31855.dir/modm/src/modm/platform/core/cxxabi.cpp.obj
 .debug_line    0x00005736       0x9b CMakeFiles/MAX31855.dir/modm/src/modm/platform/core/default_handler.sx.obj
 .debug_line    0x000057d1      0x4b4 CMakeFiles/MAX31855.dir/modm/src/modm/platform/core/heap_newlib.c.obj
 .debug_line    0x00005c85      0x262 CMakeFiles/MAX31855.dir/modm/src/modm/platform/core/heap_table.c.obj
 .debug_line    0x00005ee7      0x503 CMakeFiles/MAX31855.dir/modm/src/modm/platform/core/startup.c.obj
 .debug_line    0x000063ea      0x49c CMakeFiles/MAX31855.dir/modm/src/modm/platform/core/vectors.c.obj
 .debug_line    0x00006886      0x428 CMakeFiles/MAX31855.dir/modm/src/modm/platform/gpio/enable.cpp.obj
 .debug_line    0x00006cae     0x1510 CMakeFiles/MAX31855.dir/modm/src/modm/platform/i2c/i2c_master_1.cpp.obj
 .debug_line    0x000081be     0x1510 CMakeFiles/MAX31855.dir/modm/src/modm/platform/i2c/i2c_master_2.cpp.obj
 .debug_line    0x000096ce     0x111f CMakeFiles/MAX31855.dir/modm/src/modm/platform/uart/uart_1.cpp.obj
 .debug_line    0x0000a7ed     0x111f CMakeFiles/MAX31855.dir/modm/src/modm/platform/uart/uart_2.cpp.obj
 .debug_line    0x0000b90c     0x1a31 CMakeFiles/MAX31855.dir/src/common/board.cpp.obj
 .debug_line    0x0000d33d     0x1b4d CMakeFiles/MAX31855.dir/src/MAX31855/main.cpp.obj

.debug_loc      0x00000000     0x4414
 *(.debug_loc)
 .debug_loc     0x00000000      0x632 CMakeFiles/MAX31855.dir/modm/src/modm/io/iostream.cpp.obj
 .debug_loc     0x00000632      0x92a CMakeFiles/MAX31855.dir/modm/src/modm/platform/can/can_1.cpp.obj
 .debug_loc     0x00000f5c      0x2e3 CMakeFiles/MAX31855.dir/modm/src/modm/platform/clock/clock.cpp.obj
 .debug_loc     0x0000123f       0x8e CMakeFiles/MAX31855.dir/modm/src/modm/platform/clock/delay.cpp.obj
 .debug_loc     0x000012cd      0x17e CMakeFiles/MAX31855.dir/modm/src/modm/platform/clock/latency.cpp.obj
 .debug_loc     0x0000144b       0x6d CMakeFiles/MAX31855.dir/modm/src/modm/platform/clock/modm_clock.cpp.obj
 .debug_loc     0x000014b8       0xa3 CMakeFiles/MAX31855.dir/modm/src/modm/platform/clock/systick_timer.cpp.obj
 .debug_loc     0x0000155b      0x120 CMakeFiles/MAX31855.dir/modm/src/modm/platform/core/assert.cpp.obj
 .debug_loc     0x0000167b      0x339 CMakeFiles/MAX31855.dir/modm/src/modm/platform/core/cxxabi.cpp.obj
 .debug_loc     0x000019b4      0x39c CMakeFiles/MAX31855.dir/modm/src/modm/platform/core/heap_newlib.c.obj
 .debug_loc     0x00001d50       0x84 CMakeFiles/MAX31855.dir/modm/src/modm/platform/core/heap_table.c.obj
 .debug_loc     0x00001dd4      0x144 CMakeFiles/MAX31855.dir/modm/src/modm/platform/core/startup.c.obj
 .debug_loc     0x00001f18       0x13 CMakeFiles/MAX31855.dir/modm/src/modm/platform/core/vectors.c.obj
 .debug_loc     0x00001f2b      0x7c9 CMakeFiles/MAX31855.dir/modm/src/modm/platform/i2c/i2c_master_1.cpp.obj
 .debug_loc     0x000026f4      0x7cb CMakeFiles/MAX31855.dir/modm/src/modm/platform/i2c/i2c_master_2.cpp.obj
 .debug_loc     0x00002ebf      0x67a CMakeFiles/MAX31855.dir/modm/src/modm/platform/uart/uart_1.cpp.obj
 .debug_loc     0x00003539      0x67a CMakeFiles/MAX31855.dir/modm/src/modm/platform/uart/uart_2.cpp.obj
 .debug_loc     0x00003bb3      0x503 CMakeFiles/MAX31855.dir/src/common/board.cpp.obj
 .debug_loc     0x000040b6      0x35e CMakeFiles/MAX31855.dir/src/MAX31855/main.cpp.obj

.debug_macinfo
 *(.debug_macinfo)

.debug_pubnames
 *(.debug_pubnames)

.debug_pubtypes
 *(.debug_pubtypes)

.debug_ranges   0x00000000      0x9b0
 *(.debug_ranges)
 .debug_ranges  0x00000000       0x20 CMakeFiles/MAX31855.dir/modm/src/modm/debug/error_report.cpp.obj
 .debug_ranges  0x00000020       0x90 CMakeFiles/MAX31855.dir/modm/src/modm/io/iostream.cpp.obj
 .debug_ranges  0x000000b0      0x108 CMakeFiles/MAX31855.dir/modm/src/modm/platform/can/can_1.cpp.obj
 .debug_ranges  0x000001b8       0x48 CMakeFiles/MAX31855.dir/modm/src/modm/platform/clock/clock.cpp.obj
 .debug_ranges  0x00000200       0x28 CMakeFiles/MAX31855.dir/modm/src/modm/platform/clock/delay.cpp.obj
 .debug_ranges  0x00000228       0x10 CMakeFiles/MAX31855.dir/modm/src/modm/platform/clock/latency.cpp.obj
 .debug_ranges  0x00000238       0x20 CMakeFiles/MAX31855.dir/modm/src/modm/platform/clock/modm_clock.cpp.obj
 .debug_ranges  0x00000258       0x30 CMakeFiles/MAX31855.dir/modm/src/modm/platform/clock/systick_timer.cpp.obj
 .debug_ranges  0x00000288       0x20 CMakeFiles/MAX31855.dir/modm/src/modm/platform/core/assert.cpp.obj
 .debug_ranges  0x000002a8       0xe0 CMakeFiles/MAX31855.dir/modm/src/modm/platform/core/cxxabi.cpp.obj
 .debug_ranges  0x00000388       0xb8 CMakeFiles/MAX31855.dir/modm/src/modm/platform/core/heap_newlib.c.obj
 .debug_ranges  0x00000440       0x28 CMakeFiles/MAX31855.dir/modm/src/modm/platform/core/heap_table.c.obj
 .debug_ranges  0x00000468       0x50 CMakeFiles/MAX31855.dir/modm/src/modm/platform/core/startup.c.obj
 .debug_ranges  0x000004b8       0x10 CMakeFiles/MAX31855.dir/modm/src/modm/platform/core/vectors.c.obj
 .debug_ranges  0x000004c8       0x10 CMakeFiles/MAX31855.dir/modm/src/modm/platform/gpio/enable.cpp.obj
 .debug_ranges  0x000004d8      0x118 CMakeFiles/MAX31855.dir/modm/src/modm/platform/i2c/i2c_master_1.cpp.obj
 .debug_ranges  0x000005f0      0x118 CMakeFiles/MAX31855.dir/modm/src/modm/platform/i2c/i2c_master_2.cpp.obj
 .debug_ranges  0x00000708      0x108 CMakeFiles/MAX31855.dir/modm/src/modm/platform/uart/uart_1.cpp.obj
 .debug_ranges  0x00000810      0x108 CMakeFiles/MAX31855.dir/modm/src/modm/platform/uart/uart_2.cpp.obj
 .debug_ranges  0x00000918       0x50 CMakeFiles/MAX31855.dir/src/common/board.cpp.obj
 .debug_ranges  0x00000968       0x48 CMakeFiles/MAX31855.dir/src/MAX31855/main.cpp.obj

.debug_str      0x00000000    0xdbee2
 *(.debug_str)
 .debug_str     0x00000000     0x42ab CMakeFiles/MAX31855.dir/modm/src/modm/debug/error_report.cpp.obj
                               0x4424 (size before relaxing)
 .debug_str     0x000042ab     0xdfb9 CMakeFiles/MAX31855.dir/modm/src/modm/io/iostream.cpp.obj
                              0x12693 (size before relaxing)
 .debug_str     0x00012264    0x889d5 CMakeFiles/MAX31855.dir/modm/src/modm/platform/can/can_1.cpp.obj
                              0x9ae22 (size before relaxing)
 .debug_str     0x0009ac39      0x84f CMakeFiles/MAX31855.dir/modm/src/modm/platform/clock/clock.cpp.obj
                              0x8afd7 (size before relaxing)
 .debug_str     0x0009b488       0xb4 CMakeFiles/MAX31855.dir/modm/src/modm/platform/clock/delay.cpp.obj
                              0x8a84c (size before relaxing)
 .debug_str     0x0009b53c       0xd7 CMakeFiles/MAX31855.dir/modm/src/modm/platform/clock/latency.cpp.obj
                              0x8b020 (size before relaxing)
 .debug_str     0x0009b613      0x6e1 CMakeFiles/MAX31855.dir/modm/src/modm/platform/clock/modm_clock.cpp.obj
                              0x12782 (size before relaxing)
 .debug_str     0x0009bcf4      0x2b9 CMakeFiles/MAX31855.dir/modm/src/modm/platform/clock/systick_timer.cpp.obj
                              0x98a66 (size before relaxing)
 .debug_str     0x0009bfad       0xee CMakeFiles/MAX31855.dir/modm/src/modm/platform/core/assert.cpp.obj
                               0xa112 (size before relaxing)
 .debug_str     0x0009c09b     0x11f2 CMakeFiles/MAX31855.dir/modm/src/modm/platform/core/cxxabi.cpp.obj
                               0xc16b (size before relaxing)
 .debug_str     0x0009d28d       0x77 CMakeFiles/MAX31855.dir/modm/src/modm/platform/core/default_handler.sx.obj
                                 0xc6 (size before relaxing)
 .debug_str     0x0009d304      0xa4b CMakeFiles/MAX31855.dir/modm/src/modm/platform/core/heap_newlib.c.obj
                               0x7cad (size before relaxing)
 .debug_str     0x0009dd4f       0xb2 CMakeFiles/MAX31855.dir/modm/src/modm/platform/core/heap_table.c.obj
                               0x409e (size before relaxing)
 .debug_str     0x0009de01      0x234 CMakeFiles/MAX31855.dir/modm/src/modm/platform/core/startup.c.obj
                              0x8a3f6 (size before relaxing)
 .debug_str     0x0009e035       0xa7 CMakeFiles/MAX31855.dir/modm/src/modm/platform/core/vectors.c.obj
                              0x8a281 (size before relaxing)
 .debug_str     0x0009e0dc       0x9d CMakeFiles/MAX31855.dir/modm/src/modm/platform/gpio/enable.cpp.obj
                              0x8a77c (size before relaxing)
 .debug_str     0x0009e179      0xcb4 CMakeFiles/MAX31855.dir/modm/src/modm/platform/i2c/i2c_master_1.cpp.obj
                              0x9a451 (size before relaxing)
 .debug_str     0x0009ee2d      0x1c1 CMakeFiles/MAX31855.dir/modm/src/modm/platform/i2c/i2c_master_2.cpp.obj
                              0x9a451 (size before relaxing)
 .debug_str     0x0009efee     0x2b2a CMakeFiles/MAX31855.dir/modm/src/modm/platform/uart/uart_1.cpp.obj
                              0x9c3f0 (size before relaxing)
 .debug_str     0x000a1b18      0x7dd CMakeFiles/MAX31855.dir/modm/src/modm/platform/uart/uart_2.cpp.obj
                              0x9c3f0 (size before relaxing)
 .debug_str     0x000a22f5    0x38f80 CMakeFiles/MAX31855.dir/src/common/board.cpp.obj
                              0xd6f43 (size before relaxing)
 .debug_str     0x000db275      0xc6d CMakeFiles/MAX31855.dir/src/MAX31855/main.cpp.obj
                              0xd3d17 (size before relaxing)

.comment        0x00000000       0x7f
 *(.comment)
 .comment       0x00000000       0x7f CMakeFiles/MAX31855.dir/modm/src/modm/debug/error_report.cpp.obj
                                 0x80 (size before relaxing)
 .comment       0x0000007f       0x80 CMakeFiles/MAX31855.dir/modm/src/modm/io/iostream.cpp.obj
 .comment       0x0000007f       0x80 CMakeFiles/MAX31855.dir/modm/src/modm/platform/can/can_1.cpp.obj
 .comment       0x0000007f       0x80 CMakeFiles/MAX31855.dir/modm/src/modm/platform/clock/clock.cpp.obj
 .comment       0x0000007f       0x80 CMakeFiles/MAX31855.dir/modm/src/modm/platform/clock/delay.cpp.obj
 .comment       0x0000007f       0x80 CMakeFiles/MAX31855.dir/modm/src/modm/platform/clock/latency.cpp.obj
 .comment       0x0000007f       0x80 CMakeFiles/MAX31855.dir/modm/src/modm/platform/clock/modm_clock.cpp.obj
 .comment       0x0000007f       0x80 CMakeFiles/MAX31855.dir/modm/src/modm/platform/clock/systick_timer.cpp.obj
 .comment       0x0000007f       0x80 CMakeFiles/MAX31855.dir/modm/src/modm/platform/core/assert.cpp.obj
 .comment       0x0000007f       0x80 CMakeFiles/MAX31855.dir/modm/src/modm/platform/core/cxxabi.cpp.obj
 .comment       0x0000007f       0x80 CMakeFiles/MAX31855.dir/modm/src/modm/platform/core/heap_newlib.c.obj
 .comment       0x0000007f       0x80 CMakeFiles/MAX31855.dir/modm/src/modm/platform/core/heap_table.c.obj
 .comment       0x0000007f       0x80 CMakeFiles/MAX31855.dir/modm/src/modm/platform/core/startup.c.obj
 .comment       0x0000007f       0x80 CMakeFiles/MAX31855.dir/modm/src/modm/platform/core/vectors.c.obj
 .comment       0x0000007f       0x80 CMakeFiles/MAX31855.dir/modm/src/modm/platform/gpio/enable.cpp.obj
 .comment       0x0000007f       0x80 CMakeFiles/MAX31855.dir/modm/src/modm/platform/i2c/i2c_master_1.cpp.obj
 .comment       0x0000007f       0x80 CMakeFiles/MAX31855.dir/modm/src/modm/platform/i2c/i2c_master_2.cpp.obj
 .comment       0x0000007f       0x80 CMakeFiles/MAX31855.dir/modm/src/modm/platform/uart/uart_1.cpp.obj
 .comment       0x0000007f       0x80 CMakeFiles/MAX31855.dir/modm/src/modm/platform/uart/uart_2.cpp.obj
 .comment       0x0000007f       0x80 CMakeFiles/MAX31855.dir/src/common/board.cpp.obj
 .comment       0x0000007f       0x80 CMakeFiles/MAX31855.dir/src/MAX31855/main.cpp.obj

.ARM.attributes
                0x00000000       0x37
 *(.ARM.attributes)
 .ARM.attributes
                0x00000000       0x39 CMakeFiles/MAX31855.dir/modm/src/modm/architecture/driver/atomic/flag.cpp.obj
 .ARM.attributes
                0x00000039       0x39 CMakeFiles/MAX31855.dir/modm/src/modm/architecture/interface/can.cpp.obj
 .ARM.attributes
                0x00000072       0x39 CMakeFiles/MAX31855.dir/modm/src/modm/architecture/interface/can_message.cpp.obj
 .ARM.attributes
                0x000000ab       0x39 CMakeFiles/MAX31855.dir/modm/src/modm/architecture/interface/i2c.cpp.obj
 .ARM.attributes
                0x000000e4       0x39 CMakeFiles/MAX31855.dir/modm/src/modm/container/smart_pointer.cpp.obj
 .ARM.attributes
                0x0000011d       0x39 CMakeFiles/MAX31855.dir/modm/src/modm/debug/error_report.cpp.obj
 .ARM.attributes
                0x00000156       0x39 CMakeFiles/MAX31855.dir/modm/src/modm/io/iodevice.cpp.obj
 .ARM.attributes
                0x0000018f       0x39 CMakeFiles/MAX31855.dir/modm/src/modm/io/iostream.cpp.obj
 .ARM.attributes
                0x000001c8       0x39 CMakeFiles/MAX31855.dir/modm/src/modm/io/iostream_float.cpp.obj
 .ARM.attributes
                0x00000201       0x39 CMakeFiles/MAX31855.dir/modm/src/modm/io/iostream_printf.cpp.obj
 .ARM.attributes
                0x0000023a       0x39 CMakeFiles/MAX31855.dir/modm/src/modm/math/utils/bit_operation.cpp.obj
 .ARM.attributes
                0x00000273       0x39 CMakeFiles/MAX31855.dir/modm/src/modm/math/utils/pc/operator.cpp.obj
 .ARM.attributes
                0x000002ac       0x39 CMakeFiles/MAX31855.dir/modm/src/modm/platform/can/can_1.cpp.obj
 .ARM.attributes
                0x000002e5       0x39 CMakeFiles/MAX31855.dir/modm/src/modm/platform/can/can_filter.cpp.obj
 .ARM.attributes
                0x0000031e       0x39 CMakeFiles/MAX31855.dir/modm/src/modm/platform/clock/clock.cpp.obj
 .ARM.attributes
                0x00000357       0x39 CMakeFiles/MAX31855.dir/modm/src/modm/platform/clock/delay.cpp.obj
 .ARM.attributes
                0x00000390       0x39 CMakeFiles/MAX31855.dir/modm/src/modm/platform/clock/latency.cpp.obj
 .ARM.attributes
                0x000003c9       0x39 CMakeFiles/MAX31855.dir/modm/src/modm/platform/clock/modm_clock.cpp.obj
 .ARM.attributes
                0x00000402       0x39 CMakeFiles/MAX31855.dir/modm/src/modm/platform/clock/systick_timer.cpp.obj
 .ARM.attributes
                0x0000043b       0x39 CMakeFiles/MAX31855.dir/modm/src/modm/platform/core/assert.cpp.obj
 .ARM.attributes
                0x00000474       0x39 CMakeFiles/MAX31855.dir/modm/src/modm/platform/core/cxxabi.cpp.obj
 .ARM.attributes
                0x000004ad       0x25 CMakeFiles/MAX31855.dir/modm/src/modm/platform/core/default_handler.sx.obj
 .ARM.attributes
                0x000004d2       0x39 CMakeFiles/MAX31855.dir/modm/src/modm/platform/core/heap_newlib.c.obj
 .ARM.attributes
                0x0000050b       0x39 CMakeFiles/MAX31855.dir/modm/src/modm/platform/core/heap_table.c.obj
 .ARM.attributes
                0x00000544       0x39 CMakeFiles/MAX31855.dir/modm/src/modm/platform/core/startup.c.obj
 .ARM.attributes
                0x0000057d       0x39 CMakeFiles/MAX31855.dir/modm/src/modm/platform/core/vectors.c.obj
 .ARM.attributes
                0x000005b6       0x39 CMakeFiles/MAX31855.dir/modm/src/modm/platform/gpio/enable.cpp.obj
 .ARM.attributes
                0x000005ef       0x39 CMakeFiles/MAX31855.dir/modm/src/modm/platform/i2c/i2c_master_1.cpp.obj
 .ARM.attributes
                0x00000628       0x39 CMakeFiles/MAX31855.dir/modm/src/modm/platform/i2c/i2c_master_2.cpp.obj
 .ARM.attributes
                0x00000661       0x39 CMakeFiles/MAX31855.dir/modm/src/modm/platform/spi/spi_master_1.cpp.obj
 .ARM.attributes
                0x0000069a       0x39 CMakeFiles/MAX31855.dir/modm/src/modm/platform/spi/spi_master_2.cpp.obj
 .ARM.attributes
                0x000006d3       0x39 CMakeFiles/MAX31855.dir/modm/src/modm/platform/uart/uart_1.cpp.obj
 .ARM.attributes
                0x0000070c       0x39 CMakeFiles/MAX31855.dir/modm/src/modm/platform/uart/uart_2.cpp.obj
 .ARM.attributes
                0x00000745       0x39 CMakeFiles/MAX31855.dir/modm/src/modm/utils/dummy.cpp.obj
 .ARM.attributes
                0x0000077e       0x39 CMakeFiles/MAX31855.dir/src/common/board.cpp.obj
 .ARM.attributes
                0x000007b7       0x39 CMakeFiles/MAX31855.dir/src/MAX31855/MAX31855.cpp.obj
 .ARM.attributes
                0x000007f0       0x39 CMakeFiles/MAX31855.dir/src/MAX31855/main.cpp.obj
 .ARM.attributes
                0x00000829       0x34 c:/users/jakob/scoop/apps/gcc-arm-none-eabi/current/bin/../lib/gcc/arm-none-eabi/7.3.1/../../../../arm-none-eabi/lib/thumb/v7e-m/fpv4-sp/hard\libm.a(lib_a-s_round.o)
 .ARM.attributes
                0x0000085d       0x34 c:/users/jakob/scoop/apps/gcc-arm-none-eabi/current/bin/../lib/gcc/arm-none-eabi/7.3.1/../../../../arm-none-eabi/lib/thumb/v7e-m/fpv4-sp/hard\libm.a(lib_a-w_sqrt.o)
 .ARM.attributes
                0x00000891       0x34 c:/users/jakob/scoop/apps/gcc-arm-none-eabi/current/bin/../lib/gcc/arm-none-eabi/7.3.1/../../../../arm-none-eabi/lib/thumb/v7e-m/fpv4-sp/hard\libm.a(lib_a-e_sqrt.o)
 .ARM.attributes
                0x000008c5       0x34 c:/users/jakob/scoop/apps/gcc-arm-none-eabi/current/bin/../lib/gcc/arm-none-eabi/7.3.1/../../../../arm-none-eabi/lib/thumb/v7e-m/fpv4-sp/hard\libm.a(lib_a-s_lib_ver.o)
 .ARM.attributes
                0x000008f9       0x34 c:/users/jakob/scoop/apps/gcc-arm-none-eabi/current/bin/../lib/gcc/arm-none-eabi/7.3.1/../../../../arm-none-eabi/lib/thumb/v7e-m/fpv4-sp/hard\libm.a(lib_a-s_matherr.o)
 .ARM.attributes
                0x0000092d       0x22 c:/users/jakob/scoop/apps/gcc-arm-none-eabi/current/bin/../lib/gcc/arm-none-eabi/7.3.1/thumb/v7e-m/fpv4-sp/hard\libgcc.a(_arm_addsubdf3.o)
 .ARM.attributes
                0x0000094f       0x22 c:/users/jakob/scoop/apps/gcc-arm-none-eabi/current/bin/../lib/gcc/arm-none-eabi/7.3.1/thumb/v7e-m/fpv4-sp/hard\libgcc.a(_arm_muldivdf3.o)
 .ARM.attributes
                0x00000971       0x22 c:/users/jakob/scoop/apps/gcc-arm-none-eabi/current/bin/../lib/gcc/arm-none-eabi/7.3.1/thumb/v7e-m/fpv4-sp/hard\libgcc.a(_arm_cmpdf2.o)
 .ARM.attributes
                0x00000993       0x22 c:/users/jakob/scoop/apps/gcc-arm-none-eabi/current/bin/../lib/gcc/arm-none-eabi/7.3.1/thumb/v7e-m/fpv4-sp/hard\libgcc.a(_arm_unorddf2.o)
 .ARM.attributes
                0x000009b5       0x22 c:/users/jakob/scoop/apps/gcc-arm-none-eabi/current/bin/../lib/gcc/arm-none-eabi/7.3.1/thumb/v7e-m/fpv4-sp/hard\libgcc.a(_arm_fixunsdfsi.o)
 .ARM.attributes
                0x000009d7       0x22 c:/users/jakob/scoop/apps/gcc-arm-none-eabi/current/bin/../lib/gcc/arm-none-eabi/7.3.1/thumb/v7e-m/fpv4-sp/hard\libgcc.a(_arm_truncdfsf2.o)
 .ARM.attributes
                0x000009f9       0x22 c:/users/jakob/scoop/apps/gcc-arm-none-eabi/current/bin/../lib/gcc/arm-none-eabi/7.3.1/thumb/v7e-m/fpv4-sp/hard\libgcc.a(_aeabi_uldivmod.o)
 .ARM.attributes
                0x00000a1b       0x34 c:/users/jakob/scoop/apps/gcc-arm-none-eabi/current/bin/../lib/gcc/arm-none-eabi/7.3.1/thumb/v7e-m/fpv4-sp/hard\libgcc.a(_udivmoddi4.o)
 .ARM.attributes
                0x00000a4f       0x22 c:/users/jakob/scoop/apps/gcc-arm-none-eabi/current/bin/../lib/gcc/arm-none-eabi/7.3.1/thumb/v7e-m/fpv4-sp/hard\libgcc.a(_dvmd_tls.o)
 .ARM.attributes
                0x00000a71       0x34 c:/users/jakob/scoop/apps/gcc-arm-none-eabi/current/bin/../lib/gcc/arm-none-eabi/7.3.1/../../../../arm-none-eabi/lib/thumb/v7e-m/fpv4-sp/hard\libg_nano.a(lib_a-errno.o)
 .ARM.attributes
                0x00000aa5       0x34 c:/users/jakob/scoop/apps/gcc-arm-none-eabi/current/bin/../lib/gcc/arm-none-eabi/7.3.1/../../../../arm-none-eabi/lib/thumb/v7e-m/fpv4-sp/hard\libg_nano.a(lib_a-impure.o)
 .ARM.attributes
                0x00000ad9       0x34 c:/users/jakob/scoop/apps/gcc-arm-none-eabi/current/bin/../lib/gcc/arm-none-eabi/7.3.1/../../../../arm-none-eabi/lib/thumb/v7e-m/fpv4-sp/hard\libg_nano.a(lib_a-init.o)
 .ARM.attributes
                0x00000b0d       0x34 c:/users/jakob/scoop/apps/gcc-arm-none-eabi/current/bin/../lib/gcc/arm-none-eabi/7.3.1/../../../../arm-none-eabi/lib/thumb/v7e-m/fpv4-sp/hard\libg_nano.a(lib_a-malloc.o)
 .ARM.attributes
                0x00000b41       0x34 c:/users/jakob/scoop/apps/gcc-arm-none-eabi/current/bin/../lib/gcc/arm-none-eabi/7.3.1/../../../../arm-none-eabi/lib/thumb/v7e-m/fpv4-sp/hard\libg_nano.a(lib_a-nano-callocr.o)
 .ARM.attributes
                0x00000b75       0x34 c:/users/jakob/scoop/apps/gcc-arm-none-eabi/current/bin/../lib/gcc/arm-none-eabi/7.3.1/../../../../arm-none-eabi/lib/thumb/v7e-m/fpv4-sp/hard\libg_nano.a(lib_a-nano-freer.o)
 .ARM.attributes
                0x00000ba9       0x34 c:/users/jakob/scoop/apps/gcc-arm-none-eabi/current/bin/../lib/gcc/arm-none-eabi/7.3.1/../../../../arm-none-eabi/lib/thumb/v7e-m/fpv4-sp/hard\libg_nano.a(lib_a-nano-mallocr.o)
 .ARM.attributes
                0x00000bdd       0x34 c:/users/jakob/scoop/apps/gcc-arm-none-eabi/current/bin/../lib/gcc/arm-none-eabi/7.3.1/../../../../arm-none-eabi/lib/thumb/v7e-m/fpv4-sp/hard\libg_nano.a(lib_a-nano-reallocr.o)
 .ARM.attributes
                0x00000c11       0x1b c:/users/jakob/scoop/apps/gcc-arm-none-eabi/current/bin/../lib/gcc/arm-none-eabi/7.3.1/../../../../arm-none-eabi/lib/thumb/v7e-m/fpv4-sp/hard\libg_nano.a(lib_a-strlen.o)
 .ARM.attributes
                0x00000c2c       0x34 c:/users/jakob/scoop/apps/gcc-arm-none-eabi/current/bin/../lib/gcc/arm-none-eabi/7.3.1/../../../../arm-none-eabi/lib/thumb/v7e-m/fpv4-sp/hard\libg_nano.a(lib_a-memcpy-stub.o)
 .ARM.attributes
                0x00000c60       0x34 c:/users/jakob/scoop/apps/gcc-arm-none-eabi/current/bin/../lib/gcc/arm-none-eabi/7.3.1/../../../../arm-none-eabi/lib/thumb/v7e-m/fpv4-sp/hard\libg_nano.a(lib_a-memset.o)
 .ARM.attributes
                0x00000c94       0x34 c:/users/jakob/scoop/apps/gcc-arm-none-eabi/current/bin/../lib/gcc/arm-none-eabi/7.3.1/../../../../arm-none-eabi/lib/thumb/v7e-m/fpv4-sp/hard\libg_nano.a(lib_a-mlock.o)
 .ARM.attributes
                0x00000cc8       0x34 c:/users/jakob/scoop/apps/gcc-arm-none-eabi/current/bin/../lib/gcc/arm-none-eabi/7.3.1/../../../../arm-none-eabi/lib/thumb/v7e-m/fpv4-sp/hard\libg_nano.a(lib_a-nano-msizer.o)

/DISCARD/
 *(.note.GNU-stack)
OUTPUT(MAX31855.elf elf32-littlearm)

.debug_macro    0x00000000     0x7e5a
 .debug_macro   0x00000000       0x72 CMakeFiles/MAX31855.dir/modm/src/modm/debug/error_report.cpp.obj
 .debug_macro   0x00000072      0x37b CMakeFiles/MAX31855.dir/modm/src/modm/io/iostream.cpp.obj
 .debug_macro   0x000003ed       0x10 CMakeFiles/MAX31855.dir/modm/src/modm/io/iostream.cpp.obj
 .debug_macro   0x000003fd       0x16 CMakeFiles/MAX31855.dir/modm/src/modm/io/iostream.cpp.obj
 .debug_macro   0x00000413      0x10e CMakeFiles/MAX31855.dir/modm/src/modm/io/iostream.cpp.obj
 .debug_macro   0x00000521       0x94 CMakeFiles/MAX31855.dir/modm/src/modm/io/iostream.cpp.obj
 .debug_macro   0x000005b5       0x22 CMakeFiles/MAX31855.dir/modm/src/modm/io/iostream.cpp.obj
 .debug_macro   0x000005d7       0x1c CMakeFiles/MAX31855.dir/modm/src/modm/io/iostream.cpp.obj
 .debug_macro   0x000005f3       0xde CMakeFiles/MAX31855.dir/modm/src/modm/io/iostream.cpp.obj
 .debug_macro   0x000006d1       0xf6 CMakeFiles/MAX31855.dir/modm/src/modm/io/iostream.cpp.obj
 .debug_macro   0x000007c7       0x86 CMakeFiles/MAX31855.dir/modm/src/modm/io/iostream.cpp.obj
 .debug_macro   0x0000084d       0x18 CMakeFiles/MAX31855.dir/modm/src/modm/io/iostream.cpp.obj
 .debug_macro   0x00000865       0xd7 CMakeFiles/MAX31855.dir/modm/src/modm/io/iostream.cpp.obj
 .debug_macro   0x0000093c      0x3d4 CMakeFiles/MAX31855.dir/modm/src/modm/io/iostream.cpp.obj
 .debug_macro   0x00000d10       0x16 CMakeFiles/MAX31855.dir/modm/src/modm/io/iostream.cpp.obj
 .debug_macro   0x00000d26       0x1c CMakeFiles/MAX31855.dir/modm/src/modm/io/iostream.cpp.obj
 .debug_macro   0x00000d42       0x6e CMakeFiles/MAX31855.dir/modm/src/modm/io/iostream.cpp.obj
 .debug_macro   0x00000db0       0x28 CMakeFiles/MAX31855.dir/modm/src/modm/io/iostream.cpp.obj
 .debug_macro   0x00000dd8       0x18 CMakeFiles/MAX31855.dir/modm/src/modm/io/iostream.cpp.obj
 .debug_macro   0x00000df0       0x2e CMakeFiles/MAX31855.dir/modm/src/modm/io/iostream.cpp.obj
 .debug_macro   0x00000e1e       0x1f CMakeFiles/MAX31855.dir/modm/src/modm/io/iostream.cpp.obj
 .debug_macro   0x00000e3d       0x76 CMakeFiles/MAX31855.dir/modm/src/modm/io/iostream.cpp.obj
 .debug_macro   0x00000eb3       0x19 CMakeFiles/MAX31855.dir/modm/src/modm/io/iostream.cpp.obj
 .debug_macro   0x00000ecc       0x11 CMakeFiles/MAX31855.dir/modm/src/modm/io/iostream.cpp.obj
 .debug_macro   0x00000edd       0x11 CMakeFiles/MAX31855.dir/modm/src/modm/io/iostream.cpp.obj
 .debug_macro   0x00000eee       0x17 CMakeFiles/MAX31855.dir/modm/src/modm/io/iostream.cpp.obj
 .debug_macro   0x00000f05       0x17 CMakeFiles/MAX31855.dir/modm/src/modm/io/iostream.cpp.obj
 .debug_macro   0x00000f1c       0x17 CMakeFiles/MAX31855.dir/modm/src/modm/io/iostream.cpp.obj
 .debug_macro   0x00000f33       0x17 CMakeFiles/MAX31855.dir/modm/src/modm/io/iostream.cpp.obj
 .debug_macro   0x00000f4a       0x17 CMakeFiles/MAX31855.dir/modm/src/modm/io/iostream.cpp.obj
 .debug_macro   0x00000f61       0x16 CMakeFiles/MAX31855.dir/modm/src/modm/io/iostream.cpp.obj
 .debug_macro   0x00000f77       0x28 CMakeFiles/MAX31855.dir/modm/src/modm/io/iostream.cpp.obj
 .debug_macro   0x00000f9f      0x5ec CMakeFiles/MAX31855.dir/modm/src/modm/platform/can/can_1.cpp.obj
 .debug_macro   0x0000158b       0x10 CMakeFiles/MAX31855.dir/modm/src/modm/platform/can/can_1.cpp.obj
 .debug_macro   0x0000159b       0x19 CMakeFiles/MAX31855.dir/modm/src/modm/platform/can/can_1.cpp.obj
 .debug_macro   0x000015b4       0x18 CMakeFiles/MAX31855.dir/modm/src/modm/platform/can/can_1.cpp.obj
 .debug_macro   0x000015cc       0x16 CMakeFiles/MAX31855.dir/modm/src/modm/platform/can/can_1.cpp.obj
 .debug_macro   0x000015e2       0x28 CMakeFiles/MAX31855.dir/modm/src/modm/platform/can/can_1.cpp.obj
 .debug_macro   0x0000160a       0x22 CMakeFiles/MAX31855.dir/modm/src/modm/platform/can/can_1.cpp.obj
 .debug_macro   0x0000162c       0xd9 CMakeFiles/MAX31855.dir/modm/src/modm/platform/can/can_1.cpp.obj
 .debug_macro   0x00001705       0xfd CMakeFiles/MAX31855.dir/modm/src/modm/platform/clock/clock.cpp.obj
 .debug_macro   0x00001802       0xf3 CMakeFiles/MAX31855.dir/modm/src/modm/platform/clock/delay.cpp.obj
 .debug_macro   0x000018f5       0xfd CMakeFiles/MAX31855.dir/modm/src/modm/platform/clock/latency.cpp.obj
 .debug_macro   0x000019f2      0x345 CMakeFiles/MAX31855.dir/modm/src/modm/platform/clock/modm_clock.cpp.obj
 .debug_macro   0x00001d37      0x3f7 CMakeFiles/MAX31855.dir/modm/src/modm/platform/clock/systick_timer.cpp.obj
 .debug_macro   0x0000212e      0x34d CMakeFiles/MAX31855.dir/modm/src/modm/platform/clock/systick_timer.cpp.obj
 .debug_macro   0x0000247b      0x1f5 CMakeFiles/MAX31855.dir/modm/src/modm/platform/core/assert.cpp.obj
 .debug_macro   0x00002670      0x2fd CMakeFiles/MAX31855.dir/modm/src/modm/platform/core/cxxabi.cpp.obj
 .debug_macro   0x0000296d       0x35 CMakeFiles/MAX31855.dir/modm/src/modm/platform/core/cxxabi.cpp.obj
 .debug_macro   0x000029a2      0x1a0 CMakeFiles/MAX31855.dir/modm/src/modm/platform/core/heap_newlib.c.obj
 .debug_macro   0x00002b42      0xa4e CMakeFiles/MAX31855.dir/modm/src/modm/platform/core/heap_newlib.c.obj
 .debug_macro   0x00003590       0x94 CMakeFiles/MAX31855.dir/modm/src/modm/platform/core/heap_newlib.c.obj
 .debug_macro   0x00003624       0x34 CMakeFiles/MAX31855.dir/modm/src/modm/platform/core/heap_newlib.c.obj
 .debug_macro   0x00003658      0x10e CMakeFiles/MAX31855.dir/modm/src/modm/platform/core/heap_newlib.c.obj
 .debug_macro   0x00003766       0x8d CMakeFiles/MAX31855.dir/modm/src/modm/platform/core/heap_newlib.c.obj
 .debug_macro   0x000037f3       0x43 CMakeFiles/MAX31855.dir/modm/src/modm/platform/core/heap_newlib.c.obj
 .debug_macro   0x00003836      0x330 CMakeFiles/MAX31855.dir/modm/src/modm/platform/core/heap_newlib.c.obj
 .debug_macro   0x00003b66       0x16 CMakeFiles/MAX31855.dir/modm/src/modm/platform/core/heap_newlib.c.obj
 .debug_macro   0x00003b7c       0x29 CMakeFiles/MAX31855.dir/modm/src/modm/platform/core/heap_newlib.c.obj
 .debug_macro   0x00003ba5       0x35 CMakeFiles/MAX31855.dir/modm/src/modm/platform/core/heap_newlib.c.obj
 .debug_macro   0x00003bda       0x16 CMakeFiles/MAX31855.dir/modm/src/modm/platform/core/heap_newlib.c.obj
 .debug_macro   0x00003bf0       0x10 CMakeFiles/MAX31855.dir/modm/src/modm/platform/core/heap_newlib.c.obj
 .debug_macro   0x00003c00      0x241 CMakeFiles/MAX31855.dir/modm/src/modm/platform/core/heap_newlib.c.obj
 .debug_macro   0x00003e41       0x22 CMakeFiles/MAX31855.dir/modm/src/modm/platform/core/heap_newlib.c.obj
 .debug_macro   0x00003e63       0xbd CMakeFiles/MAX31855.dir/modm/src/modm/platform/core/heap_newlib.c.obj
 .debug_macro   0x00003f20       0x6c CMakeFiles/MAX31855.dir/modm/src/modm/platform/core/heap_table.c.obj
 .debug_macro   0x00003f8c      0x174 CMakeFiles/MAX31855.dir/modm/src/modm/platform/core/heap_table.c.obj
 .debug_macro   0x00004100       0x8e CMakeFiles/MAX31855.dir/modm/src/modm/platform/core/heap_table.c.obj
 .debug_macro   0x0000418e       0xfc CMakeFiles/MAX31855.dir/modm/src/modm/platform/core/startup.c.obj
 .debug_macro   0x0000428a     0x1003 CMakeFiles/MAX31855.dir/modm/src/modm/platform/core/startup.c.obj
 .debug_macro   0x0000528d       0xfc CMakeFiles/MAX31855.dir/modm/src/modm/platform/core/vectors.c.obj
 .debug_macro   0x00005389       0xe9 CMakeFiles/MAX31855.dir/modm/src/modm/platform/gpio/enable.cpp.obj
 .debug_macro   0x00005472      0x5e4 CMakeFiles/MAX31855.dir/modm/src/modm/platform/i2c/i2c_master_1.cpp.obj
 .debug_macro   0x00005a56      0x5e4 CMakeFiles/MAX31855.dir/modm/src/modm/platform/i2c/i2c_master_2.cpp.obj
 .debug_macro   0x0000603a      0x4df CMakeFiles/MAX31855.dir/modm/src/modm/platform/uart/uart_1.cpp.obj
 .debug_macro   0x00006519       0x10 CMakeFiles/MAX31855.dir/modm/src/modm/platform/uart/uart_1.cpp.obj
 .debug_macro   0x00006529      0x4df CMakeFiles/MAX31855.dir/modm/src/modm/platform/uart/uart_2.cpp.obj
 .debug_macro   0x00006a08      0x9a8 CMakeFiles/MAX31855.dir/src/common/board.cpp.obj
 .debug_macro   0x000073b0       0x16 CMakeFiles/MAX31855.dir/src/common/board.cpp.obj
 .debug_macro   0x000073c6       0x34 CMakeFiles/MAX31855.dir/src/common/board.cpp.obj
 .debug_macro   0x000073fa      0xa0a CMakeFiles/MAX31855.dir/src/MAX31855/main.cpp.obj
 .debug_macro   0x00007e04       0x46 CMakeFiles/MAX31855.dir/src/MAX31855/main.cpp.obj
 .debug_macro   0x00007e4a       0x10 CMakeFiles/MAX31855.dir/src/MAX31855/main.cpp.obj

Cross Reference Table

Symbol                                            File
ADC_IRQHandler                                    CMakeFiles/MAX31855.dir/modm/src/modm/platform/core/vectors.c.obj
BusFault_Handler                                  CMakeFiles/MAX31855.dir/modm/src/modm/platform/core/vectors.c.obj
CAN1_RX0_IRQHandler                               CMakeFiles/MAX31855.dir/modm/src/modm/platform/can/can_1.cpp.obj
CAN1_RX1_IRQHandler                               CMakeFiles/MAX31855.dir/modm/src/modm/platform/can/can_1.cpp.obj
CAN1_SCE_IRQHandler                               CMakeFiles/MAX31855.dir/modm/src/modm/platform/core/vectors.c.obj
CAN1_TX_IRQHandler                                CMakeFiles/MAX31855.dir/modm/src/modm/platform/can/can_1.cpp.obj
CAN2_RX0_IRQHandler                               CMakeFiles/MAX31855.dir/modm/src/modm/platform/core/vectors.c.obj
CAN2_RX1_IRQHandler                               CMakeFiles/MAX31855.dir/modm/src/modm/platform/core/vectors.c.obj
CAN2_SCE_IRQHandler                               CMakeFiles/MAX31855.dir/modm/src/modm/platform/core/vectors.c.obj
CAN2_TX_IRQHandler                                CMakeFiles/MAX31855.dir/modm/src/modm/platform/core/vectors.c.obj
CEC_IRQHandler                                    CMakeFiles/MAX31855.dir/modm/src/modm/platform/core/vectors.c.obj
DCMI_IRQHandler                                   CMakeFiles/MAX31855.dir/modm/src/modm/platform/core/vectors.c.obj
DMA1_Stream0_IRQHandler                           CMakeFiles/MAX31855.dir/modm/src/modm/platform/core/vectors.c.obj
DMA1_Stream1_IRQHandler                           CMakeFiles/MAX31855.dir/modm/src/modm/platform/core/vectors.c.obj
DMA1_Stream2_IRQHandler                           CMakeFiles/MAX31855.dir/modm/src/modm/platform/core/vectors.c.obj
DMA1_Stream3_IRQHandler                           CMakeFiles/MAX31855.dir/modm/src/modm/platform/core/vectors.c.obj
DMA1_Stream4_IRQHandler                           CMakeFiles/MAX31855.dir/modm/src/modm/platform/core/vectors.c.obj
DMA1_Stream5_IRQHandler                           CMakeFiles/MAX31855.dir/modm/src/modm/platform/core/vectors.c.obj
DMA1_Stream6_IRQHandler                           CMakeFiles/MAX31855.dir/modm/src/modm/platform/core/vectors.c.obj
DMA1_Stream7_IRQHandler                           CMakeFiles/MAX31855.dir/modm/src/modm/platform/core/vectors.c.obj
DMA2_Stream0_IRQHandler                           CMakeFiles/MAX31855.dir/modm/src/modm/platform/core/vectors.c.obj
DMA2_Stream1_IRQHandler                           CMakeFiles/MAX31855.dir/modm/src/modm/platform/core/vectors.c.obj
DMA2_Stream2_IRQHandler                           CMakeFiles/MAX31855.dir/modm/src/modm/platform/core/vectors.c.obj
DMA2_Stream3_IRQHandler                           CMakeFiles/MAX31855.dir/modm/src/modm/platform/core/vectors.c.obj
DMA2_Stream4_IRQHandler                           CMakeFiles/MAX31855.dir/modm/src/modm/platform/core/vectors.c.obj
DMA2_Stream5_IRQHandler                           CMakeFiles/MAX31855.dir/modm/src/modm/platform/core/vectors.c.obj
DMA2_Stream6_IRQHandler                           CMakeFiles/MAX31855.dir/modm/src/modm/platform/core/vectors.c.obj
DMA2_Stream7_IRQHandler                           CMakeFiles/MAX31855.dir/modm/src/modm/platform/core/vectors.c.obj
DebugMon_Handler                                  CMakeFiles/MAX31855.dir/modm/src/modm/platform/core/vectors.c.obj
EXTI0_IRQHandler                                  CMakeFiles/MAX31855.dir/modm/src/modm/platform/core/vectors.c.obj
EXTI15_10_IRQHandler                              CMakeFiles/MAX31855.dir/modm/src/modm/platform/core/vectors.c.obj
EXTI1_IRQHandler                                  CMakeFiles/MAX31855.dir/modm/src/modm/platform/core/vectors.c.obj
EXTI2_IRQHandler                                  CMakeFiles/MAX31855.dir/modm/src/modm/platform/core/vectors.c.obj
EXTI3_IRQHandler                                  CMakeFiles/MAX31855.dir/modm/src/modm/platform/core/vectors.c.obj
EXTI4_IRQHandler                                  CMakeFiles/MAX31855.dir/modm/src/modm/platform/core/vectors.c.obj
EXTI9_5_IRQHandler                                CMakeFiles/MAX31855.dir/modm/src/modm/platform/core/vectors.c.obj
FLASH_IRQHandler                                  CMakeFiles/MAX31855.dir/modm/src/modm/platform/core/vectors.c.obj
FMC_IRQHandler                                    CMakeFiles/MAX31855.dir/modm/src/modm/platform/core/vectors.c.obj
FMPI2C1_ER_IRQHandler                             CMakeFiles/MAX31855.dir/modm/src/modm/platform/core/vectors.c.obj
FMPI2C1_EV_IRQHandler                             CMakeFiles/MAX31855.dir/modm/src/modm/platform/core/vectors.c.obj
FPU_IRQHandler                                    CMakeFiles/MAX31855.dir/modm/src/modm/platform/core/vectors.c.obj
HardFault_Handler                                 CMakeFiles/MAX31855.dir/modm/src/modm/platform/core/vectors.c.obj
I2C1_ER_IRQHandler                                CMakeFiles/MAX31855.dir/modm/src/modm/platform/i2c/i2c_master_1.cpp.obj
                                                  CMakeFiles/MAX31855.dir/modm/src/modm/platform/core/vectors.c.obj
I2C1_EV_IRQHandler                                CMakeFiles/MAX31855.dir/modm/src/modm/platform/i2c/i2c_master_1.cpp.obj
                                                  CMakeFiles/MAX31855.dir/modm/src/modm/platform/core/vectors.c.obj
I2C2_ER_IRQHandler                                CMakeFiles/MAX31855.dir/modm/src/modm/platform/i2c/i2c_master_2.cpp.obj
                                                  CMakeFiles/MAX31855.dir/modm/src/modm/platform/core/vectors.c.obj
I2C2_EV_IRQHandler                                CMakeFiles/MAX31855.dir/modm/src/modm/platform/i2c/i2c_master_2.cpp.obj
                                                  CMakeFiles/MAX31855.dir/modm/src/modm/platform/core/vectors.c.obj
I2C3_ER_IRQHandler                                CMakeFiles/MAX31855.dir/modm/src/modm/platform/core/vectors.c.obj
I2C3_EV_IRQHandler                                CMakeFiles/MAX31855.dir/modm/src/modm/platform/core/vectors.c.obj
MemManage_Handler                                 CMakeFiles/MAX31855.dir/modm/src/modm/platform/core/vectors.c.obj
NMI_Handler                                       CMakeFiles/MAX31855.dir/modm/src/modm/platform/core/vectors.c.obj
OTG_FS_IRQHandler                                 CMakeFiles/MAX31855.dir/modm/src/modm/platform/core/vectors.c.obj
OTG_FS_WKUP_IRQHandler                            CMakeFiles/MAX31855.dir/modm/src/modm/platform/core/vectors.c.obj
OTG_HS_EP1_IN_IRQHandler                          CMakeFiles/MAX31855.dir/modm/src/modm/platform/core/vectors.c.obj
OTG_HS_EP1_OUT_IRQHandler                         CMakeFiles/MAX31855.dir/modm/src/modm/platform/core/vectors.c.obj
OTG_HS_IRQHandler                                 CMakeFiles/MAX31855.dir/modm/src/modm/platform/core/vectors.c.obj
OTG_HS_WKUP_IRQHandler                            CMakeFiles/MAX31855.dir/modm/src/modm/platform/core/vectors.c.obj
PVD_IRQHandler                                    CMakeFiles/MAX31855.dir/modm/src/modm/platform/core/vectors.c.obj
PendSV_Handler                                    CMakeFiles/MAX31855.dir/modm/src/modm/platform/core/vectors.c.obj
QUADSPI_IRQHandler                                CMakeFiles/MAX31855.dir/modm/src/modm/platform/core/vectors.c.obj
RCC_IRQHandler                                    CMakeFiles/MAX31855.dir/modm/src/modm/platform/core/vectors.c.obj
RTC_Alarm_IRQHandler                              CMakeFiles/MAX31855.dir/modm/src/modm/platform/core/vectors.c.obj
RTC_WKUP_IRQHandler                               CMakeFiles/MAX31855.dir/modm/src/modm/platform/core/vectors.c.obj
Reset_Handler                                     CMakeFiles/MAX31855.dir/modm/src/modm/platform/core/startup.c.obj
                                                  CMakeFiles/MAX31855.dir/modm/src/modm/platform/core/vectors.c.obj
SAI1_IRQHandler                                   CMakeFiles/MAX31855.dir/modm/src/modm/platform/core/vectors.c.obj